Component: ARM Compiler 5.06 update 7 (build 960) Tool: armlink [4d3601]

==============================================================================

Section Cross References

    startup_stm32f411xe.o(RESET) refers to startup_stm32f411xe.o(STACK) for __initial_sp
    startup_stm32f411xe.o(RESET) refers to startup_stm32f411xe.o(.text) for Reset_Handler
    startup_stm32f411xe.o(RESET) refers to stm32f4xx_it.o(i.NMI_Handler) for NMI_Handler
    startup_stm32f411xe.o(RESET) refers to stm32f4xx_it.o(i.HardFault_Handler) for HardFault_Handler
    startup_stm32f411xe.o(RESET) refers to stm32f4xx_it.o(i.MemManage_Handler) for MemManage_Handler
    startup_stm32f411xe.o(RESET) refers to stm32f4xx_it.o(i.BusFault_Handler) for BusFault_Handler
    startup_stm32f411xe.o(RESET) refers to stm32f4xx_it.o(i.UsageFault_Handler) for UsageFault_Handler
    startup_stm32f411xe.o(RESET) refers to stm32f4xx_it.o(i.SVC_Handler) for SVC_Handler
    startup_stm32f411xe.o(RESET) refers to stm32f4xx_it.o(i.DebugMon_Handler) for DebugMon_Handler
    startup_stm32f411xe.o(RESET) refers to stm32f4xx_it.o(i.PendSV_Handler) for PendSV_Handler
    startup_stm32f411xe.o(RESET) refers to stm32f4xx_it.o(i.SysTick_Handler) for SysTick_Handler
    startup_stm32f411xe.o(RESET) refers to stm32f4xx_it.o(i.RCC_IRQHandler) for RCC_IRQHandler
    startup_stm32f411xe.o(RESET) refers to stm32f4xx_it.o(i.DMA1_Stream3_IRQHandler) for DMA1_Stream3_IRQHandler
    startup_stm32f411xe.o(RESET) refers to stm32f4xx_it.o(i.EXTI9_5_IRQHandler) for EXTI9_5_IRQHandler
    startup_stm32f411xe.o(RESET) refers to stm32f4xx_it.o(i.TIM3_IRQHandler) for TIM3_IRQHandler
    startup_stm32f411xe.o(RESET) refers to stm32f4xx_it.o(i.I2C1_EV_IRQHandler) for I2C1_EV_IRQHandler
    startup_stm32f411xe.o(RESET) refers to stm32f4xx_it.o(i.I2C1_ER_IRQHandler) for I2C1_ER_IRQHandler
    startup_stm32f411xe.o(RESET) refers to stm32f4xx_it.o(i.SPI1_IRQHandler) for SPI1_IRQHandler
    startup_stm32f411xe.o(RESET) refers to stm32f4xx_it.o(i.SPI2_IRQHandler) for SPI2_IRQHandler
    startup_stm32f411xe.o(RESET) refers to stm32f4xx_it.o(i.USART1_IRQHandler) for USART1_IRQHandler
    startup_stm32f411xe.o(RESET) refers to stm32f4xx_it.o(i.USART2_IRQHandler) for USART2_IRQHandler
    startup_stm32f411xe.o(RESET) refers to stm32f4xx_it.o(i.DMA2_Stream2_IRQHandler) for DMA2_Stream2_IRQHandler
    startup_stm32f411xe.o(RESET) refers to stm32f4xx_it.o(i.DMA2_Stream4_IRQHandler) for DMA2_Stream4_IRQHandler
    startup_stm32f411xe.o(RESET) refers to stm32f4xx_it.o(i.OTG_FS_IRQHandler) for OTG_FS_IRQHandler
    startup_stm32f411xe.o(RESET) refers to stm32f4xx_it.o(i.DMA2_Stream5_IRQHandler) for DMA2_Stream5_IRQHandler
    startup_stm32f411xe.o(RESET) refers to stm32f4xx_it.o(i.DMA2_Stream7_IRQHandler) for DMA2_Stream7_IRQHandler
    startup_stm32f411xe.o(.text) refers to system_stm32f4xx.o(i.SystemInit) for SystemInit
    startup_stm32f411xe.o(.text) refers to entry.o(.ARM.Collect$$$$00000000) for __main
    usbd_uvc_if.o(i.UVC_Init_FS) refers to usbd_uvc.o(i.USBD_UVC_SetTxBuffer) for USBD_UVC_SetTxBuffer
    usbd_uvc_if.o(i.UVC_Init_FS) refers to usbd_uvc.o(i.USBD_UVC_SetRxBuffer) for USBD_UVC_SetRxBuffer
    usbd_uvc_if.o(i.UVC_Init_FS) refers to usb_device.o(.bss) for hUsbDeviceFS
    usbd_uvc_if.o(i.UVC_Init_FS) refers to usbd_uvc_if.o(.data) for hUsbDevice_0
    usbd_uvc_if.o(i.UVC_Transmit_FS) refers to stm32f4xx_hal_cortex.o(i.HAL_NVIC_DisableIRQ) for HAL_NVIC_DisableIRQ
    usbd_uvc_if.o(i.UVC_Transmit_FS) refers to usbd_uvc.o(i.USBD_UVC_SetTxBuffer) for USBD_UVC_SetTxBuffer
    usbd_uvc_if.o(i.UVC_Transmit_FS) refers to usbd_uvc.o(i.USBD_UVC_TransmitPacket) for USBD_UVC_TransmitPacket
    usbd_uvc_if.o(i.UVC_Transmit_FS) refers to stm32f4xx_hal_cortex.o(i.HAL_NVIC_EnableIRQ) for HAL_NVIC_EnableIRQ
    usbd_uvc_if.o(i.UVC_Transmit_FS) refers to usbd_uvc_if.o(.data) for hUsbDevice_0
    usbd_uvc_if.o(i.UVC_VC_ControlGet) refers to memseta.o(.text) for __aeabi_memclr
    usbd_uvc_if.o(i.UVC_VC_ControlGet) refers to usbd_uvc_lepton_xu.o(i.VC_VIGIL_GetAttribute) for VC_VIGIL_GetAttribute
    usbd_uvc_if.o(i.UVC_VC_ControlGet) refers to usbd_uvc_lepton_xu.o(i.VC_VIGIL_GetMaxValue) for VC_VIGIL_GetMaxValue
    usbd_uvc_if.o(i.UVC_VC_ControlGet) refers to usbd_uvc_lepton_xu.o(i.VC_VIGIL_GetAttributeLen) for VC_VIGIL_GetAttributeLen
    usbd_uvc_if.o(i.UVC_VC_ControlSet) refers to usbd_uvc_lepton_xu.o(i.VC_VIGIL_RunCommand) for VC_VIGIL_RunCommand
    usbd_uvc_if.o(i.UVC_VC_ControlSet) refers to usbd_uvc_lepton_xu.o(i.VC_VIGIL_SetAttribute) for VC_VIGIL_SetAttribute
    usbd_uvc_if.o(i.UVC_VS_ControlGet) refers to memseta.o(.text) for __aeabi_memclr
    usbd_uvc_if.o(i.UVC_VS_ControlGet) refers to memcpya.o(.text) for __aeabi_memcpy
    usbd_uvc_if.o(i.UVC_VS_ControlGet) refers to usbd_uvc_if.o(.data) for videoProbeControl
    usbd_uvc_if.o(i.UVC_VS_ControlGet) refers to usbd_uvc.o(.data) for g_lepton_type_3
[...]
    __aeabi_drsub                            0x080003e1   Thumb Code     6  dadd.o(.text)
    __aeabi_i2d                              0x080003e7   Thumb Code    34  dflti.o(.text)
    __aeabi_ui2d                             0x08000409   Thumb Code    26  dfltui.o(.text)
    __aeabi_d2iz                             0x08000423   Thumb Code    62  dfixi.o(.text)
    __aeabi_d2uiz                            0x08000461   Thumb Code    50  dfixui.o(.text)
    __aeabi_f2d                              0x08000493   Thumb Code    38  f2d.o(.text)
    __aeabi_cdrcmple                         0x080004b9   Thumb Code    48  cdrcmple.o(.text)
    __aeabi_llsl                             0x080004e9   Thumb Code    30  llshl.o(.text)
    _ll_shift_l                              0x080004e9   Thumb Code     0  llshl.o(.text)
    __aeabi_llsr                             0x08000507   Thumb Code    32  llushr.o(.text)
    _ll_ushift_r                             0x08000507   Thumb Code     0  llushr.o(.text)
    __aeabi_lasr                             0x08000527   Thumb Code    36  llsshr.o(.text)
    _ll_sshift_r                             0x08000527   Thumb Code     0  llsshr.o(.text)
    strtol                                   0x0800054b   Thumb Code   112  strtol.o(.text)
    __I$use$fp                               0x080005bb   Thumb Code     0  iusefp.o(.text)
    _double_round                            0x080005bb   Thumb Code    30  depilogue.o(.text)
    _double_epilogue                         0x080005d9   Thumb Code   156  depilogue.o(.text)
    __scatterload                            0x08000675   Thumb Code    28  init.o(.text)
    __scatterload_rt2                        0x08000675   Thumb Code     0  init.o(.text)
    __rt_ctype_table                         0x08000699   Thumb Code     4  ctype_o.o(.text)
    _strtoul                                 0x080006a1   Thumb Code   158  _strtoul.o(.text)
    _chval                                   0x0800073f   Thumb Code    28  _chval.o(.text)
    __decompress                             0x0800075b   Thumb Code     0  __dczerorl2.o(.text)
    __decompress1                            0x0800075b   Thumb Code    86  __dczerorl2.o(.text)
    BusFault_Handler                         0x080009d9   Thumb Code     4  stm32f4xx_it.o(i.BusFault_Handler)
    CaculateCRC                              0x080009dd   Thumb Code    30  main.o(i.CaculateCRC)
    DMA1_Stream3_IRQHandler                  0x08000a1d   Thumb Code    10  stm32f4xx_it.o(i.DMA1_Stream3_IRQHandler)
    DMA2_Stream2_IRQHandler                  0x08000a2d   Thumb Code    10  stm32f4xx_it.o(i.DMA2_Stream2_IRQHandler)
    DMA2_Stream4_IRQHandler                  0x08000a3d   Thumb Code    10  stm32f4xx_it.o(i.DMA2_Stream4_IRQHandler)
    DMA2_Stream5_IRQHandler                  0x08000a4d   Thumb Code    10  stm32f4xx_it.o(i.DMA2_Stream5_IRQHandler)
    DMA2_Stream7_IRQHandler                  0x08000a5d   Thumb Code    10  stm32f4xx_it.o(i.DMA2_Stream7_IRQHandler)
    DebugMon_Handler                         0x08000b77   Thumb Code     2  stm32f4xx_it.o(i.DebugMon_Handler)
    DetectBadLine                            0x08000b95   Thumb Code   998  detectbadframe.o(i.DetectBadLine)
    DetectBadLine_task                       0x08000fa9   Thumb Code   122  detectbadframe.o(i.DetectBadLine_task)
    DetectBadPixel                           0x08001041   Thumb Code   368  detectbadframe.o(i.DetectBadPixel)
    EXTI9_5_IRQHandler                       0x080011cd   Thumb Code   112  stm32f4xx_it.o(i.EXTI9_5_IRQHandler)
    Error_Handler                            0x08001259   Thumb Code     2  main.o(i.Error_Handler)
    FixBadLine                               0x0800125b   Thumb Code   288  detectbadframe.o(i.FixBadLine)
    FixBadPixel                              0x0800137d   Thumb Code    58  detectbadframe.o(i.FixBadPixel)
    HAL_ADC_ConfigChannel                    0x080013bd   Thumb Code   400  stm32f4xx_hal_adc.o(i.HAL_ADC_ConfigChannel)
    HAL_ADC_ConvCpltCallback                 0x08001561   Thumb Code   186  main.o(i.HAL_ADC_ConvCpltCallback)
    HAL_ADC_ConvHalfCpltCallback             0x08001645   Thumb Code     2  stm32f4xx_hal_adc.o(i.HAL_ADC_ConvHalfCpltCallback)
    HAL_ADC_ErrorCallback                    0x08001647   Thumb Code     2  stm32f4xx_hal_adc.o(i.HAL_ADC_ErrorCallback)
    HAL_ADC_Init                             0x08001649   Thumb Code   100  stm32f4xx_hal_adc.o(i.HAL_ADC_Init)
    HAL_ADC_MspInit                          0x080016b1   Thumb Code   174  stm32f4xx_hal_msp.o(i.HAL_ADC_MspInit)
    HAL_ADC_Start_DMA                        0x08001775   Thumb Code   304  stm32f4xx_hal_adc.o(i.HAL_ADC_Start_DMA)
    HAL_DMA_Abort                            0x080018c1   Thumb Code   170  stm32f4xx_hal_dma.o(i.HAL_DMA_Abort)
    HAL_DMA_Abort_IT                         0x0800196b   Thumb Code    40  stm32f4xx_hal_dma.o(i.HAL_DMA_Abort_IT)
    HAL_DMA_GetState                         0x08001993   Thumb Code     8  stm32f4xx_hal_dma.o(i.HAL_DMA_GetState)
    HAL_DMA_IRQHandler                       0x0800199d   Thumb Code   570  stm32f4xx_hal_dma.o(i.HAL_DMA_IRQHandler)
    HAL_DMA_Init                             0x08001bdd   Thumb Code   232  stm32f4xx_hal_dma.o(i.HAL_DMA_Init)
    HAL_DMA_Start_IT                         0x08001cc9   Thumb Code   146  stm32f4xx_hal_dma.o(i.HAL_DMA_Start_IT)
    HAL_Delay                                0x08001d5d   Thumb Code    36  stm32f4xx_hal.o(i.HAL_Delay)
    HAL_GPIO_EXTI_Callback                   0x08001d85   Thumb Code    36  main.o(i.HAL_GPIO_EXTI_Callback)
    HAL_GPIO_EXTI_IRQHandler                 0x08001db1   Thumb Code    24  stm32f4xx_hal_gpio.o(i.HAL_GPIO_EXTI_IRQHandler)
    HAL_GPIO_Init                            0x08001dcd   Thumb Code   436  stm32f4xx_hal_gpio.o(i.HAL_GPIO_Init)
    HAL_GPIO_ReadPin                         0x08001fa1   Thumb Code    16  stm32f4xx_hal_gpio.o(i.HAL_GPIO_ReadPin)
    HAL_GPIO_WritePin                        0x08001fb1   Thumb Code    12  stm32f4xx_hal_gpio.o(i.HAL_GPIO_WritePin)
    HAL_GetTick                              0x08001fbd   Thumb Code     6  stm32f4xx_hal.o(i.HAL_GetTick)
    HAL_I2C_AbortCpltCallback                0x08001fc9   Thumb Code     2  stm32f4xx_hal_i2c.o(i.HAL_I2C_AbortCpltCallback)
    HAL_I2C_AddrCallback                     0x08001fcb   Thumb Code     2  stm32f4xx_hal_i2c.o(i.HAL_I2C_AddrCallback)
    HAL_I2C_ER_IRQHandler                    0x08001fcd   Thumb Code   212  stm32f4xx_hal_i2c.o(i.HAL_I2C_ER_IRQHandler)
    HAL_I2C_EV_IRQHandler                    0x080020a1   Thumb Code   452  stm32f4xx_hal_i2c.o(i.HAL_I2C_EV_IRQHandler)
    HAL_I2C_ErrorCallback                    0x08002265   Thumb Code     2  stm32f4xx_hal_i2c.o(i.HAL_I2C_ErrorCallback)
    HAL_I2C_Init                             0x08002269   Thumb Code   446  stm32f4xx_hal_i2c.o(i.HAL_I2C_Init)
    HAL_I2C_ListenCpltCallback               0x08002439   Thumb Code     2  stm32f4xx_hal_i2c.o(i.HAL_I2C_ListenCpltCallback)
    HAL_I2C_MasterRxCpltCallback             0x0800243b   Thumb Code     2  stm32f4xx_hal_i2c.o(i.HAL_I2C_MasterRxCpltCallback)
    HAL_I2C_MasterTxCpltCallback             0x0800243d   Thumb Code     2  stm32f4xx_hal_i2c.o(i.HAL_I2C_MasterTxCpltCallback)
    HAL_I2C_MemRxCpltCallback                0x0800243f   Thumb Code     2  stm32f4xx_hal_i2c.o(i.HAL_I2C_MemRxCpltCallback)
    HAL_I2C_MemTxCpltCallback                0x08002441   Thumb Code     2  stm32f4xx_hal_i2c.o(i.HAL_I2C_MemTxCpltCallback)
    HAL_I2C_MspInit                          0x08002445   Thumb Code   156  stm32f4xx_hal_msp.o(i.HAL_I2C_MspInit)
    HAL_I2C_SlaveRxCpltCallback              0x080024ed   Thumb Code     2  stm32f4xx_hal_i2c.o(i.HAL_I2C_SlaveRxCpltCallback)
    HAL_I2C_SlaveTxCpltCallback              0x080024f1   Thumb Code    48  main.o(i.HAL_I2C_SlaveTxCpltCallback)
    HAL_I2C_Slave_Transmit_IT                0x08002531   Thumb Code   146  stm32f4xx_hal_i2c.o(i.HAL_I2C_Slave_Transmit_IT)
    HAL_IncTick                              0x080025c9   Thumb Code    16  stm32f4xx_hal.o(i.HAL_IncTick)
    HAL_Init                                 0x080025e1   Thumb Code    54  stm32f4xx_hal.o(i.HAL_Init)
    HAL_InitTick                             0x0800261d   Thumb Code    64  stm32f4xx_hal.o(i.HAL_InitTick)
    HAL_MspInit                              0x08002669   Thumb Code    84  stm32f4xx_hal_msp.o(i.HAL_MspInit)
    HAL_NVIC_DisableIRQ                      0x080026c1   Thumb Code    62  stm32f4xx_hal_cortex.o(i.HAL_NVIC_DisableIRQ)
    HAL_NVIC_EnableIRQ                       0x08002705   Thumb Code    32  stm32f4xx_hal_cortex.o(i.HAL_NVIC_EnableIRQ)
    HAL_NVIC_SetPriority                     0x08002725   Thumb Code   124  stm32f4xx_hal_cortex.o(i.HAL_NVIC_SetPriority)
    HAL_NVIC_SetPriorityGrouping             0x080027a1   Thumb Code    32  stm32f4xx_hal_cortex.o(i.HAL_NVIC_SetPriorityGrouping)
    HAL_PCDEx_LPM_Callback                   0x080027c9   Thumb Code     2  stm32f4xx_hal_pcd_ex.o(i.HAL_PCDEx_LPM_Callback)
    HAL_PCDEx_SetRxFiFo                      0x080027cb   Thumb Code    10  stm32f4xx_hal_pcd_ex.o(i.HAL_PCDEx_SetRxFiFo)
    HAL_PCDEx_SetTxFiFo                      0x080027d5   Thumb Code    78  stm32f4xx_hal_pcd_ex.o(i.HAL_PCDEx_SetTxFiFo)
    HAL_PCD_ConnectCallback                  0x08002823   Thumb Code    14  usbd_conf.o(i.HAL_PCD_ConnectCallback)
    HAL_PCD_DataInStageCallback              0x08002831   Thumb Code    32  usbd_conf.o(i.HAL_PCD_DataInStageCallback)
    HAL_PCD_DataOutStageCallback             0x08002851   Thumb Code    32  usbd_conf.o(i.HAL_PCD_DataOutStageCallback)
    HAL_PCD_DisconnectCallback               0x08002871   Thumb Code    14  usbd_conf.o(i.HAL_PCD_DisconnectCallback)
    HAL_PCD_EP_Close                         0x0800287f   Thumb Code   106  stm32f4xx_hal_pcd.o(i.HAL_PCD_EP_Close)
    HAL_PCD_EP_ClrStall                      0x080028e9   Thumb Code   124  stm32f4xx_hal_pcd.o(i.HAL_PCD_EP_ClrStall)
    HAL_PCD_EP_Flush                         0x08002965   Thumb Code    68  stm32f4xx_hal_pcd.o(i.HAL_PCD_EP_Flush)
    HAL_PCD_EP_GetRxCount                    0x080029a9   Thumb Code    22  stm32f4xx_hal_pcd.o(i.HAL_PCD_EP_GetRxCount)
    HAL_PCD_EP_Open                          0x080029bf   Thumb Code   140  stm32f4xx_hal_pcd.o(i.HAL_PCD_EP_Open)
    HAL_PCD_EP_Receive                       0x08002a4b   Thumb Code    88  stm32f4xx_hal_pcd.o(i.HAL_PCD_EP_Receive)
    HAL_PCD_EP_SetStall                      0x08002aa3   Thumb Code   138  stm32f4xx_hal_pcd.o(i.HAL_PCD_EP_SetStall)
    HAL_PCD_EP_Transmit                      0x08002b2d   Thumb Code    90  stm32f4xx_hal_pcd.o(i.HAL_PCD_EP_Transmit)
    HAL_PCD_IRQHandler                       0x08002b87   Thumb Code  1372  stm32f4xx_hal_pcd.o(i.HAL_PCD_IRQHandler)
    HAL_PCD_ISOINIncompleteCallback          0x080030e3   Thumb Code    18  usbd_conf.o(i.HAL_PCD_ISOINIncompleteCallback)
    HAL_PCD_ISOOUTIncompleteCallback         0x080030f5   Thumb Code    18  usbd_conf.o(i.HAL_PCD_ISOOUTIncompleteCallback)
    HAL_PCD_Init                             0x08003107   Thumb Code   358  stm32f4xx_hal_pcd.o(i.HAL_PCD_Init)
    HAL_PCD_MspInit                          0x0800326d   Thumb Code   116  usbd_conf.o(i.HAL_PCD_MspInit)
    HAL_PCD_ResetCallback                    0x080032e9   Thumb Code    50  usbd_conf.o(i.HAL_PCD_ResetCallback)
    HAL_PCD_ResumeCallback                   0x0800331b   Thumb Code    14  usbd_conf.o(i.HAL_PCD_ResumeCallback)
    HAL_PCD_SOFCallback                      0x08003329   Thumb Code    14  usbd_conf.o(i.HAL_PCD_SOFCallback)
    HAL_PCD_SetAddress                       0x08003337   Thumb Code    54  stm32f4xx_hal_pcd.o(i.HAL_PCD_SetAddress)
    HAL_PCD_SetupStageCallback               0x0800336d   Thumb Code    18  usbd_conf.o(i.HAL_PCD_SetupStageCallback)
    HAL_PCD_Start                            0x0800337f   Thumb Code    74  stm32f4xx_hal_pcd.o(i.HAL_PCD_Start)
    HAL_PCD_SuspendCallback                  0x080033c9   Thumb Code    46  usbd_conf.o(i.HAL_PCD_SuspendCallback)
    HAL_RCC_ClockConfig                      0x080033fd   Thumb Code   368  stm32f4xx_hal_rcc.o(i.HAL_RCC_ClockConfig)
    HAL_RCC_GetHCLKFreq                      0x08003581   Thumb Code     6  stm32f4xx_hal_rcc.o(i.HAL_RCC_GetHCLKFreq)
    HAL_RCC_GetPCLK1Freq                     0x0800358d   Thumb Code    22  stm32f4xx_hal_rcc.o(i.HAL_RCC_GetPCLK1Freq)
    HAL_RCC_GetPCLK2Freq                     0x080035ad   Thumb Code    22  stm32f4xx_hal_rcc.o(i.HAL_RCC_GetPCLK2Freq)
    HAL_RCC_GetSysClockFreq                  0x080035cd   Thumb Code   162  stm32f4xx_hal_rcc.o(i.HAL_RCC_GetSysClockFreq)
    HAL_RCC_OscConfig                        0x0800367d   Thumb Code  1152  stm32f4xx_hal_rcc.o(i.HAL_RCC_OscConfig)
    HAL_SPI_DMAResume                        0x08003b05   Thumb Code    50  stm32f4xx_hal_spi.o(i.HAL_SPI_DMAResume)
    HAL_SPI_DMAStop                          0x08003b37   Thumb Code    72  stm32f4xx_hal_spi.o(i.HAL_SPI_DMAStop)
    HAL_SPI_ErrorCallback                    0x08003b7f   Thumb Code     2  stm32f4xx_hal_spi.o(i.HAL_SPI_ErrorCallback)
    HAL_SPI_IRQHandler                       0x08003b81   Thumb Code   342  stm32f4xx_hal_spi.o(i.HAL_SPI_IRQHandler)
    HAL_SPI_Init                             0x08003cdd   Thumb Code   140  stm32f4xx_hal_spi.o(i.HAL_SPI_Init)
    HAL_SPI_MspInit                          0x08003d69   Thumb Code   376  stm32f4xx_hal_msp.o(i.HAL_SPI_MspInit)
    HAL_SPI_Receive_DMA                      0x08003f05   Thumb Code   258  stm32f4xx_hal_spi.o(i.HAL_SPI_Receive_DMA)
    HAL_SPI_RxCpltCallback                   0x08004015   Thumb Code    84  main.o(i.HAL_SPI_RxCpltCallback)
    HAL_SPI_RxHalfCpltCallback               0x0800407d   Thumb Code     2  stm32f4xx_hal_spi.o(i.HAL_SPI_RxHalfCpltCallback)
    HAL_SPI_TransmitReceive_DMA              0x08004081   Thumb Code   342  stm32f4xx_hal_spi.o(i.HAL_SPI_TransmitReceive_DMA)
    HAL_SPI_Transmit_DMA                     0x080041ed   Thumb Code   228  stm32f4xx_hal_spi.o(i.HAL_SPI_Transmit_DMA)
    HAL_SPI_TxCpltCallback                   0x080042dd   Thumb Code     8  main.o(i.HAL_SPI_TxCpltCallback)
    HAL_SPI_TxHalfCpltCallback               0x080042e9   Thumb Code     2  stm32f4xx_hal_spi.o(i.HAL_SPI_TxHalfCpltCallback)
    HAL_SPI_TxRxCpltCallback                 0x080042eb   Thumb Code     2  stm32f4xx_hal_spi.o(i.HAL_SPI_TxRxCpltCallback)
    HAL_SPI_TxRxHalfCpltCallback             0x080042ed   Thumb Code     2  stm32f4xx_hal_spi.o(i.HAL_SPI_TxRxHalfCpltCallback)
    HAL_SYSTICK_Config                       0x080042ef   Thumb Code    52  stm32f4xx_hal_cortex.o(i.HAL_SYSTICK_Config)
    HAL_TIMEx_BreakCallback                  0x08004323   Thumb Code     2  stm32f4xx_hal_tim_ex.o(i.HAL_TIMEx_BreakCallback)
    HAL_TIMEx_CommutCallback                 0x08004325   Thumb Code     2  stm32f4xx_hal_tim_ex.o(i.HAL_TIMEx_CommutCallback)
    HAL_TIMEx_MasterConfigSynchronization    0x08004329   Thumb Code   134  stm32f4xx_hal_tim_ex.o(i.HAL_TIMEx_MasterConfigSynchronization)
    HAL_TIM_Base_Init                        0x080043c5   Thumb Code    52  stm32f4xx_hal_tim.o(i.HAL_TIM_Base_Init)
    HAL_TIM_Base_MspInit                     0x080043f9   Thumb Code   102  stm32f4xx_hal_msp.o(i.HAL_TIM_Base_MspInit)
    HAL_TIM_Base_Start                       0x08004469   Thumb Code    42  stm32f4xx_hal_tim.o(i.HAL_TIM_Base_Start)
    HAL_TIM_Base_Start_IT                    0x08004493   Thumb Code    42  stm32f4xx_hal_tim.o(i.HAL_TIM_Base_Start_IT)
    HAL_TIM_ConfigClockSource                0x080044bd   Thumb Code   264  stm32f4xx_hal_tim.o(i.HAL_TIM_ConfigClockSource)
    HAL_TIM_IC_CaptureCallback               0x080045c5   Thumb Code     2  stm32f4xx_hal_tim.o(i.HAL_TIM_IC_CaptureCallback)
    HAL_TIM_IRQHandler                       0x080045c7   Thumb Code   406  stm32f4xx_hal_tim.o(i.HAL_TIM_IRQHandler)
    HAL_TIM_OC_DelayElapsedCallback          0x0800475d   Thumb Code     2  stm32f4xx_hal_tim.o(i.HAL_TIM_OC_DelayElapsedCallback)
    HAL_TIM_PWM_PulseFinishedCallback        0x0800475f   Thumb Code     2  stm32f4xx_hal_tim.o(i.HAL_TIM_PWM_PulseFinishedCallback)
    HAL_TIM_PeriodElapsedCallback            0x08004761   Thumb Code     2  stm32f4xx_hal_tim.o(i.HAL_TIM_PeriodElapsedCallback)
    HAL_TIM_TriggerCallback                  0x08004763   Thumb Code     2  stm32f4xx_hal_tim.o(i.HAL_TIM_TriggerCallback)
    HAL_UART_DMAStop                         0x08004765   Thumb Code   102  stm32f4xx_hal_uart.o(i.HAL_UART_DMAStop)
    HAL_UART_ErrorCallback                   0x080047cb   Thumb Code     2  stm32f4xx_hal_uart.o(i.HAL_UART_ErrorCallback)
    HAL_UART_IRQHandler                      0x080047cd   Thumb Code   336  stm32f4xx_hal_uart.o(i.HAL_UART_IRQHandler)
    HAL_UART_Init                            0x08004921   Thumb Code   114  stm32f4xx_hal_uart.o(i.HAL_UART_Init)
    HAL_UART_MspInit                         0x08004995   Thumb Code   448  stm32f4xx_hal_msp.o(i.HAL_UART_MspInit)
    HAL_UART_Receive_DMA                     0x08004b75   Thumb Code   182  stm32f4xx_hal_uart.o(i.HAL_UART_Receive_DMA)
    HAL_UART_RxCpltCallback                  0x08004c39   Thumb Code     2  stm32f4xx_hal_uart.o(i.HAL_UART_RxCpltCallback)
    HAL_UART_RxHalfCpltCallback              0x08004c3b   Thumb Code     2  stm32f4xx_hal_uart.o(i.HAL_UART_RxHalfCpltCallback)
    HAL_UART_Transmit_DMA                    0x08004c3d   Thumb Code   142  stm32f4xx_hal_uart.o(i.HAL_UART_Transmit_DMA)
    HAL_UART_TxCpltCallback                  0x08004cd9   Thumb Code     2  stm32f4xx_hal_uart.o(i.HAL_UART_TxCpltCallback)
    HAL_UART_TxHalfCpltCallback              0x08004cdb   Thumb Code     2  stm32f4xx_hal_uart.o(i.HAL_UART_TxHalfCpltCallback)
    HardFault_Handler                        0x08004cdd   Thumb Code     4  stm32f4xx_it.o(i.HardFault_Handler)
    I2C1_ER_IRQHandler                       0x08004ce1   Thumb Code    10  stm32f4xx_it.o(i.I2C1_ER_IRQHandler)
    I2C1_EV_IRQHandler                       0x08004cf1   Thumb Code    16  stm32f4xx_it.o(i.I2C1_EV_IRQHandler)
    I2C_reset                                0x080059c5   Thumb Code   128  main.o(i.I2C_reset)
    MX_USB_DEVICE_Init                       0x08005e05   Thumb Code    44  usb_device.o(i.MX_USB_DEVICE_Init)
    MemManage_Handler                        0x08005e41   Thumb Code     4  stm32f4xx_it.o(i.MemManage_Handler)
    NMI_Handler                              0x08005e45   Thumb Code     2  stm32f4xx_it.o(i.NMI_Handler)
    OTG_FS_IRQHandler                        0x08005e49   Thumb Code    10  stm32f4xx_it.o(i.OTG_FS_IRQHandler)
    PendSV_Handler                           0x080060ef   Thumb Code     2  stm32f4xx_it.o(i.PendSV_Handler)
    RCC_IRQHandler                           0x080060f1   Thumb Code     2  stm32f4xx_it.o(i.RCC_IRQHandler)
    SPI1_IRQHandler                          0x080060f5   Thumb Code    10  stm32f4xx_it.o(i.SPI1_IRQHandler)
    SPI2_IRQHandler                          0x08006105   Thumb Code    10  stm32f4xx_it.o(i.SPI2_IRQHandler)
    SVC_Handler                              0x08006489   Thumb Code     2  stm32f4xx_it.o(i.SVC_Handler)
    SendToPi_task                            0x0800649d   Thumb Code    94  spi_task.o(i.SendToPi_task)
    SetI2CAsSlave                            0x08006519   Thumb Code    32  main.o(i.SetI2CAsSlave)
    SysTick_Handler                          0x08006545   Thumb Code     8  stm32f4xx_it.o(i.SysTick_Handler)
    SystemClock_Config                       0x0800654d   Thumb Code   168  main.o(i.SystemClock_Config)
    SystemInit                               0x080065fd   Thumb Code    24  system_stm32f4xx.o(i.SystemInit)
    TIM3_IRQHandler                          0x08006619   Thumb Code   222  stm32f4xx_it.o(i.TIM3_IRQHandler)
    TIM_Base_SetConfig                       0x0800672d   Thumb Code   134  stm32f4xx_hal_tim.o(i.TIM_Base_SetConfig)
    TIM_ETR_SetConfig                        0x080067d1   Thumb Code    22  stm32f4xx_hal_tim.o(i.TIM_ETR_SetConfig)
    TemperatureToRGB                         0x08006847   Thumb Code    58  uvc_task.o(i.TemperatureToRGB)
    USART1_IRQHandler                        0x08006ec9   Thumb Code   194  stm32f4xx_it.o(i.USART1_IRQHandler)
    USART2_IRQHandler                        0x08006fa9   Thumb Code    10  stm32f4xx_it.o(i.USART2_IRQHandler)
    USBD_ClrClassConfig                      0x08006fb9   Thumb Code    28  usbd_core.o(i.USBD_ClrClassConfig)
    USBD_CtlContinueRx                       0x08007013   Thumb Code    24  usbd_ioreq.o(i.USBD_CtlContinueRx)
    USBD_CtlContinueSendData                 0x0800702b   Thumb Code    24  usbd_ioreq.o(i.USBD_CtlContinueSendData)
    USBD_CtlError                            0x08007043   Thumb Code    24  usbd_ctlreq.o(i.USBD_CtlError)
    USBD_CtlPrepareRx                        0x0800705b   Thumb Code    40  usbd_ioreq.o(i.USBD_CtlPrepareRx)
    USBD_CtlReceiveStatus                    0x08007083   Thumb Code    26  usbd_ioreq.o(i.USBD_CtlReceiveStatus)
    USBD_CtlSendData                         0x0800709d   Thumb Code    34  usbd_ioreq.o(i.USBD_CtlSendData)
    USBD_CtlSendStatus                       0x080070bf   Thumb Code    26  usbd_ioreq.o(i.USBD_CtlSendStatus)
    USBD_FS_ConfigStrDescriptor              0x080070d9   Thumb Code    34  usbd_desc.o(i.USBD_FS_ConfigStrDescriptor)
    USBD_FS_DeviceDescriptor                 0x08007121   Thumb Code    10  usbd_desc.o(i.USBD_FS_DeviceDescriptor)
    USBD_FS_InterfaceStrDescriptor           0x08007131   Thumb Code    34  usbd_desc.o(i.USBD_FS_InterfaceStrDescriptor)
    USBD_FS_LangIDStrDescriptor              0x08007175   Thumb Code    10  usbd_desc.o(i.USBD_FS_LangIDStrDescriptor)
    USBD_FS_ManufacturerStrDescriptor        0x08007185   Thumb Code    20  usbd_desc.o(i.USBD_FS_ManufacturerStrDescriptor)
    USBD_FS_ProductStrDescriptor             0x080071a9   Thumb Code    40  usbd_desc.o(i.USBD_FS_ProductStrDescriptor)
    USBD_FS_SerialStrDescriptor              0x080071f5   Thumb Code    78  usbd_desc.o(i.USBD_FS_SerialStrDescriptor)
    USBD_GetString                           0x08007537   Thumb Code    84  usbd_ctlreq.o(i.USBD_GetString)
    USBD_Init                                0x0800758b   Thumb Code    68  usbd_core.o(i.USBD_Init)
    USBD_LL_ClearStallEP                     0x080075cf   Thumb Code    20  usbd_conf.o(i.USBD_LL_ClearStallEP)
    USBD_LL_CloseEP                          0x080075e3   Thumb Code    20  usbd_conf.o(i.USBD_LL_CloseEP)
    USBD_LL_DataInStage                      0x080075f7   Thumb Code   230  usbd_core.o(i.USBD_LL_DataInStage)
    USBD_LL_DataOutStage                     0x080076dd   Thumb Code   146  usbd_core.o(i.USBD_LL_DataOutStage)
    USBD_LL_DevConnected                     0x0800776f   Thumb Code     6  usbd_core.o(i.USBD_LL_DevConnected)
    USBD_LL_DevDisconnected                  0x08007775   Thumb Code    32  usbd_core.o(i.USBD_LL_DevDisconnected)
    USBD_LL_FlushEP                          0x08007795   Thumb Code    20  usbd_conf.o(i.USBD_LL_FlushEP)
    USBD_LL_GetRxDataSize                    0x080077a9   Thumb Code    18  usbd_conf.o(i.USBD_LL_GetRxDataSize)
    USBD_LL_Init                             0x080077bd   Thumb Code   102  usbd_conf.o(i.USBD_LL_Init)
    USBD_LL_IsStallEP                        0x08007829   Thumb Code    56  usbd_conf.o(i.USBD_LL_IsStallEP)
    USBD_LL_IsoINIncomplete                  0x08007861   Thumb Code     6  usbd_core.o(i.USBD_LL_IsoINIncomplete)
    USBD_LL_IsoOUTIncomplete                 0x08007867   Thumb Code     6  usbd_core.o(i.USBD_LL_IsoOUTIncomplete)
    USBD_LL_OpenEP                           0x0800786d   Thumb Code    32  usbd_conf.o(i.USBD_LL_OpenEP)
    USBD_LL_PrepareReceive                   0x0800788d   Thumb Code    32  usbd_conf.o(i.USBD_LL_PrepareReceive)
    USBD_LL_Reset                            0x080078ad   Thumb Code    90  usbd_core.o(i.USBD_LL_Reset)
    USBD_LL_Resume                           0x08007907   Thumb Code    22  usbd_core.o(i.USBD_LL_Resume)
    USBD_LL_SOF                              0x0800791d   Thumb Code    34  usbd_core.o(i.USBD_LL_SOF)
    USBD_LL_SetSpeed                         0x0800793f   Thumb Code     8  usbd_core.o(i.USBD_LL_SetSpeed)
    USBD_LL_SetUSBAddress                    0x08007947   Thumb Code    20  usbd_conf.o(i.USBD_LL_SetUSBAddress)
    USBD_LL_SetupStage                       0x0800795b   Thumb Code   118  usbd_core.o(i.USBD_LL_SetupStage)
    USBD_LL_StallEP                          0x080079d1   Thumb Code    20  usbd_conf.o(i.USBD_LL_StallEP)
    USBD_LL_Start                            0x080079e5   Thumb Code    16  usbd_conf.o(i.USBD_LL_Start)
    USBD_LL_Suspend                          0x080079f5   Thumb Code    20  usbd_core.o(i.USBD_LL_Suspend)
    USBD_LL_Transmit                         0x08007a09   Thumb Code    32  usbd_conf.o(i.USBD_LL_Transmit)
    USBD_ParseSetupRequest                   0x08007a29   Thumb Code    54  usbd_ctlreq.o(i.USBD_ParseSetupRequest)
    USBD_RegisterClass                       0x08007a5f   Thumb Code    38  usbd_core.o(i.USBD_RegisterClass)
    USBD_RunTestMode                         0x08007a85   Thumb Code     6  usbd_core.o(i.USBD_RunTestMode)
    USBD_SetClassConfig                      0x08007ae5   Thumb Code    32  usbd_core.o(i.USBD_SetClassConfig)
    USBD_Start                               0x08007c19   Thumb Code    12  usbd_core.o(i.USBD_Start)
    USBD_StdDevReq                           0x08007c25   Thumb Code   166  usbd_ctlreq.o(i.USBD_StdDevReq)
    USBD_StdEPReq                            0x08007ccb   Thumb Code   554  usbd_ctlreq.o(i.USBD_StdEPReq)
    USBD_StdItfReq                           0x08007ef5   Thumb Code   126  usbd_ctlreq.o(i.USBD_StdItfReq)
    USBD_UVC_GetDeviceQualifierDescriptor    0x08008075   Thumb Code    10  usbd_uvc.o(i.USBD_UVC_GetDeviceQualifierDescriptor)
    USBD_UVC_RegisterInterface               0x080080ff   Thumb Code    14  usbd_uvc.o(i.USBD_UVC_RegisterInterface)
    USBD_UVC_SetRxBuffer                     0x08008113   Thumb Code    14  usbd_uvc.o(i.USBD_UVC_SetRxBuffer)
    USBD_UVC_SetTxBuffer                     0x08008121   Thumb Code    20  usbd_uvc.o(i.USBD_UVC_SetTxBuffer)
    USBD_UVC_TransmitPacket                  0x08008311   Thumb Code    54  usbd_uvc.o(i.USBD_UVC_TransmitPacket)
    USB_ActivateEndpoint                     0x08008349   Thumb Code   202  stm32f4xx_ll_usb.o(i.USB_ActivateEndpoint)
    USB_ActivateSetup                        0x08008419   Thumb Code    40  stm32f4xx_ll_usb.o(i.USB_ActivateSetup)
    USB_CoreInit                             0x08008441   Thumb Code   128  stm32f4xx_ll_usb.o(i.USB_CoreInit)
    USB_DeactivateEndpoint                   0x08008511   Thumb Code   318  stm32f4xx_ll_usb.o(i.USB_DeactivateEndpoint)
    USB_DevConnect                           0x0800865d   Thumb Code    32  stm32f4xx_ll_usb.o(i.USB_DevConnect)
    USB_DevDisconnect                        0x0800867d   Thumb Code    32  stm32f4xx_ll_usb.o(i.USB_DevDisconnect)
    USB_DevInit                              0x0800869d   Thumb Code   472  stm32f4xx_ll_usb.o(i.USB_DevInit)
    USB_DisableGlobalInt                     0x0800887d   Thumb Code    14  stm32f4xx_ll_usb.o(i.USB_DisableGlobalInt)
    USB_EP0StartXfer                         0x0800888d   Thumb Code   468  stm32f4xx_ll_usb.o(i.USB_EP0StartXfer)
    USB_EP0_OutStart                         0x08008a65   Thumb Code   106  stm32f4xx_ll_usb.o(i.USB_EP0_OutStart)
    USB_EPClearStall                         0x08008ad5   Thumb Code   142  stm32f4xx_ll_usb.o(i.USB_EPClearStall)
    USB_EPSetStall                           0x08008b63   Thumb Code   154  stm32f4xx_ll_usb.o(i.USB_EPSetStall)
    USB_EPStartXfer                          0x08008bfd   Thumb Code   832  stm32f4xx_ll_usb.o(i.USB_EPStartXfer)
    USB_EnableGlobalInt                      0x08008f41   Thumb Code    14  stm32f4xx_ll_usb.o(i.USB_EnableGlobalInt)
    USB_FlushRxFifo                          0x08008f51   Thumb Code    38  stm32f4xx_ll_usb.o(i.USB_FlushRxFifo)
    USB_FlushTxFifo                          0x08008f7d   Thumb Code    44  stm32f4xx_ll_usb.o(i.USB_FlushTxFifo)
    USB_GetDevSpeed                          0x08008fad   Thumb Code    38  stm32f4xx_ll_usb.o(i.USB_GetDevSpeed)
    USB_GetMode                              0x08008fd3   Thumb Code    10  stm32f4xx_ll_usb.o(i.USB_GetMode)
    USB_ReadDevAllInEpInterrupt              0x08008fdd   Thumb Code    20  stm32f4xx_ll_usb.o(i.USB_ReadDevAllInEpInterrupt)
    USB_ReadDevAllOutEpInterrupt             0x08008ff1   Thumb Code    20  stm32f4xx_ll_usb.o(i.USB_ReadDevAllOutEpInterrupt)
    USB_ReadDevInEPInterrupt                 0x08009005   Thumb Code    50  stm32f4xx_ll_usb.o(i.USB_ReadDevInEPInterrupt)
    USB_ReadDevOutEPInterrupt                0x08009037   Thumb Code    26  stm32f4xx_ll_usb.o(i.USB_ReadDevOutEPInterrupt)
    USB_ReadInterrupts                       0x08009051   Thumb Code    10  stm32f4xx_ll_usb.o(i.USB_ReadInterrupts)
    USB_ReadPacket                           0x0800905b   Thumb Code    34  stm32f4xx_ll_usb.o(i.USB_ReadPacket)
    USB_SetCurrentMode                       0x0800907d   Thumb Code    54  stm32f4xx_ll_usb.o(i.USB_SetCurrentMode)
    USB_SetDevAddress                        0x080090b3   Thumb Code    42  stm32f4xx_ll_usb.o(i.USB_SetDevAddress)
    USB_SetDevSpeed                          0x080090dd   Thumb Code    18  stm32f4xx_ll_usb.o(i.USB_SetDevSpeed)
    USB_SetTurnaroundTime                    0x080090f1   Thumb Code   192  stm32f4xx_ll_usb.o(i.USB_SetTurnaroundTime)
    USB_WritePacket                          0x080091d9   Thumb Code    60  stm32f4xx_ll_usb.o(i.USB_WritePacket)
    UVC_Transmit_FS                          0x08009261   Thumb Code    46  usbd_uvc_if.o(i.UVC_Transmit_FS)
    UsageFault_Handler                       0x08009521   Thumb Code     4  stm32f4xx_it.o(i.UsageFault_Handler)
    VC_VIGIL_GetAttribute                    0x08009525   Thumb Code    96  usbd_uvc_lepton_xu.o(i.VC_VIGIL_GetAttribute)
    VC_VIGIL_GetAttributeLen                 0x08009585   Thumb Code   124  usbd_uvc_lepton_xu.o(i.VC_VIGIL_GetAttributeLen)
    VC_VIGIL_GetMaxValue                     0x08009601   Thumb Code   126  usbd_uvc_lepton_xu.o(i.VC_VIGIL_GetMaxValue)
    VC_VIGIL_RunCommand                      0x0800967f   Thumb Code    92  usbd_uvc_lepton_xu.o(i.VC_VIGIL_RunCommand)
    VC_VIGIL_SetAttribute                    0x080096db   Thumb Code   102  usbd_uvc_lepton_xu.o(i.VC_VIGIL_SetAttribute)
    __0snprintf$8                            0x08009741   Thumb Code    48  printf8.o(i.__0snprintf$8)
    __1snprintf$8                            0x08009741   Thumb Code     0  printf8.o(i.__0snprintf$8)
    __2snprintf                              0x08009741   Thumb Code     0  printf8.o(i.__0snprintf$8)
    __aeabi_errno_addr                       0x080097ad   Thumb Code     4  errno.o(i.__aeabi_errno_addr)
    __rt_errno_addr                          0x080097ad   Thumb Code     0  errno.o(i.__aeabi_errno_addr)
    __scatterload_copy                       0x080097b5   Thumb Code    14  handlers.o(i.__scatterload_copy)
    __scatterload_null                       0x080097c3   Thumb Code     2  handlers.o(i.__scatterload_null)
    __scatterload_zeroinit                   0x080097c5   Thumb Code    14  handlers.o(i.__scatterload_zeroinit)
    free                                     0x08009c41   Thumb Code    76  malloc.o(i.free)
    getAvailableNeighbor                     0x08009c91   Thumb Code   116  detectbadframe.o(i.getAvailableNeighbor)
    getNeighborAvg                           0x08009d05   Thumb Code   122  detectbadframe.o(i.getNeighborAvg)
    main                                     0x08009d81   Thumb Code   428  main.o(i.main)
    malloc                                   0x08009f6d   Thumb Code    92  malloc.o(i.malloc)
    uvc_task                                 0x08009fd9   Thumb Code   596  uvc_task.o(i.uvc_task)
    Vref                                     0x0800ad7c   Data           4  main.o(.constdata)
    AHBPrescTable                            0x0800ad88   Data          16  system_stm32f4xx.o(.constdata)
    APBPrescTable                            0x0800ad98   Data           8  system_stm32f4xx.o(.constdata)
    __ctype_table                            0x0800ada0   Data         129  ctype_o.o(.constdata)
    Region$$Table$$Base                      0x0800ae28   Number         0  anon$$obj.o(Region$$Table)
    Region$$Table$$Limit                     0x0800ae48   Number         0  anon$$obj.o(Region$$Table)
    UserRxBufferFS                           0x20000000   Data           4  usbd_uvc_if.o(.data)
    UserTxBufferFS                           0x20000004   Data           4  usbd_uvc_if.o(.data)
    hUsbDevice_0                             0x20000008   Data           4  usbd_uvc_if.o(.data)
    videoCommitControl                       0x2000000c   Data          34  usbd_uvc_if.o(.data)
    videoProbeControl                        0x20000030   Data          34  usbd_uvc_if.o(.data)
    USBD_Interface_fops_FS                   0x20000054   Data          32  usbd_uvc_if.o(.data)
    pDataBufferTx                            0x20000074   Data           4  main.o(.data)
    gIndexCounter                            0x20000078   Data           1  main.o(.data)
    gSPITrigger                              0x20000079   Data           1  main.o(.data)
    gRGBBuf                                  0x2000007a   Data       19680  main.o(.data)
    gVigilUID1                               0x20004d5c   Data           4  main.o(.data)
    gVigilUID2                               0x20004d60   Data           4  main.o(.data)
    gVigilUID3                               0x20004d64   Data           4  main.o(.data)
    recv_end_flag_vigil                      0x20004d68   Data           1  main.o(.data)
    rx_len_vigil                             0x20004d69   Data           1  main.o(.data)
    i2c_buffer                               0x20004d6a   Data           5  main.o(.data)
    I2cCheckFlag                             0x20004d78   Data           1  main.o(.data)
    framebufptr                              0x20004d7c   Data           4  main.o(.data)
    g_BadLine                                0x20004d80   Data           1  main.o(.data)
    g_bCameraReset                           0x20004d81   Data           1  main.o(.data)
    spi_tx_pi_Cplt                           0x20004d82   Data           1  main.o(.data)
    g_bAbortFirstFrameAfterReboot            0x20004d83   Data           1  main.o(.data)
    b_ReveiveData                            0x20004d90   Data           1  main.o(.data)
    FS_Desc                                  0x20004d98   Data          28  usbd_desc.o(.data)
    USBD_FS_DeviceDesc                       0x20004db4   Data          18  usbd_desc.o(.data)
    USBD_LangIDDesc                          0x20004dc8   Data           4  usbd_desc.o(.data)
    g_bCameraResetDone                       0x20004dd0   Data           1  stm32f4xx_it.o(.data)
    g_bStartDetectBadLine                    0x20004de8   Data           1  detectbadframe.o(.data)
    b_uvcSending                             0x20004df8   Data           1  uvc_task.o(.data)
    uwTick                                   0x20004e18   Data           4  stm32f4xx_hal.o(.data)
    uwTickPrio                               0x20004e1c   Data           4  stm32f4xx_hal.o(.data)
    uwTickFreq                               0x20004e20   Data           1  stm32f4xx_hal.o(.data)
    SystemCoreClock                          0x20004e24   Data           4  system_stm32f4xx.o(.data)
    g_uvc_stream_status                      0x20004e28   Data           1  usbd_uvc.o(.data)
    g_uvc_stream_packet_size                 0x20004e2a   Data           2  usbd_uvc.o(.data)
    g_lepton_type_3                          0x20004e2c   Data           1  usbd_uvc.o(.data)
    g_telemetry_num_lines                    0x20004e2d   Data           1  usbd_uvc.o(.data)
    g_format_y16                             0x20004e2e   Data           1  usbd_uvc.o(.data)
    USBD_UVC                                 0x20004e3c   Data          56  usbd_uvc.o(.data)
    USBD_UVC_CfgFSDesc_L2                    0x20004e74   Data         237  usbd_uvc.o(.data)
    USBD_UVC_CfgFSDesc_L3                    0x20004f64   Data         237  usbd_uvc.o(.data)
    __microlib_freelist                      0x20005054   Data           4  mvars.o(.data)
    __microlib_freelist_initialised          0x20005058   Data           4  mvars.o(.data)
    gDataBufferTx                            0x20005060   Data       12862  main.o(.bss)
    gDataBufferRx                            0x2000829e   Data       12862  main.o(.bss)
    gDataBufferComplete                      0x2000b4dc   Data       12862  main.o(.bss)
    rx_buffer_vigil                          0x2000e71a   Data         128  main.o(.bss)
    adc_value                                0x2000e79a   Data          20  main.o(.bss)
    hspi1                                    0x2000e7b0   Data          88  main.o(.bss)
    hspi2                                    0x2000e808   Data          88  main.o(.bss)
    hdma_spi1_tx                             0x2000e860   Data          96  main.o(.bss)
    hdma_spi2_rx                             0x2000e8c0   Data          96  main.o(.bss)
    huart1                                   0x2000e920   Data          64  main.o(.bss)
    huart2                                   0x2000e960   Data          64  main.o(.bss)
    hdma_usart1_rx                           0x2000e9a0   Data          96  main.o(.bss)
    hdma_usart1_tx                           0x2000ea00   Data          96  main.o(.bss)
    hi2c1                                    0x2000ea60   Data          84  main.o(.bss)
    hadc1                                    0x2000eab4   Data          72  main.o(.bss)
    hdma_adc1                                0x2000eafc   Data          96  main.o(.bss)
    htim2                                    0x2000eb5c   Data          64  main.o(.bss)
    htim3                                    0x2000eb9c   Data          64  main.o(.bss)
    hUsbDeviceFS                             0x2000ebdc   Data         720  usb_device.o(.bss)
    hpcd_USB_OTG_FS                          0x2000eeac   Data        1032  usbd_conf.o(.bss)
    USBD_StrDesc                             0x2000f2b4   Data         512  usbd_desc.o(.bss)
    gDataBufferBadLineDeted                  0x2000f4b4   Data       12862  detectbadframe.o(.bss)
    m_pFrameStraightLineMap                  0x200126f2   Data        6428  detectbadframe.o(.bss)
    m_pFrameHorizontalLineMap                0x2001400e   Data        6428  detectbadframe.o(.bss)
    m_pFrameLineMapL                         0x2001592a   Data        6428  detectbadframe.o(.bss)
    m_pFrameLineMapR                         0x20017246   Data        6428  detectbadframe.o(.bss)
    m_pFrameLast                             0x20018b62   Data       12856  detectbadframe.o(.bss)
    m_pFrameDiffMap                          0x2001bd9a   Data        6428  detectbadframe.o(.bss)
    lineMapWhite                             0x2001d6b6   Data          80  detectbadframe.o(.bss)
    lineMapBlack                             0x2001d706   Data          80  detectbadframe.o(.bss)
    __heap_base                              0x2001db58   Data           0  startup_stm32f411xe.o(HEAP)
    __heap_limit                             0x2001e158   Data           0  startup_stm32f411xe.o(HEAP)
    __initial_sp                             0x2001e758   Data           0  startup_stm32f411xe.o(STACK)



==============================================================================

Memory Map of the image

  Image Entry point : 0x08000199

  Load Region LR_IROM1 (Base: 0x08000000, Size: 0x0000fea8, Max: 0x00080000, ABSOLUTE, COMPRESSED[0x0000b04c])

    Execution Region ER_IROM1 (Exec base: 0x08000000, Load base: 0x08000000, Size: 0x0000ae48, Max: 0x00080000, ABSOLUTE)

    Exec Addr    Load Addr    Size         Type   Attr      Idx    E Section Name        Object

    0x08000000   0x08000000   0x00000198   Data   RO            3    RESET               startup_stm32f411xe.o
    0x08000198   0x08000198   0x00000000   Code   RO         5994  * .ARM.Collect$$$$00000000  mc_w.l(entry.o)
    0x08000198   0x08000198   0x00000004   Code   RO         6310    .ARM.Collect$$$$00000001  mc_w.l(entry2.o)
    0x0800019c   0x0800019c   0x00000004   Code   RO         6313    .ARM.Collect$$$$00000004  mc_w.l(entry5.o)
    0x080001a0   0x080001a0   0x00000000   Code   RO         6315    .ARM.Collect$$$$00000008  mc_w.l(entry7b.o)
    0x080001a0   0x080001a0   0x00000000   Code   RO         6317    .ARM.Collect$$$$0000000A  mc_w.l(entry8b.o)
    0x080001a0   0x080001a0   0x00000008   Code   RO         6318    .ARM.Collect$$$$0000000B  mc_w.l(entry9a.o)
    0x080001a8   0x080001a8   0x00000004   Code   RO         6325    .ARM.Collect$$$$0000000E  mc_w.l(entry12b.o)
    0x080001ac   0x080001ac   0x00000000   Code   RO         6320    .ARM.Collect$$$$0000000F  mc_w.l(entry10a.o)
    0x080001ac   0x080001ac   0x00000000   Code   RO         6322    .ARM.Collect$$$$00000011  mc_w.l(entry11a.o)
    0x080001ac   0x080001ac   0x00000004   Code   RO         6311    .ARM.Collect$$$$00002712  mc_w.l(entry2.o)
    0x080001b0   0x080001b0   0x00000024   Code   RO            4    .text               startup_stm32f411xe.o
    0x080001d4   0x080001d4   0x00000062   Code   RO         5997    .text               mc_w.l(uldiv.o)
    0x08000236   0x08000236   0x00000024   Code   RO         5999    .text               mc_w.l(memcpya.o)
    0x0800025a   0x0800025a   0x00000024   Code   RO         6001    .text               mc_w.l(memseta.o)
    0x0800027e   0x0800027e   0x0000001a   Code   RO         6294    .text               mc_w.l(atoi.o)
    0x08000298   0x08000298   0x0000014e   Code   RO         6296    .text               mf_w.l(dadd.o)
    0x080003e6   0x080003e6   0x00000022   Code   RO         6298    .text               mf_w.l(dflti.o)
    0x08000408   0x08000408   0x0000001a   Code   RO         6300    .text               mf_w.l(dfltui.o)
    0x08000422   0x08000422   0x0000003e   Code   RO         6302    .text               mf_w.l(dfixi.o)
    0x08000460   0x08000460   0x00000032   Code   RO         6304    .text               mf_w.l(dfixui.o)
    0x08000492   0x08000492   0x00000026   Code   RO         6306    .text               mf_w.l(f2d.o)
    0x080004b8   0x080004b8   0x00000030   Code   RO         6308    .text               mf_w.l(cdrcmple.o)
    0x080004e8   0x080004e8   0x0000001e   Code   RO         6331    .text               mc_w.l(llshl.o)
    0x08000506   0x08000506   0x00000020   Code   RO         6333    .text               mc_w.l(llushr.o)
    0x08000526   0x08000526   0x00000024   Code   RO         6335    .text               mc_w.l(llsshr.o)
    0x0800054a   0x0800054a   0x00000070   Code   RO         6346    .text               mc_w.l(strtol.o)
    0x080005ba   0x080005ba   0x00000000   Code   RO         6348    .text               mc_w.l(iusefp.o)
    0x080005ba   0x080005ba   0x000000ba   Code   RO         6349    .text               mf_w.l(depilogue.o)
    0x08000674   0x08000674   0x00000024   Code   RO         6357    .text               mc_w.l(init.o)
    0x08000698   0x08000698   0x00000008   Code   RO         6360    .text               mc_w.l(ctype_o.o)
    0x080006a0   0x080006a0   0x0000009e   Code   RO         6388    .text               mc_w.l(_strtoul.o)
    0x0800073e   0x0800073e   0x0000001c   Code   RO         6391    .text               mc_w.l(_chval.o)
    0x0800075a   0x0800075a   0x00000056   Code   RO         6401    .text               mc_w.l(__dczerorl2.o)
    0x080007b0   0x080007b0   0x0000007e   Code   RO         4761    i.ADC_DMAConvCplt   stm32f4xx_hal_adc.o
    0x0800082e   0x0800082e   0x0000001a   Code   RO         4762    i.ADC_DMAError      stm32f4xx_hal_adc.o
    0x08000848   0x08000848   0x0000000e   Code   RO         4763    i.ADC_DMAHalfConvCplt  stm32f4xx_hal_adc.o
    0x08000856   0x08000856   0x00000002   PAD
    0x08000858   0x08000858   0x00000160   Code   RO         4764    i.ADC_Init          stm32f4xx_hal_adc.o
    0x080009b8   0x080009b8   0x00000020   Code   RO          312    i.ADC_Start         main.o
    0x080009d8   0x080009d8   0x00000004   Code   RO          815    i.BusFault_Handler  stm32f4xx_it.o
    0x080009dc   0x080009dc   0x00000024   Code   RO          313    i.CaculateCRC       main.o
    0x08000a00   0x08000a00   0x0000001c   Code   RO          314    i.CheckThermalReady  main.o
    0x08000a1c   0x08000a1c   0x00000010   Code   RO          816    i.DMA1_Stream3_IRQHandler  stm32f4xx_it.o
    0x08000a2c   0x08000a2c   0x00000010   Code   RO          817    i.DMA2_Stream2_IRQHandler  stm32f4xx_it.o
    0x08000a3c   0x08000a3c   0x00000010   Code   RO          818    i.DMA2_Stream4_IRQHandler  stm32f4xx_it.o
    0x08000a4c   0x08000a4c   0x00000010   Code   RO          819    i.DMA2_Stream5_IRQHandler  stm32f4xx_it.o
    0x08000a5c   0x08000a5c   0x00000010   Code   RO          820    i.DMA2_Stream7_IRQHandler  stm32f4xx_it.o
    0x08000a6c   0x08000a6c   0x00000034   Code   RO         2467    i.DMA_CalcBaseAndBitshift  stm32f4xx_hal_dma.o
    0x08000aa0   0x08000aa0   0x000000aa   Code   RO         2468    i.DMA_CheckFifoParam  stm32f4xx_hal_dma.o
    0x08000b4a   0x08000b4a   0x0000002c   Code   RO         2469    i.DMA_SetConfig     stm32f4xx_hal_dma.o
    0x08000b76   0x08000b76   0x00000002   Code   RO          821    i.DebugMon_Handler  stm32f4xx_it.o
    0x08000b78   0x08000b78   0x0000001c   Code   RO          315    i.DetectBadFrameInit  main.o
    0x08000b94   0x08000b94   0x00000414   Code   RO         1072    i.DetectBadLine     detectbadframe.o
    0x08000fa8   0x08000fa8   0x00000098   Code   RO         1073    i.DetectBadLine_task  detectbadframe.o
    0x08001040   0x08001040   0x0000018c   Code   RO         1074    i.DetectBadPixel    detectbadframe.o
    0x080011cc   0x080011cc   0x0000008c   Code   RO          822    i.EXTI9_5_IRQHandler  stm32f4xx_it.o
    0x08001258   0x08001258   0x00000002   Code   RO          316    i.Error_Handler     main.o
    0x0800125a   0x0800125a   0x00000120   Code   RO         1075    i.FixBadLine        detectbadframe.o
    0x0800137a   0x0800137a   0x00000002   PAD
    0x0800137c   0x0800137c   0x00000040   Code   RO         1076    i.FixBadPixel       detectbadframe.o
    0x080013bc   0x080013bc   0x000001a4   Code   RO         4766    i.HAL_ADC_ConfigChannel  stm32f4xx_hal_adc.o
    0x08001560   0x08001560   0x000000e4   Code   RO          317    i.HAL_ADC_ConvCpltCallback  main.o
    0x08001644   0x08001644   0x00000002   Code   RO         4768    i.HAL_ADC_ConvHalfCpltCallback  stm32f4xx_hal_adc.o
    0x08001646   0x08001646   0x00000002   Code   RO         4770    i.HAL_ADC_ErrorCallback  stm32f4xx_hal_adc.o
    0x08001648   0x08001648   0x00000068   Code   RO         4775    i.HAL_ADC_Init      stm32f4xx_hal_adc.o
    0x080016b0   0x080016b0   0x000000c4   Code   RO          986    i.HAL_ADC_MspInit   stm32f4xx_hal_msp.o
    0x08001774   0x08001774   0x0000014c   Code   RO         4782    i.HAL_ADC_Start_DMA  stm32f4xx_hal_adc.o
    0x080018c0   0x080018c0   0x000000aa   Code   RO         2470    i.HAL_DMA_Abort     stm32f4xx_hal_dma.o
    0x0800196a   0x0800196a   0x00000028   Code   RO         2471    i.HAL_DMA_Abort_IT  stm32f4xx_hal_dma.o
    0x08001992   0x08001992   0x00000008   Code   RO         2474    i.HAL_DMA_GetState  stm32f4xx_hal_dma.o
    0x0800199a   0x0800199a   0x00000002   PAD
    0x0800199c   0x0800199c   0x00000240   Code   RO         2475    i.HAL_DMA_IRQHandler  stm32f4xx_hal_dma.o
    0x08001bdc   0x08001bdc   0x000000ec   Code   RO         2476    i.HAL_DMA_Init      stm32f4xx_hal_dma.o
    0x08001cc8   0x08001cc8   0x00000092   Code   RO         2480    i.HAL_DMA_Start_IT  stm32f4xx_hal_dma.o
    0x08001d5a   0x08001d5a   0x00000002   PAD
    0x08001d5c   0x08001d5c   0x00000028   Code   RO         2918    i.HAL_Delay         stm32f4xx_hal.o
    0x08001d84   0x08001d84   0x0000002c   Code   RO          318    i.HAL_GPIO_EXTI_Callback  main.o
    0x08001db0   0x08001db0   0x0000001c   Code   RO         2362    i.HAL_GPIO_EXTI_IRQHandler  stm32f4xx_hal_gpio.o
    0x08001dcc   0x08001dcc   0x000001d4   Code   RO         2363    i.HAL_GPIO_Init     stm32f4xx_hal_gpio.o
    0x08001fa0   0x08001fa0   0x00000010   Code   RO         2365    i.HAL_GPIO_ReadPin  stm32f4xx_hal_gpio.o
    0x08001fb0   0x08001fb0   0x0000000c   Code   RO         2367    i.HAL_GPIO_WritePin  stm32f4xx_hal_gpio.o
    0x08001fbc   0x08001fbc   0x0000000c   Code   RO         2924    i.HAL_GetTick       stm32f4xx_hal.o
    0x08001fc8   0x08001fc8   0x00000002   Code   RO         5036    i.HAL_I2C_AbortCpltCallback  stm32f4xx_hal_i2c.o
    0x08001fca   0x08001fca   0x00000002   Code   RO         5037    i.HAL_I2C_AddrCallback  stm32f4xx_hal_i2c.o
    0x08001fcc   0x08001fcc   0x000000d4   Code   RO         5040    i.HAL_I2C_ER_IRQHandler  stm32f4xx_hal_i2c.o
    0x080020a0   0x080020a0   0x000001c4   Code   RO         5041    i.HAL_I2C_EV_IRQHandler  stm32f4xx_hal_i2c.o
    0x08002264   0x08002264   0x00000002   Code   RO         5043    i.HAL_I2C_ErrorCallback  stm32f4xx_hal_i2c.o
    0x08002266   0x08002266   0x00000002   PAD
    0x08002268   0x08002268   0x000001d0   Code   RO         5047    i.HAL_I2C_Init      stm32f4xx_hal_i2c.o
    0x08002438   0x08002438   0x00000002   Code   RO         5049    i.HAL_I2C_ListenCpltCallback  stm32f4xx_hal_i2c.o
    0x0800243a   0x0800243a   0x00000002   Code   RO         5050    i.HAL_I2C_MasterRxCpltCallback  stm32f4xx_hal_i2c.o
    0x0800243c   0x0800243c   0x00000002   Code   RO         5051    i.HAL_I2C_MasterTxCpltCallback  stm32f4xx_hal_i2c.o
    0x0800243e   0x0800243e   0x00000002   Code   RO         5063    i.HAL_I2C_MemRxCpltCallback  stm32f4xx_hal_i2c.o
    0x08002440   0x08002440   0x00000002   Code   RO         5064    i.HAL_I2C_MemTxCpltCallback  stm32f4xx_hal_i2c.o
    0x08002442   0x08002442   0x00000002   PAD
    0x08002444   0x08002444   0x000000a8   Code   RO          988    i.HAL_I2C_MspInit   stm32f4xx_hal_msp.o
    0x080024ec   0x080024ec   0x00000002   Code   RO         5073    i.HAL_I2C_SlaveRxCpltCallback  stm32f4xx_hal_i2c.o
    0x080024ee   0x080024ee   0x00000002   PAD
    0x080024f0   0x080024f0   0x00000040   Code   RO          319    i.HAL_I2C_SlaveTxCpltCallback  main.o
    0x08002530   0x08002530   0x00000098   Code   RO         5084    i.HAL_I2C_Slave_Transmit_IT  stm32f4xx_hal_i2c.o
    0x080025c8   0x080025c8   0x00000018   Code   RO         2930    i.HAL_IncTick       stm32f4xx_hal.o
    0x080025e0   0x080025e0   0x0000003c   Code   RO         2931    i.HAL_Init          stm32f4xx_hal.o
    0x0800261c   0x0800261c   0x0000004c   Code   RO         2932    i.HAL_InitTick      stm32f4xx_hal.o
    0x08002668   0x08002668   0x00000058   Code   RO          989    i.HAL_MspInit       stm32f4xx_hal_msp.o
    0x080026c0   0x080026c0   0x00000044   Code   RO         2775    i.HAL_NVIC_DisableIRQ  stm32f4xx_hal_cortex.o
    0x08002704   0x08002704   0x00000020   Code   RO         2776    i.HAL_NVIC_EnableIRQ  stm32f4xx_hal_cortex.o
    0x08002724   0x08002724   0x0000007c   Code   RO         2782    i.HAL_NVIC_SetPriority  stm32f4xx_hal_cortex.o
    0x080027a0   0x080027a0   0x00000028   Code   RO         2783    i.HAL_NVIC_SetPriorityGrouping  stm32f4xx_hal_cortex.o
    0x080027c8   0x080027c8   0x00000002   Code   RO         1552    i.HAL_PCDEx_LPM_Callback  stm32f4xx_hal_pcd_ex.o
    0x080027ca   0x080027ca   0x0000000a   Code   RO         1553    i.HAL_PCDEx_SetRxFiFo  stm32f4xx_hal_pcd_ex.o
    0x080027d4   0x080027d4   0x0000004e   Code   RO         1554    i.HAL_PCDEx_SetTxFiFo  stm32f4xx_hal_pcd_ex.o
    0x08002822   0x08002822   0x0000000e   Code   RO          546    i.HAL_PCD_ConnectCallback  usbd_conf.o
    0x08002830   0x08002830   0x00000020   Code   RO          547    i.HAL_PCD_DataInStageCallback  usbd_conf.o
    0x08002850   0x08002850   0x00000020   Code   RO          548    i.HAL_PCD_DataOutStageCallback  usbd_conf.o
    0x08002870   0x08002870   0x0000000e   Code   RO          549    i.HAL_PCD_DisconnectCallback  usbd_conf.o
    0x0800287e   0x0800287e   0x0000006a   Code   RO         1224    i.HAL_PCD_EP_Close  stm32f4xx_hal_pcd.o
    0x080028e8   0x080028e8   0x0000007c   Code   RO         1225    i.HAL_PCD_EP_ClrStall  stm32f4xx_hal_pcd.o
    0x08002964   0x08002964   0x00000044   Code   RO         1226    i.HAL_PCD_EP_Flush  stm32f4xx_hal_pcd.o
    0x080029a8   0x080029a8   0x00000016   Code   RO         1227    i.HAL_PCD_EP_GetRxCount  stm32f4xx_hal_pcd.o
    0x080029be   0x080029be   0x0000008c   Code   RO         1228    i.HAL_PCD_EP_Open   stm32f4xx_hal_pcd.o
    0x08002a4a   0x08002a4a   0x00000058   Code   RO         1229    i.HAL_PCD_EP_Receive  stm32f4xx_hal_pcd.o
    0x08002aa2   0x08002aa2   0x0000008a   Code   RO         1230    i.HAL_PCD_EP_SetStall  stm32f4xx_hal_pcd.o
    0x08002b2c   0x08002b2c   0x0000005a   Code   RO         1231    i.HAL_PCD_EP_Transmit  stm32f4xx_hal_pcd.o
    0x08002b86   0x08002b86   0x0000055c   Code   RO         1233    i.HAL_PCD_IRQHandler  stm32f4xx_hal_pcd.o
    0x080030e2   0x080030e2   0x00000012   Code   RO          550    i.HAL_PCD_ISOINIncompleteCallback  usbd_conf.o
    0x080030f4   0x080030f4   0x00000012   Code   RO          551    i.HAL_PCD_ISOOUTIncompleteCallback  usbd_conf.o
    0x08003106   0x08003106   0x00000166   Code   RO         1236    i.HAL_PCD_Init      stm32f4xx_hal_pcd.o
    0x0800326c   0x0800326c   0x0000007c   Code   RO          553    i.HAL_PCD_MspInit   usbd_conf.o
    0x080032e8   0x080032e8   0x00000032   Code   RO          554    i.HAL_PCD_ResetCallback  usbd_conf.o
    0x0800331a   0x0800331a   0x0000000e   Code   RO          555    i.HAL_PCD_ResumeCallback  usbd_conf.o
    0x08003328   0x08003328   0x0000000e   Code   RO          556    i.HAL_PCD_SOFCallback  usbd_conf.o
    0x08003336   0x08003336   0x00000036   Code   RO         1242    i.HAL_PCD_SetAddress  stm32f4xx_hal_pcd.o
    0x0800336c   0x0800336c   0x00000012   Code   RO          557    i.HAL_PCD_SetupStageCallback  usbd_conf.o
    0x0800337e   0x0800337e   0x0000004a   Code   RO         1244    i.HAL_PCD_Start     stm32f4xx_hal_pcd.o
    0x080033c8   0x080033c8   0x00000034   Code   RO          558    i.HAL_PCD_SuspendCallback  usbd_conf.o
    0x080033fc   0x080033fc   0x00000184   Code   RO         1900    i.HAL_RCC_ClockConfig  stm32f4xx_hal_rcc.o
    0x08003580   0x08003580   0x0000000c   Code   RO         1905    i.HAL_RCC_GetHCLKFreq  stm32f4xx_hal_rcc.o
    0x0800358c   0x0800358c   0x00000020   Code   RO         1907    i.HAL_RCC_GetPCLK1Freq  stm32f4xx_hal_rcc.o
    0x080035ac   0x080035ac   0x00000020   Code   RO         1908    i.HAL_RCC_GetPCLK2Freq  stm32f4xx_hal_rcc.o
    0x080035cc   0x080035cc   0x000000b0   Code   RO         1909    i.HAL_RCC_GetSysClockFreq  stm32f4xx_hal_rcc.o
    0x0800367c   0x0800367c   0x00000488   Code   RO         1912    i.HAL_RCC_OscConfig  stm32f4xx_hal_rcc.o
    0x08003b04   0x08003b04   0x00000032   Code   RO         3173    i.HAL_SPI_DMAResume  stm32f4xx_hal_spi.o
    0x08003b36   0x08003b36   0x00000048   Code   RO         3174    i.HAL_SPI_DMAStop   stm32f4xx_hal_spi.o
    0x08003b7e   0x08003b7e   0x00000002   Code   RO         3176    i.HAL_SPI_ErrorCallback  stm32f4xx_hal_spi.o
    0x08003b80   0x08003b80   0x0000015c   Code   RO         3179    i.HAL_SPI_IRQHandler  stm32f4xx_hal_spi.o
    0x08003cdc   0x08003cdc   0x0000008c   Code   RO         3180    i.HAL_SPI_Init      stm32f4xx_hal_spi.o
    0x08003d68   0x08003d68   0x0000019c   Code   RO          991    i.HAL_SPI_MspInit   stm32f4xx_hal_msp.o
    0x08003f04   0x08003f04   0x00000110   Code   RO         3184    i.HAL_SPI_Receive_DMA  stm32f4xx_hal_spi.o
    0x08004014   0x08004014   0x00000068   Code   RO          320    i.HAL_SPI_RxCpltCallback  main.o
    0x0800407c   0x0800407c   0x00000002   Code   RO         3187    i.HAL_SPI_RxHalfCpltCallback  stm32f4xx_hal_spi.o
    0x0800407e   0x0800407e   0x00000002   PAD
    0x08004080   0x08004080   0x0000016c   Code   RO         3190    i.HAL_SPI_TransmitReceive_DMA  stm32f4xx_hal_spi.o
    0x080041ec   0x080041ec   0x000000f0   Code   RO         3192    i.HAL_SPI_Transmit_DMA  stm32f4xx_hal_spi.o
    0x080042dc   0x080042dc   0x0000000c   Code   RO          321    i.HAL_SPI_TxCpltCallback  main.o
    0x080042e8   0x080042e8   0x00000002   Code   RO         3195    i.HAL_SPI_TxHalfCpltCallback  stm32f4xx_hal_spi.o
    0x080042ea   0x080042ea   0x00000002   Code   RO         3196    i.HAL_SPI_TxRxCpltCallback  stm32f4xx_hal_spi.o
    0x080042ec   0x080042ec   0x00000002   Code   RO         3197    i.HAL_SPI_TxRxHalfCpltCallback  stm32f4xx_hal_spi.o
    0x080042ee   0x080042ee   0x00000034   Code   RO         2787    i.HAL_SYSTICK_Config  stm32f4xx_hal_cortex.o
    0x08004322   0x08004322   0x00000002   Code   RO         4179    i.HAL_TIMEx_BreakCallback  stm32f4xx_hal_tim_ex.o
    0x08004324   0x08004324   0x00000002   Code   RO         4180    i.HAL_TIMEx_CommutCallback  stm32f4xx_hal_tim_ex.o
    0x08004326   0x08004326   0x00000002   PAD
    0x08004328   0x08004328   0x0000009c   Code   RO         4197    i.HAL_TIMEx_MasterConfigSynchronization  stm32f4xx_hal_tim_ex.o
    0x080043c4   0x080043c4   0x00000034   Code   RO         3493    i.HAL_TIM_Base_Init  stm32f4xx_hal_tim.o
    0x080043f8   0x080043f8   0x00000070   Code   RO          993    i.HAL_TIM_Base_MspInit  stm32f4xx_hal_msp.o
    0x08004468   0x08004468   0x0000002a   Code   RO         3496    i.HAL_TIM_Base_Start  stm32f4xx_hal_tim.o
    0x08004492   0x08004492   0x0000002a   Code   RO         3498    i.HAL_TIM_Base_Start_IT  stm32f4xx_hal_tim.o
    0x080044bc   0x080044bc   0x00000108   Code   RO         3502    i.HAL_TIM_ConfigClockSource  stm32f4xx_hal_tim.o
    0x080045c4   0x080045c4   0x00000002   Code   RO         3522    i.HAL_TIM_IC_CaptureCallback  stm32f4xx_hal_tim.o
    0x080045c6   0x080045c6   0x00000196   Code   RO         3536    i.HAL_TIM_IRQHandler  stm32f4xx_hal_tim.o
    0x0800475c   0x0800475c   0x00000002   Code   RO         3539    i.HAL_TIM_OC_DelayElapsedCallback  stm32f4xx_hal_tim.o
    0x0800475e   0x0800475e   0x00000002   Code   RO         3566    i.HAL_TIM_PWM_PulseFinishedCallback  stm32f4xx_hal_tim.o
    0x08004760   0x08004760   0x00000002   Code   RO         3574    i.HAL_TIM_PeriodElapsedCallback  stm32f4xx_hal_tim.o
    0x08004762   0x08004762   0x00000002   Code   RO         3579    i.HAL_TIM_TriggerCallback  stm32f4xx_hal_tim.o
    0x08004764   0x08004764   0x00000066   Code   RO         4449    i.HAL_UART_DMAStop  stm32f4xx_hal_uart.o
    0x080047ca   0x080047ca   0x00000002   Code   RO         4451    i.HAL_UART_ErrorCallback  stm32f4xx_hal_uart.o
    0x080047cc   0x080047cc   0x00000154   Code   RO         4454    i.HAL_UART_IRQHandler  stm32f4xx_hal_uart.o
    0x08004920   0x08004920   0x00000072   Code   RO         4455    i.HAL_UART_Init     stm32f4xx_hal_uart.o
    0x08004992   0x08004992   0x00000002   PAD
    0x08004994   0x08004994   0x000001e0   Code   RO          995    i.HAL_UART_MspInit  stm32f4xx_hal_msp.o
    0x08004b74   0x08004b74   0x000000c4   Code   RO         4459    i.HAL_UART_Receive_DMA  stm32f4xx_hal_uart.o
    0x08004c38   0x08004c38   0x00000002   Code   RO         4461    i.HAL_UART_RxCpltCallback  stm32f4xx_hal_uart.o
    0x08004c3a   0x08004c3a   0x00000002   Code   RO         4462    i.HAL_UART_RxHalfCpltCallback  stm32f4xx_hal_uart.o
    0x08004c3c   0x08004c3c   0x0000009c   Code   RO         4464    i.HAL_UART_Transmit_DMA  stm32f4xx_hal_uart.o
    0x08004cd8   0x08004cd8   0x00000002   Code   RO         4466    i.HAL_UART_TxCpltCallback  stm32f4xx_hal_uart.o
    0x08004cda   0x08004cda   0x00000002   Code   RO         4467    i.HAL_UART_TxHalfCpltCallback  stm32f4xx_hal_uart.o
    0x08004cdc   0x08004cdc   0x00000004   Code   RO          823    i.HardFault_Handler  stm32f4xx_it.o
    0x08004ce0   0x08004ce0   0x00000010   Code   RO          824    i.I2C1_ER_IRQHandler  stm32f4xx_it.o
    0x08004cf0   0x08004cf0   0x00000018   Code   RO          825    i.I2C1_EV_IRQHandler  stm32f4xx_it.o
    0x08004d08   0x08004d08   0x0000001c   Code   RO         5085    i.I2C_ConvertOtherXferOptions  stm32f4xx_hal_i2c.o
    0x08004d24   0x08004d24   0x000000ac   Code   RO         5086    i.I2C_DMAAbort      stm32f4xx_hal_i2c.o
    0x08004dd0   0x08004dd0   0x000001a4   Code   RO         5089    i.I2C_ITError       stm32f4xx_hal_i2c.o
    0x08004f74   0x08004f74   0x00000126   Code   RO         5091    i.I2C_MasterReceive_BTF  stm32f4xx_hal_i2c.o
    0x0800509a   0x0800509a   0x000000a4   Code   RO         5092    i.I2C_MasterReceive_RXNE  stm32f4xx_hal_i2c.o
    0x0800513e   0x0800513e   0x000000b0   Code   RO         5095    i.I2C_MasterTransmit_BTF  stm32f4xx_hal_i2c.o
    0x080051ee   0x080051ee   0x000000d8   Code   RO         5096    i.I2C_MasterTransmit_TXE  stm32f4xx_hal_i2c.o
    0x080052c6   0x080052c6   0x0000002a   Code   RO         5097    i.I2C_Master_ADD10  stm32f4xx_hal_i2c.o
    0x080052f0   0x080052f0   0x00000268   Code   RO         5098    i.I2C_Master_ADDR   stm32f4xx_hal_i2c.o
    0x08005558   0x08005558   0x0000009e   Code   RO         5099    i.I2C_Master_SB     stm32f4xx_hal_i2c.o
    0x080055f6   0x080055f6   0x0000007c   Code   RO         5100    i.I2C_MemoryTransmit_TXE_BTF  stm32f4xx_hal_i2c.o
    0x08005672   0x08005672   0x0000001a   Code   RO         5103    i.I2C_SlaveReceive_BTF  stm32f4xx_hal_i2c.o
    0x0800568c   0x0800568c   0x00000046   Code   RO         5104    i.I2C_SlaveReceive_RXNE  stm32f4xx_hal_i2c.o
    0x080056d2   0x080056d2   0x0000001a   Code   RO         5105    i.I2C_SlaveTransmit_BTF  stm32f4xx_hal_i2c.o
    0x080056ec   0x080056ec   0x00000046   Code   RO         5106    i.I2C_SlaveTransmit_TXE  stm32f4xx_hal_i2c.o
    0x08005732   0x08005732   0x00000066   Code   RO         5107    i.I2C_Slave_ADDR    stm32f4xx_hal_i2c.o
    0x08005798   0x08005798   0x000000a0   Code   RO         5108    i.I2C_Slave_AF      stm32f4xx_hal_i2c.o
    0x08005838   0x08005838   0x0000018c   Code   RO         5109    i.I2C_Slave_STOPF   stm32f4xx_hal_i2c.o
    0x080059c4   0x080059c4   0x00000088   Code   RO          322    i.I2C_reset         main.o
    0x08005a4c   0x08005a4c   0x0000006c   Code   RO          323    i.MX_ADC1_Init      main.o
    0x08005ab8   0x08005ab8   0x00000098   Code   RO          324    i.MX_DMA_Init       main.o
    0x08005b50   0x08005b50   0x000000c0   Code   RO          325    i.MX_GPIO_Init      main.o
    0x08005c10   0x08005c10   0x00000040   Code   RO          326    i.MX_I2C1_Init      main.o
    0x08005c50   0x08005c50   0x00000040   Code   RO          327    i.MX_SPI1_Init      main.o
    0x08005c90   0x08005c90   0x00000044   Code   RO          328    i.MX_SPI2_Init      main.o
    0x08005cd4   0x08005cd4   0x0000006c   Code   RO          329    i.MX_TIM2_Init      main.o
    0x08005d40   0x08005d40   0x00000070   Code   RO          330    i.MX_TIM3_Init      main.o
    0x08005db0   0x08005db0   0x00000054   Code   RO          331    i.MX_USART1_UART_Init  main.o
    0x08005e04   0x08005e04   0x0000003c   Code   RO          514    i.MX_USB_DEVICE_Init  usb_device.o
    0x08005e40   0x08005e40   0x00000004   Code   RO          826    i.MemManage_Handler  stm32f4xx_it.o
    0x08005e44   0x08005e44   0x00000002   Code   RO          827    i.NMI_Handler       stm32f4xx_it.o
    0x08005e46   0x08005e46   0x00000002   PAD
    0x08005e48   0x08005e48   0x00000010   Code   RO          828    i.OTG_FS_IRQHandler  stm32f4xx_it.o
    0x08005e58   0x08005e58   0x00000064   Code   RO         1247    i.PCD_EP_OutSetupPacket_int  stm32f4xx_hal_pcd.o
    0x08005ebc   0x08005ebc   0x0000017c   Code   RO         1248    i.PCD_EP_OutXfrComplete_int  stm32f4xx_hal_pcd.o
    0x08006038   0x08006038   0x000000b6   Code   RO         1249    i.PCD_WriteEmptyTxFifo  stm32f4xx_hal_pcd.o
    0x080060ee   0x080060ee   0x00000002   Code   RO          829    i.PendSV_Handler    stm32f4xx_it.o
    0x080060f0   0x080060f0   0x00000002   Code   RO          830    i.RCC_IRQHandler    stm32f4xx_it.o
    0x080060f2   0x080060f2   0x00000002   PAD
    0x080060f4   0x080060f4   0x00000010   Code   RO          831    i.SPI1_IRQHandler   stm32f4xx_it.o
    0x08006104   0x08006104   0x00000010   Code   RO          832    i.SPI2_IRQHandler   stm32f4xx_it.o
    0x08006114   0x08006114   0x00000014   Code   RO         3207    i.SPI_DMAAbortOnError  stm32f4xx_hal_spi.o
    0x08006128   0x08006128   0x00000028   Code   RO         3208    i.SPI_DMAError      stm32f4xx_hal_spi.o
    0x08006150   0x08006150   0x0000000e   Code   RO         3209    i.SPI_DMAHalfReceiveCplt  stm32f4xx_hal_spi.o
    0x0800615e   0x0800615e   0x0000000e   Code   RO         3210    i.SPI_DMAHalfTransmitCplt  stm32f4xx_hal_spi.o
    0x0800616c   0x0800616c   0x0000000e   Code   RO         3211    i.SPI_DMAHalfTransmitReceiveCplt  stm32f4xx_hal_spi.o
    0x0800617a   0x0800617a   0x0000007c   Code   RO         3212    i.SPI_DMAReceiveCplt  stm32f4xx_hal_spi.o
    0x080061f6   0x080061f6   0x00000080   Code   RO         3214    i.SPI_DMATransmitCplt  stm32f4xx_hal_spi.o
    0x08006276   0x08006276   0x00000068   Code   RO         3215    i.SPI_DMATransmitReceiveCplt  stm32f4xx_hal_spi.o
    0x080062de   0x080062de   0x00000094   Code   RO         3217    i.SPI_EndRxTransaction  stm32f4xx_hal_spi.o
    0x08006372   0x08006372   0x00000002   PAD
    0x08006374   0x08006374   0x0000006c   Code   RO         3218    i.SPI_EndRxTxTransaction  stm32f4xx_hal_spi.o
    0x080063e0   0x080063e0   0x000000a8   Code   RO         3223    i.SPI_WaitFlagStateUntilTimeout  stm32f4xx_hal_spi.o
    0x08006488   0x08006488   0x00000002   Code   RO          833    i.SVC_Handler       stm32f4xx_it.o
    0x0800648a   0x0800648a   0x00000012   Code   RO         5822    i.SWAPBYTE          usbd_ctlreq.o
    0x0800649c   0x0800649c   0x0000007c   Code   RO         1183    i.SendToPi_task     spi_task.o
    0x08006518   0x08006518   0x0000002c   Code   RO          333    i.SetI2CAsSlave     main.o
    0x08006544   0x08006544   0x00000008   Code   RO          834    i.SysTick_Handler   stm32f4xx_it.o
    0x0800654c   0x0800654c   0x000000b0   Code   RO          334    i.SystemClock_Config  main.o
    0x080065fc   0x080065fc   0x0000001c   Code   RO         5534    i.SystemInit        system_stm32f4xx.o
    0x08006618   0x08006618   0x00000114   Code   RO          835    i.TIM3_IRQHandler   stm32f4xx_it.o
    0x0800672c   0x0800672c   0x000000a4   Code   RO         3581    i.TIM_Base_SetConfig  stm32f4xx_hal_tim.o
    0x080067d0   0x080067d0   0x00000016   Code   RO         3592    i.TIM_ETR_SetConfig  stm32f4xx_hal_tim.o
    0x080067e6   0x080067e6   0x00000012   Code   RO         3593    i.TIM_ITRx_SetConfig  stm32f4xx_hal_tim.o
    0x080067f8   0x080067f8   0x00000026   Code   RO         3599    i.TIM_TI1_ConfigInputStage  stm32f4xx_hal_tim.o
    0x0800681e   0x0800681e   0x00000028   Code   RO         3601    i.TIM_TI2_ConfigInputStage  stm32f4xx_hal_tim.o
    0x08006846   0x08006846   0x0000003a   Code   RO         1143    i.TemperatureToRGB  uvc_task.o
    0x08006880   0x08006880   0x00000014   Code   RO         4468    i.UART_DMAAbortOnError  stm32f4xx_hal_uart.o
    0x08006894   0x08006894   0x00000050   Code   RO         4469    i.UART_DMAError     stm32f4xx_hal_uart.o
    0x080068e4   0x080068e4   0x00000046   Code   RO         4470    i.UART_DMAReceiveCplt  stm32f4xx_hal_uart.o
    0x0800692a   0x0800692a   0x0000000e   Code   RO         4472    i.UART_DMARxHalfCplt  stm32f4xx_hal_uart.o
    0x08006938   0x08006938   0x00000036   Code   RO         4474    i.UART_DMATransmitCplt  stm32f4xx_hal_uart.o
    0x0800696e   0x0800696e   0x0000000e   Code   RO         4476    i.UART_DMATxHalfCplt  stm32f4xx_hal_uart.o
    0x0800697c   0x0800697c   0x00000020   Code   RO         4478    i.UART_EndRxTransfer  stm32f4xx_hal_uart.o
    0x0800699c   0x0800699c   0x00000020   Code   RO         4479    i.UART_EndTransmit_IT  stm32f4xx_hal_uart.o
    0x080069bc   0x080069bc   0x00000014   Code   RO         4480    i.UART_EndTxTransfer  stm32f4xx_hal_uart.o
    0x080069d0   0x080069d0   0x000000a6   Code   RO         4481    i.UART_Receive_IT   stm32f4xx_hal_uart.o
    0x08006a76   0x08006a76   0x00000002   PAD
    0x08006a78   0x08006a78   0x000003e8   Code   RO         4482    i.UART_SetConfig    stm32f4xx_hal_uart.o
    0x08006e60   0x08006e60   0x00000068   Code   RO         4483    i.UART_Transmit_IT  stm32f4xx_hal_uart.o
    0x08006ec8   0x08006ec8   0x000000e0   Code   RO          836    i.USART1_IRQHandler  stm32f4xx_it.o
    0x08006fa8   0x08006fa8   0x00000010   Code   RO          837    i.USART2_IRQHandler  stm32f4xx_it.o
    0x08006fb8   0x08006fb8   0x0000001c   Code   RO         5678    i.USBD_ClrClassConfig  usbd_core.o
    0x08006fd4   0x08006fd4   0x0000003e   Code   RO         5823    i.USBD_ClrFeature   usbd_ctlreq.o
    0x08007012   0x08007012   0x00000018   Code   RO         5931    i.USBD_CtlContinueRx  usbd_ioreq.o
    0x0800702a   0x0800702a   0x00000018   Code   RO         5932    i.USBD_CtlContinueSendData  usbd_ioreq.o
    0x08007042   0x08007042   0x00000018   Code   RO         5824    i.USBD_CtlError     usbd_ctlreq.o
    0x0800705a   0x0800705a   0x00000028   Code   RO         5933    i.USBD_CtlPrepareRx  usbd_ioreq.o
    0x08007082   0x08007082   0x0000001a   Code   RO         5934    i.USBD_CtlReceiveStatus  usbd_ioreq.o
    0x0800709c   0x0800709c   0x00000022   Code   RO         5935    i.USBD_CtlSendData  usbd_ioreq.o
    0x080070be   0x080070be   0x0000001a   Code   RO         5936    i.USBD_CtlSendStatus  usbd_ioreq.o
    0x080070d8   0x080070d8   0x00000048   Code   RO          740    i.USBD_FS_ConfigStrDescriptor  usbd_desc.o
    0x08007120   0x08007120   0x00000010   Code   RO          741    i.USBD_FS_DeviceDescriptor  usbd_desc.o
    0x08007130   0x08007130   0x00000044   Code   RO          742    i.USBD_FS_InterfaceStrDescriptor  usbd_desc.o
    0x08007174   0x08007174   0x00000010   Code   RO          743    i.USBD_FS_LangIDStrDescriptor  usbd_desc.o
    0x08007184   0x08007184   0x00000024   Code   RO          744    i.USBD_FS_ManufacturerStrDescriptor  usbd_desc.o
    0x080071a8   0x080071a8   0x0000004c   Code   RO          745    i.USBD_FS_ProductStrDescriptor  usbd_desc.o
    0x080071f4   0x080071f4   0x00000080   Code   RO          746    i.USBD_FS_SerialStrDescriptor  usbd_desc.o
    0x08007274   0x08007274   0x00000056   Code   RO         5825    i.USBD_GetConfig    usbd_ctlreq.o
    0x080072ca   0x080072ca   0x000001fc   Code   RO         5826    i.USBD_GetDescriptor  usbd_ctlreq.o
    0x080074c6   0x080074c6   0x00000016   Code   RO         5827    i.USBD_GetLen       usbd_ctlreq.o
    0x080074dc   0x080074dc   0x0000005a   Code   RO         5828    i.USBD_GetStatus    usbd_ctlreq.o
    0x08007536   0x08007536   0x00000054   Code   RO         5829    i.USBD_GetString    usbd_ctlreq.o
    0x0800758a   0x0800758a   0x00000044   Code   RO         5680    i.USBD_Init         usbd_core.o
    0x080075ce   0x080075ce   0x00000014   Code   RO          559    i.USBD_LL_ClearStallEP  usbd_conf.o
    0x080075e2   0x080075e2   0x00000014   Code   RO          560    i.USBD_LL_CloseEP   usbd_conf.o
    0x080075f6   0x080075f6   0x000000e6   Code   RO         5681    i.USBD_LL_DataInStage  usbd_core.o
    0x080076dc   0x080076dc   0x00000092   Code   RO         5682    i.USBD_LL_DataOutStage  usbd_core.o
    0x0800776e   0x0800776e   0x00000006   Code   RO         5683    i.USBD_LL_DevConnected  usbd_core.o
    0x08007774   0x08007774   0x00000020   Code   RO         5684    i.USBD_LL_DevDisconnected  usbd_core.o
    0x08007794   0x08007794   0x00000014   Code   RO          563    i.USBD_LL_FlushEP   usbd_conf.o
    0x080077a8   0x080077a8   0x00000012   Code   RO          564    i.USBD_LL_GetRxDataSize  usbd_conf.o
    0x080077ba   0x080077ba   0x00000002   PAD
    0x080077bc   0x080077bc   0x0000006c   Code   RO          565    i.USBD_LL_Init      usbd_conf.o
    0x08007828   0x08007828   0x00000038   Code   RO          566    i.USBD_LL_IsStallEP  usbd_conf.o
    0x08007860   0x08007860   0x00000006   Code   RO         5685    i.USBD_LL_IsoINIncomplete  usbd_core.o
    0x08007866   0x08007866   0x00000006   Code   RO         5686    i.USBD_LL_IsoOUTIncomplete  usbd_core.o
    0x0800786c   0x0800786c   0x00000020   Code   RO          567    i.USBD_LL_OpenEP    usbd_conf.o
    0x0800788c   0x0800788c   0x00000020   Code   RO          568    i.USBD_LL_PrepareReceive  usbd_conf.o
    0x080078ac   0x080078ac   0x0000005a   Code   RO         5687    i.USBD_LL_Reset     usbd_core.o
    0x08007906   0x08007906   0x00000016   Code   RO         5688    i.USBD_LL_Resume    usbd_core.o
    0x0800791c   0x0800791c   0x00000022   Code   RO         5689    i.USBD_LL_SOF       usbd_core.o
    0x0800793e   0x0800793e   0x00000008   Code   RO         5690    i.USBD_LL_SetSpeed  usbd_core.o
    0x08007946   0x08007946   0x00000014   Code   RO          569    i.USBD_LL_SetUSBAddress  usbd_conf.o
    0x0800795a   0x0800795a   0x00000076   Code   RO         5691    i.USBD_LL_SetupStage  usbd_core.o
    0x080079d0   0x080079d0   0x00000014   Code   RO          570    i.USBD_LL_StallEP   usbd_conf.o
    0x080079e4   0x080079e4   0x00000010   Code   RO          571    i.USBD_LL_Start     usbd_conf.o
    0x080079f4   0x080079f4   0x00000014   Code   RO         5692    i.USBD_LL_Suspend   usbd_core.o
    0x08007a08   0x08007a08   0x00000020   Code   RO          573    i.USBD_LL_Transmit  usbd_conf.o
    0x08007a28   0x08007a28   0x00000036   Code   RO         5830    i.USBD_ParseSetupRequest  usbd_ctlreq.o
    0x08007a5e   0x08007a5e   0x00000026   Code   RO         5693    i.USBD_RegisterClass  usbd_core.o
    0x08007a84   0x08007a84   0x00000006   Code   RO         5694    i.USBD_RunTestMode  usbd_core.o
    0x08007a8a   0x08007a8a   0x0000005a   Code   RO         5831    i.USBD_SetAddress   usbd_ctlreq.o
    0x08007ae4   0x08007ae4   0x00000020   Code   RO         5695    i.USBD_SetClassConfig  usbd_core.o
    0x08007b04   0x08007b04   0x000000fc   Code   RO         5832    i.USBD_SetConfig    usbd_ctlreq.o
    0x08007c00   0x08007c00   0x00000018   Code   RO         5833    i.USBD_SetFeature   usbd_ctlreq.o
    0x08007c18   0x08007c18   0x0000000c   Code   RO         5696    i.USBD_Start        usbd_core.o
    0x08007c24   0x08007c24   0x000000a6   Code   RO         5834    i.USBD_StdDevReq    usbd_ctlreq.o
    0x08007cca   0x08007cca   0x0000022a   Code   RO         5835    i.USBD_StdEPReq     usbd_ctlreq.o
    0x08007ef4   0x08007ef4   0x0000007e   Code   RO         5836    i.USBD_StdItfReq    usbd_ctlreq.o
    0x08007f72   0x08007f72   0x0000001a   Code   RO         5570    i.USBD_UVC_DataIn   usbd_uvc.o
    0x08007f8c   0x08007f8c   0x00000034   Code   RO         5571    i.USBD_UVC_DataOut  usbd_uvc.o
    0x08007fc0   0x08007fc0   0x00000038   Code   RO         5572    i.USBD_UVC_DeInit   usbd_uvc.o
    0x08007ff8   0x08007ff8   0x0000007c   Code   RO         5573    i.USBD_UVC_EP0_RxReady  usbd_uvc.o
    0x08008074   0x08008074   0x00000010   Code   RO         5574    i.USBD_UVC_GetDeviceQualifierDescriptor  usbd_uvc.o
    0x08008084   0x08008084   0x00000024   Code   RO         5575    i.USBD_UVC_GetFSCfgDesc  usbd_uvc.o
    0x080080a8   0x080080a8   0x00000056   Code   RO         5576    i.USBD_UVC_Init     usbd_uvc.o
    0x080080fe   0x080080fe   0x0000000e   Code   RO         5578    i.USBD_UVC_RegisterInterface  usbd_uvc.o
    0x0800810c   0x0800810c   0x00000006   Code   RO         5579    i.USBD_UVC_SOF      usbd_uvc.o
    0x08008112   0x08008112   0x0000000e   Code   RO         5580    i.USBD_UVC_SetRxBuffer  usbd_uvc.o
    0x08008120   0x08008120   0x00000014   Code   RO         5581    i.USBD_UVC_SetTxBuffer  usbd_uvc.o
    0x08008134   0x08008134   0x000001dc   Code   RO         5582    i.USBD_UVC_Setup    usbd_uvc.o
    0x08008310   0x08008310   0x00000036   Code   RO         5583    i.USBD_UVC_TransmitPacket  usbd_uvc.o
    0x08008346   0x08008346   0x00000002   PAD
    0x08008348   0x08008348   0x000000d0   Code   RO         1594    i.USB_ActivateEndpoint  stm32f4xx_ll_usb.o
    0x08008418   0x08008418   0x00000028   Code   RO         1596    i.USB_ActivateSetup  stm32f4xx_ll_usb.o
    0x08008440   0x08008440   0x00000084   Code   RO         1598    i.USB_CoreInit      stm32f4xx_ll_usb.o
    0x080084c4   0x080084c4   0x0000004c   Code   RO         1599    i.USB_CoreReset     stm32f4xx_ll_usb.o
    0x08008510   0x08008510   0x0000014c   Code   RO         1602    i.USB_DeactivateEndpoint  stm32f4xx_ll_usb.o
    0x0800865c   0x0800865c   0x00000020   Code   RO         1603    i.USB_DevConnect    stm32f4xx_ll_usb.o
    0x0800867c   0x0800867c   0x00000020   Code   RO         1604    i.USB_DevDisconnect  stm32f4xx_ll_usb.o
    0x0800869c   0x0800869c   0x000001e0   Code   RO         1605    i.USB_DevInit       stm32f4xx_ll_usb.o
    0x0800887c   0x0800887c   0x0000000e   Code   RO         1606    i.USB_DisableGlobalInt  stm32f4xx_ll_usb.o
    0x0800888a   0x0800888a   0x00000002   PAD
    0x0800888c   0x0800888c   0x000001d8   Code   RO         1609    i.USB_EP0StartXfer  stm32f4xx_ll_usb.o
    0x08008a64   0x08008a64   0x00000070   Code   RO         1610    i.USB_EP0_OutStart  stm32f4xx_ll_usb.o
    0x08008ad4   0x08008ad4   0x0000008e   Code   RO         1611    i.USB_EPClearStall  stm32f4xx_ll_usb.o
    0x08008b62   0x08008b62   0x0000009a   Code   RO         1612    i.USB_EPSetStall    stm32f4xx_ll_usb.o
    0x08008bfc   0x08008bfc   0x00000344   Code   RO         1613    i.USB_EPStartXfer   stm32f4xx_ll_usb.o
    0x08008f40   0x08008f40   0x0000000e   Code   RO         1614    i.USB_EnableGlobalInt  stm32f4xx_ll_usb.o
    0x08008f4e   0x08008f4e   0x00000002   PAD
    0x08008f50   0x08008f50   0x0000002c   Code   RO         1615    i.USB_FlushRxFifo   stm32f4xx_ll_usb.o
    0x08008f7c   0x08008f7c   0x00000030   Code   RO         1616    i.USB_FlushTxFifo   stm32f4xx_ll_usb.o
    0x08008fac   0x08008fac   0x00000026   Code   RO         1618    i.USB_GetDevSpeed   stm32f4xx_ll_usb.o
    0x08008fd2   0x08008fd2   0x0000000a   Code   RO         1620    i.USB_GetMode       stm32f4xx_ll_usb.o
    0x08008fdc   0x08008fdc   0x00000014   Code   RO         1627    i.USB_ReadDevAllInEpInterrupt  stm32f4xx_ll_usb.o
    0x08008ff0   0x08008ff0   0x00000014   Code   RO         1628    i.USB_ReadDevAllOutEpInterrupt  stm32f4xx_ll_usb.o
    0x08009004   0x08009004   0x00000032   Code   RO         1629    i.USB_ReadDevInEPInterrupt  stm32f4xx_ll_usb.o
    0x08009036   0x08009036   0x0000001a   Code   RO         1630    i.USB_ReadDevOutEPInterrupt  stm32f4xx_ll_usb.o
    0x08009050   0x08009050   0x0000000a   Code   RO         1631    i.USB_ReadInterrupts  stm32f4xx_ll_usb.o
    0x0800905a   0x0800905a   0x00000022   Code   RO         1632    i.USB_ReadPacket    stm32f4xx_ll_usb.o
    0x0800907c   0x0800907c   0x00000036   Code   RO         1634    i.USB_SetCurrentMode  stm32f4xx_ll_usb.o
    0x080090b2   0x080090b2   0x0000002a   Code   RO         1635    i.USB_SetDevAddress  stm32f4xx_ll_usb.o
    0x080090dc   0x080090dc   0x00000012   Code   RO         1636    i.USB_SetDevSpeed   stm32f4xx_ll_usb.o
    0x080090ee   0x080090ee   0x00000002   PAD
    0x080090f0   0x080090f0   0x000000e8   Code   RO         1637    i.USB_SetTurnaroundTime  stm32f4xx_ll_usb.o
    0x080091d8   0x080091d8   0x0000003c   Code   RO         1640    i.USB_WritePacket   stm32f4xx_ll_usb.o
    0x08009214   0x08009214   0x0000000a   Code   RO           13    i.UVC_Control       usbd_uvc_if.o
    0x0800921e   0x0800921e   0x00000004   Code   RO           14    i.UVC_DeInit_FS     usbd_uvc_if.o
    0x08009222   0x08009222   0x00000002   PAD
    0x08009224   0x08009224   0x00000034   Code   RO           15    i.UVC_Init_FS       usbd_uvc_if.o
    0x08009258   0x08009258   0x00000006   Code   RO           16    i.UVC_Receive_FS    usbd_uvc_if.o
    0x0800925e   0x0800925e   0x00000002   PAD
    0x08009260   0x08009260   0x00000034   Code   RO           17    i.UVC_Transmit_FS   usbd_uvc_if.o
    0x08009294   0x08009294   0x000000ca   Code   RO           18    i.UVC_VC_ControlGet  usbd_uvc_if.o
    0x0800935e   0x0800935e   0x00000052   Code   RO           19    i.UVC_VC_ControlSet  usbd_uvc_if.o
    0x080093b0   0x080093b0   0x000000f4   Code   RO           20    i.UVC_VS_ControlGet  usbd_uvc_if.o
    0x080094a4   0x080094a4   0x0000007c   Code   RO           21    i.UVC_VS_ControlSet  usbd_uvc_if.o
    0x08009520   0x08009520   0x00000004   Code   RO          838    i.UsageFault_Handler  stm32f4xx_it.o
    0x08009524   0x08009524   0x00000060   Code   RO          255    i.VC_VIGIL_GetAttribute  usbd_uvc_lepton_xu.o
    0x08009584   0x08009584   0x0000007c   Code   RO          256    i.VC_VIGIL_GetAttributeLen  usbd_uvc_lepton_xu.o
    0x08009600   0x08009600   0x0000007e   Code   RO          257    i.VC_VIGIL_GetMaxValue  usbd_uvc_lepton_xu.o
    0x0800967e   0x0800967e   0x0000005c   Code   RO          258    i.VC_VIGIL_RunCommand  usbd_uvc_lepton_xu.o
    0x080096da   0x080096da   0x00000066   Code   RO          259    i.VC_VIGIL_SetAttribute  usbd_uvc_lepton_xu.o
    0x08009740   0x08009740   0x00000034   Code   RO         6213    i.__0snprintf$8     mc_w.l(printf8.o)
    0x08009774   0x08009774   0x00000010   Code   RO         2789    i.__NVIC_GetPriorityGrouping  stm32f4xx_hal_cortex.o
    0x08009784   0x08009784   0x00000028   Code   RO         2790    i.__NVIC_SetPriority  stm32f4xx_hal_cortex.o
    0x080097ac   0x080097ac   0x00000008   Code   RO         6339    i.__aeabi_errno_addr  mc_w.l(errno.o)
    0x080097b4   0x080097b4   0x0000000e   Code   RO         6395    i.__scatterload_copy  mc_w.l(handlers.o)
    0x080097c2   0x080097c2   0x00000002   Code   RO         6396    i.__scatterload_null  mc_w.l(handlers.o)
    0x080097c4   0x080097c4   0x0000000e   Code   RO         6397    i.__scatterload_zeroinit  mc_w.l(handlers.o)
    0x080097d2   0x080097d2   0x00000002   PAD
    0x080097d4   0x080097d4   0x00000404   Code   RO         6219    i._printf_core      mc_w.l(printf8.o)
    0x08009bd8   0x08009bd8   0x00000024   Code   RO         6220    i._printf_post_padding  mc_w.l(printf8.o)
    0x08009bfc   0x08009bfc   0x0000002e   Code   RO         6221    i._printf_pre_padding  mc_w.l(printf8.o)
    0x08009c2a   0x08009c2a   0x00000016   Code   RO         6222    i._snputc           mc_w.l(printf8.o)
    0x08009c40   0x08009c40   0x00000050   Code   RO         6266    i.free              mc_w.l(malloc.o)
    0x08009c90   0x08009c90   0x00000074   Code   RO         1077    i.getAvailableNeighbor  detectbadframe.o
    0x08009d04   0x08009d04   0x0000007a   Code   RO         1078    i.getNeighborAvg    detectbadframe.o
    0x08009d7e   0x08009d7e   0x00000002   PAD
    0x08009d80   0x08009d80   0x000001ec   Code   RO          336    i.main              main.o
    0x08009f6c   0x08009f6c   0x0000006c   Code   RO         6267    i.malloc            mc_w.l(malloc.o)
    0x08009fd8   0x08009fd8   0x00000294   Code   RO         1144    i.uvc_task          uvc_task.o
    0x0800a26c   0x0800a26c   0x00000108   Data   RO           22    .constdata          usbd_uvc_if.o
    0x0800a374   0x0800a374   0x00000a0c   Data   RO          338    .constdata          main.o
    0x0800ad80   0x0800ad80   0x00000008   Data   RO         2482    .constdata          stm32f4xx_hal_dma.o
    0x0800ad88   0x0800ad88   0x00000018   Data   RO         5535    .constdata          system_stm32f4xx.o
    0x0800ada0   0x0800ada0   0x00000081   Data   RO         6361    .constdata          mc_w.l(ctype_o.o)
    0x0800ae21   0x0800ae21   0x00000003   PAD
    0x0800ae24   0x0800ae24   0x00000004   Data   RO         6362    .constdata          mc_w.l(ctype_o.o)
    0x0800ae28   0x0800ae28   0x00000020   Data   RO         6393    Region$$Table       anon$$obj.o


    Execution Region RW_IRAM1 (Exec base: 0x20000000, Load base: 0x0800ae48, Size: 0x0001e758, Max: 0x00020000, ABSOLUTE, COMPRESSED[0x00000204])

    Exec Addr    Load Addr    Size         Type   Attr      Idx    E Section Name        Object

    0x20000000   COMPRESSED   0x00000074   Data   RW           23    .data               usbd_uvc_if.o
    0x20000074   COMPRESSED   0x00004d24   Data   RW          339    .data               main.o
    0x20004d98   COMPRESSED   0x00000034   Data   RW          749    .data               usbd_desc.o
    0x20004dcc   COMPRESSED   0x0000001a   Data   RW          840    .data               stm32f4xx_it.o
    0x20004de6   COMPRESSED   0x00000002   PAD
    0x20004de8   COMPRESSED   0x0000000d   Data   RW         1080    .data               detectbadframe.o
    0x20004df5   COMPRESSED   0x00000003   PAD
    0x20004df8   COMPRESSED   0x00000020   Data   RW         1147    .data               uvc_task.o
    0x20004e18   COMPRESSED   0x00000009   Data   RW         2938    .data               stm32f4xx_hal.o
    0x20004e21   COMPRESSED   0x00000003   PAD
    0x20004e24   COMPRESSED   0x00000004   Data   RW         5536    .data               system_stm32f4xx.o
    0x20004e28   COMPRESSED   0x0000022a   Data   RW         5585    .data               usbd_uvc.o
    0x20005052   COMPRESSED   0x00000001   Data   RW         5838    .data               usbd_ctlreq.o
    0x20005053   COMPRESSED   0x00000001   PAD
    0x20005054   COMPRESSED   0x00000004   Data   RW         6337    .data               mc_w.l(mvars.o)
    0x20005058   COMPRESSED   0x00000004   Data   RW         6338    .data               mc_w.l(mvars.o)
    0x2000505c   COMPRESSED   0x00000004   Data   RW         6342    .data               mc_w.l(errno.o)
    0x20005060        -       0x00009b7c   Zero   RW          337    .bss                main.o
    0x2000ebdc        -       0x000002d0   Zero   RW          515    .bss                usb_device.o
    0x2000eeac        -       0x00000408   Zero   RW          574    .bss                usbd_conf.o
    0x2000f2b4        -       0x00000200   Zero   RW          747    .bss                usbd_desc.o
    0x2000f4b4        -       0x0000e2a2   Zero   RW         1079    .bss                detectbadframe.o
    0x2001d756        -       0x000003ff   Zero   RW         1145    .bss                uvc_task.o
    0x2001db55   COMPRESSED   0x00000003   PAD
    0x2001db58        -       0x00000600   Zero   RW            2    HEAP                startup_stm32f411xe.o
    0x2001e158        -       0x00000600   Zero   RW            1    STACK               startup_stm32f411xe.o


==============================================================================

Image component sizes


      Code (inc. data)   RO Data    RW Data    ZI Data      Debug   Object Name

      2182        110          0         13      58018       8957   detectbadframe.o
      2378        298       2572      19748      39804      18267   main.o
       124         30          0          0          0       1471   spi_task.o
        36          8        408          0       3072        852   startup_stm32f411xe.o
       212         36          0          9          0       9485   stm32f4xx_hal.o
      1378         60          0          0          0       7026   stm32f4xx_hal_adc.o
       372         28          0          0          0      35313   stm32f4xx_hal_cortex.o
      1442         16          8          0          0       7893   stm32f4xx_hal_dma.o
       524         36          0          0          0       3794   stm32f4xx_hal_gpio.o
      4558         48          0          0          0      24511   stm32f4xx_hal_i2c.o
      1456        116          0          0          0       5378   stm32f4xx_hal_msp.o
      3296         14          0          0          0     460440   stm32f4xx_hal_pcd.o
        90          0          0          0          0       2613   stm32f4xx_hal_pcd_ex.o
      1800         84          0          0          0       5836   stm32f4xx_hal_rcc.o
      2378         62          0          0          0      17665   stm32f4xx_hal_spi.o
      1098         30          0          0          0      11068   stm32f4xx_hal_tim.o
       160         22          0          0          0       2665   stm32f4xx_hal_tim_ex.o
      2524         40          0          0          0      15645   stm32f4xx_hal_uart.o
       858        180          0         26          0      14089   stm32f4xx_it.o
      3782        102          0          0          0      23222   stm32f4xx_ll_usb.o
        28          4         24          4          0       1295   system_stm32f4xx.o
        60         16          0          0        720        792   usb_device.o
       794         20          0          0       1032      15580   usbd_conf.o
       902          0          0          0          0      13537   usbd_core.o
      2160         28          0          1          0      17240   usbd_ctlreq.o
       412        186          0         52        512       5855   usbd_desc.o
       174          0          0          0          0       4904   usbd_ioreq.o
       980         44          0        554          0      19748   usbd_uvc.o
       776         78        264        116          0     486697   usbd_uvc_if.o
       540         50          0          0          0       4424   usbd_uvc_lepton_xu.o
       718         64          0         32       1023       3196   uvc_task.o

    ----------------------------------------------------------------------
     38236       1810       3308      20564     104184    1249458   Object Totals
         0          0         32          0          0          0   (incl. Generated)
        44          0          0          9          3          0   (incl. Padding)

    ----------------------------------------------------------------------

      Code (inc. data)   RO Data    RW Data    ZI Data      Debug   Library Member Name

        86          0          0          0          0          0   __dczerorl2.o
        28          0          0          0          0         68   _chval.o
       158          0          0          0          0         92   _strtoul.o
        26          0          0          0          0         80   atoi.o
         8          4        133          0          0         68   ctype_o.o
         0          0          0          0          0          0   entry.o
         0          0          0          0          0          0   entry10a.o
         0          0          0          0          0          0   entry11a.o
         4          0          0          0          0          0   entry12b.o
         8          4          0          0          0          0   entry2.o
         4          0          0          0          0          0   entry5.o
         0          0          0          0          0          0   entry7b.o
         0          0          0          0          0          0   entry8b.o
         8          4          0          0          0          0   entry9a.o
         8          4          0          4          0         68   errno.o
        30          0          0          0          0          0   handlers.o
        36          8          0          0          0         68   init.o
         0          0          0          0          0          0   iusefp.o
        30          0          0          0          0         68   llshl.o
        36          0          0          0          0         68   llsshr.o
        32          0          0          0          0         68   llushr.o
       188         20          0          0          0        160   malloc.o
        36          0          0          0          0         68   memcpya.o
        36          0          0          0          0        108   memseta.o
         0          0          0          8          0          0   mvars.o
      1184         48          0          0          0        424   printf8.o
       112          0          0          0          0         88   strtol.o
        98          0          0          0          0         92   uldiv.o
        48          0          0          0          0         68   cdrcmple.o
       334          0          0          0          0        148   dadd.o
       186          0          0          0          0        176   depilogue.o
        62          0          0          0          0         80   dfixi.o
        50          0          0          0          0         76   dfixui.o
        34          0          0          0          0         76   dflti.o
        26          0          0          0          0         76   dfltui.o
        38          0          0          0          0         68   f2d.o

    ----------------------------------------------------------------------
      2936         92        136         12          0       2356   Library Totals
         2          0          3          0          0          0   (incl. Padding)

    ----------------------------------------------------------------------

      Code (inc. data)   RO Data    RW Data    ZI Data      Debug   Library Name

      2156         92        133         12          0       1588   mc_w.l
       778          0          0          0          0        768   mf_w.l

    ----------------------------------------------------------------------
      2936         92        136         12          0       2356   Library Totals

    ----------------------------------------------------------------------

==============================================================================


      Code (inc. data)   RO Data    RW Data    ZI Data      Debug   

     41172       1902       3444      20576     104184    1217050   Grand Totals
     41172       1902       3444        516     104184    1217050   ELF Image Totals (compressed)
     41172       1902       3444        516          0          0   ROM Totals

==============================================================================

    Total RO  Size (Code + RO Data)                44616 (  43.57kB)
    Total RW  Size (RW Data + ZI Data)            124760 ( 121.84kB)
    Total ROM Size (Code + RO Data + RW Data)      45132 (  44.07kB)

==============================================================================

