Component: ARM Compiler 5.06 update 7 (build 960) Tool: armlink [4d3601]

==============================================================================

Section Cross References

    startup_stm32f411xe.o(RESET) refers to startup_stm32f411xe.o(STACK) for __initial_sp
    startup_stm32f411xe.o(RESET) refers to startup_stm32f411xe.o(.text) for Reset_Handler
    startup_stm32f411xe.o(RESET) refers to stm32f4xx_it.o(i.NMI_Handler) for NMI_Handler
    startup_stm32f411xe.o(RESET) refers to stm32f4xx_it.o(i.HardFault_Handler) for HardFault_Handler
    startup_stm32f411xe.o(RESET) refers to stm32f4xx_it.o(i.MemManage_Handler) for MemManage_Handler
    startup_stm32f411xe.o(RESET) refers to stm32f4xx_it.o(i.BusFault_Handler) for BusFault_Handler
    startup_stm32f411xe.o(RESET) refers to stm32f4xx_it.o(i.UsageFault_Handler) for UsageFault_Handler
    startup_stm32f411xe.o(RESET) refers to stm32f4xx_it.o(i.SVC_Handler) for SVC_Handler
    startup_stm32f411xe.o(RESET) refers to stm32f4xx_it.o(i.DebugMon_Handler) for DebugMon_Handler
    startup_stm32f411xe.o(RESET) refers to stm32f4xx_it.o(i.PendSV_Handler) for PendSV_Handler
    startup_stm32f411xe.o(RESET) refers to stm32f4xx_it.o(i.SysTick_Handler) for SysTick_Handler
    startup_stm32f411xe.o(RESET) refers to stm32f4xx_it.o(i.RCC_IRQHandler) for RCC_IRQHandler
    startup_stm32f411xe.o(RESET) refers to stm32f4xx_it.o(i.DMA1_Stream3_IRQHandler) for DMA1_Stream3_IRQHandler
    startup_stm32f411xe.o(RESET) refers to stm32f4xx_it.o(i.EXTI9_5_IRQHandler) for EXTI9_5_IRQHandler
    startup_stm32f411xe.o(RESET) refers to stm32f4xx_it.o(i.TIM3_IRQHandler) for TIM3_IRQHandler
    startup_stm32f411xe.o(RESET) refers to stm32f4xx_it.o(i.I2C1_EV_IRQHandler) for I2C1_EV_IRQHandler
    startup_stm32f411xe.o(RESET) refers to stm32f4xx_it.o(i.I2C1_ER_IRQHandler) for I2C1_ER_IRQHandler
    startup_stm32f411xe.o(RESET) refers to stm32f4xx_it.o(i.SPI1_IRQHandler) for SPI1_IRQHandler
    startup_stm32f411xe.o(RESET) refers to stm32f4xx_it.o(i.SPI2_IRQHandler) for SPI2_IRQHandler
    startup_stm32f411xe.o(RESET) refers to stm32f4xx_it.o(i.USART1_IRQHandler) for USART1_IRQHandler
    startup_stm32f411xe.o(RESET) refers to stm32f4xx_it.o(i.USART2_IRQHandler) for USART2_IRQHandler
    startup_stm32f411xe.o(RESET) refers to stm32f4xx_it.o(i.DMA2_Stream2_IRQHandler) for DMA2_Stream2_IRQHandler
    startup_stm32f411xe.o(RESET) refers to stm32f4xx_it.o(i.DMA2_Stream4_IRQHandler) for DMA2_Stream4_IRQHandler
    startup_stm32f411xe.o(RESET) refers to stm32f4xx_it.o(i.OTG_FS_IRQHandler) for OTG_FS_IRQHandler
    startup_stm32f411xe.o(RESET) refers to stm32f4xx_it.o(i.DMA2_Stream5_IRQHandler) for DMA2_Stream5_IRQHandler
    startup_stm32f411xe.o(RESET) refers to stm32f4xx_it.o(i.DMA2_Stream7_IRQHandler) for DMA2_Stream7_IRQHandler
    startup_stm32f411xe.o(.text) refers to system_stm32f4xx.o(i.SystemInit) for SystemInit
    startup_stm32f411xe.o(.text) refers to entry.o(.ARM.Collect$$$$00000000) for __main
    usbd_uvc_if.o(i.UVC_Init_FS) refers to usbd_uvc.o(i.USBD_UVC_SetTxBuffer) for USBD_UVC_SetTxBuffer
    usbd_uvc_if.o(i.UVC_Init_FS) refers to usbd_uvc.o(i.USBD_UVC_SetRxBuffer) for USBD_UVC_SetRxBuffer
    usbd_uvc_if.o(i.UVC_Init_FS) refers to usb_device.o(.bss) for hUsbDeviceFS
    usbd_uvc_if.o(i.UVC_Init_FS) refers to usbd_uvc_if.o(.data) for hUsbDevice_0
    usbd_uvc_if.o(i.UVC_Transmit_FS) refers to stm32f4xx_hal_cortex.o(i.HAL_NVIC_DisableIRQ) for HAL_NVIC_DisableIRQ
    usbd_uvc_if.o(i.UVC_Transmit_FS) refers to usbd_uvc.o(i.USBD_UVC_SetTxBuffer) for USBD_UVC_SetTxBuffer
    usbd_uvc_if.o(i.UVC_Transmit_FS) refers to usbd_uvc.o(i.USBD_UVC_TransmitPacket) for USBD_UVC_TransmitPacket
    usbd_uvc_if.o(i.UVC_Transmit_FS) refers to stm32f4xx_hal_cortex.o(i.HAL_NVIC_EnableIRQ) for HAL_NVIC_EnableIRQ
    usbd_uvc_if.o(i.UVC_Transmit_FS) refers to usbd_uvc_if.o(.data) for hUsbDevice_0
    usbd_uvc_if.o(i.UVC_VC_ControlGet) refers to memseta.o(.text) for __aeabi_memclr
    usbd_uvc_if.o(i.UVC_VC_ControlGet) refers to usbd_uvc_lepton_xu.o(i.VC_VIGIL_GetAttribute) for VC_VIGIL_GetAttribute
    usbd_uvc_if.o(i.UVC_VC_ControlGet) refers to usbd_uvc_lepton_xu.o(i.VC_VIGIL_GetMaxValue) for VC_VIGIL_GetMaxValue
    usbd_uvc_if.o(i.UVC_VC_ControlGet) refers to usbd_uvc_lepton_xu.o(i.VC_VIGIL_GetAttributeLen) for VC_VIGIL_GetAttributeLen
    usbd_uvc_if.o(i.UVC_VC_ControlSet) refers to usbd_uvc_lepton_xu.o(i.VC_VIGIL_RunCommand) for VC_VIGIL_RunCommand
    usbd_uvc_if.o(i.UVC_VC_ControlSet) refers to usbd_uvc_lepton_xu.o(i.VC_VIGIL_SetAttribute) for VC_VIGIL_SetAttribute
    usbd_uvc_if.o(i.UVC_VS_ControlGet) refers to memseta.o(.text) for __aeabi_memclr
    usbd_uvc_if.o(i.UVC_VS_ControlGet) refers to memcpya.o(.text) for __aeabi_memcpy
    usbd_uvc_if.o(i.UVC_VS_ControlGet) refers to usbd_uvc_if.o(.data) for videoProbeControl
    usbd_uvc_if.o(i.UVC_VS_ControlGet) refers to usbd_uvc.o(.data) for g_lepton_type_3
[...]
    __aeabi_f2d                              0x08000493   Thumb Code    38  f2d.o(.text)
    __aeabi_cdrcmple                         0x080004b9   Thumb Code    48  cdrcmple.o(.text)
    __aeabi_llsl                             0x080004e9   Thumb Code    30  llshl.o(.text)
    _ll_shift_l                              0x080004e9   Thumb Code     0  llshl.o(.text)
    __aeabi_llsr                             0x08000507   Thumb Code    32  llushr.o(.text)
    _ll_ushift_r                             0x08000507   Thumb Code     0  llushr.o(.text)
    __aeabi_lasr                             0x08000527   Thumb Code    36  llsshr.o(.text)
    _ll_sshift_r                             0x08000527   Thumb Code     0  llsshr.o(.text)
    strtol                                   0x0800054b   Thumb Code   112  strtol.o(.text)
    __I$use$fp                               0x080005bb   Thumb Code     0  iusefp.o(.text)
    _double_round                            0x080005bb   Thumb Code    30  depilogue.o(.text)
    _double_epilogue                         0x080005d9   Thumb Code   156  depilogue.o(.text)
    __scatterload                            0x08000675   Thumb Code    28  init.o(.text)
    __scatterload_rt2                        0x08000675   Thumb Code     0  init.o(.text)
    __rt_ctype_table                         0x08000699   Thumb Code     4  ctype_o.o(.text)
    _strtoul                                 0x080006a1   Thumb Code   158  _strtoul.o(.text)
    _chval                                   0x0800073f   Thumb Code    28  _chval.o(.text)
    __decompress                             0x0800075b   Thumb Code     0  __dczerorl2.o(.text)
    __decompress1                            0x0800075b   Thumb Code    86  __dczerorl2.o(.text)
    BusFault_Handler                         0x080009d9   Thumb Code     4  stm32f4xx_it.o(i.BusFault_Handler)
    CaculateCRC                              0x080009dd   Thumb Code    30  main.o(i.CaculateCRC)
    CheckThermalReady                        0x08000a01   Thumb Code    24  main.o(i.CheckThermalReady)
    DMA1_Stream3_IRQHandler                  0x08000a1d   Thumb Code    10  stm32f4xx_it.o(i.DMA1_Stream3_IRQHandler)
    DMA2_Stream2_IRQHandler                  0x08000a2d   Thumb Code    10  stm32f4xx_it.o(i.DMA2_Stream2_IRQHandler)
    DMA2_Stream4_IRQHandler                  0x08000a3d   Thumb Code    10  stm32f4xx_it.o(i.DMA2_Stream4_IRQHandler)
    DMA2_Stream5_IRQHandler                  0x08000a4d   Thumb Code    10  stm32f4xx_it.o(i.DMA2_Stream5_IRQHandler)
    DMA2_Stream7_IRQHandler                  0x08000a5d   Thumb Code    10  stm32f4xx_it.o(i.DMA2_Stream7_IRQHandler)
    DebugMon_Handler                         0x08000b77   Thumb Code     2  stm32f4xx_it.o(i.DebugMon_Handler)
    DetectBadFrameInit                       0x08000b79   Thumb Code    24  main.o(i.DetectBadFrameInit)
    DetectBadLine                            0x08000b95   Thumb Code   998  detectbadframe.o(i.DetectBadLine)
    DetectBadLine_task                       0x08000fa9   Thumb Code   104  detectbadframe.o(i.DetectBadLine_task)
    DetectBadPixel                           0x0800102d   Thumb Code   372  detectbadframe.o(i.DetectBadPixel)
    EXTI9_5_IRQHandler                       0x080011bd   Thumb Code   112  stm32f4xx_it.o(i.EXTI9_5_IRQHandler)
    Error_Handler                            0x08001249   Thumb Code     2  main.o(i.Error_Handler)
    FixBadLine                               0x0800124b   Thumb Code   288  detectbadframe.o(i.FixBadLine)
    FixBadPixel                              0x0800136d   Thumb Code    58  detectbadframe.o(i.FixBadPixel)
    HAL_ADC_ConfigChannel                    0x080013ad   Thumb Code   400  stm32f4xx_hal_adc.o(i.HAL_ADC_ConfigChannel)
    HAL_ADC_ConvCpltCallback                 0x08001551   Thumb Code   186  main.o(i.HAL_ADC_ConvCpltCallback)
    HAL_ADC_ConvHalfCpltCallback             0x08001635   Thumb Code     2  stm32f4xx_hal_adc.o(i.HAL_ADC_ConvHalfCpltCallback)
    HAL_ADC_ErrorCallback                    0x08001637   Thumb Code     2  stm32f4xx_hal_adc.o(i.HAL_ADC_ErrorCallback)
    HAL_ADC_Init                             0x08001639   Thumb Code   100  stm32f4xx_hal_adc.o(i.HAL_ADC_Init)
    HAL_ADC_MspInit                          0x080016a1   Thumb Code   174  stm32f4xx_hal_msp.o(i.HAL_ADC_MspInit)
    HAL_ADC_Start_DMA                        0x08001765   Thumb Code   304  stm32f4xx_hal_adc.o(i.HAL_ADC_Start_DMA)
    HAL_DMA_Abort                            0x080018b1   Thumb Code   170  stm32f4xx_hal_dma.o(i.HAL_DMA_Abort)
    HAL_DMA_Abort_IT                         0x0800195b   Thumb Code    40  stm32f4xx_hal_dma.o(i.HAL_DMA_Abort_IT)
    HAL_DMA_GetState                         0x08001983   Thumb Code     8  stm32f4xx_hal_dma.o(i.HAL_DMA_GetState)
    HAL_DMA_IRQHandler                       0x0800198d   Thumb Code   570  stm32f4xx_hal_dma.o(i.HAL_DMA_IRQHandler)
    HAL_DMA_Init                             0x08001bcd   Thumb Code   232  stm32f4xx_hal_dma.o(i.HAL_DMA_Init)
    HAL_DMA_Start_IT                         0x08001cb9   Thumb Code   146  stm32f4xx_hal_dma.o(i.HAL_DMA_Start_IT)
    HAL_Delay                                0x08001d4d   Thumb Code    36  stm32f4xx_hal.o(i.HAL_Delay)
    HAL_GPIO_EXTI_Callback                   0x08001d75   Thumb Code    36  main.o(i.HAL_GPIO_EXTI_Callback)
    HAL_GPIO_EXTI_IRQHandler                 0x08001da1   Thumb Code    24  stm32f4xx_hal_gpio.o(i.HAL_GPIO_EXTI_IRQHandler)
    HAL_GPIO_Init                            0x08001dbd   Thumb Code   436  stm32f4xx_hal_gpio.o(i.HAL_GPIO_Init)
    HAL_GPIO_ReadPin                         0x08001f91   Thumb Code    16  stm32f4xx_hal_gpio.o(i.HAL_GPIO_ReadPin)
    HAL_GPIO_WritePin                        0x08001fa1   Thumb Code    12  stm32f4xx_hal_gpio.o(i.HAL_GPIO_WritePin)
    HAL_GetTick                              0x08001fad   Thumb Code     6  stm32f4xx_hal.o(i.HAL_GetTick)
    HAL_I2C_AbortCpltCallback                0x08001fb9   Thumb Code     2  stm32f4xx_hal_i2c.o(i.HAL_I2C_AbortCpltCallback)
    HAL_I2C_AddrCallback                     0x08001fbb   Thumb Code     2  stm32f4xx_hal_i2c.o(i.HAL_I2C_AddrCallback)
    HAL_I2C_ER_IRQHandler                    0x08001fbd   Thumb Code   212  stm32f4xx_hal_i2c.o(i.HAL_I2C_ER_IRQHandler)
    HAL_I2C_EV_IRQHandler                    0x08002091   Thumb Code   452  stm32f4xx_hal_i2c.o(i.HAL_I2C_EV_IRQHandler)
    HAL_I2C_ErrorCallback                    0x08002255   Thumb Code     2  stm32f4xx_hal_i2c.o(i.HAL_I2C_ErrorCallback)
    HAL_I2C_Init                             0x08002259   Thumb Code   446  stm32f4xx_hal_i2c.o(i.HAL_I2C_Init)
    HAL_I2C_ListenCpltCallback               0x08002429   Thumb Code     2  stm32f4xx_hal_i2c.o(i.HAL_I2C_ListenCpltCallback)
    HAL_I2C_MasterRxCpltCallback             0x0800242b   Thumb Code     2  stm32f4xx_hal_i2c.o(i.HAL_I2C_MasterRxCpltCallback)
    HAL_I2C_MasterTxCpltCallback             0x0800242d   Thumb Code     2  stm32f4xx_hal_i2c.o(i.HAL_I2C_MasterTxCpltCallback)
    HAL_I2C_MemRxCpltCallback                0x0800242f   Thumb Code     2  stm32f4xx_hal_i2c.o(i.HAL_I2C_MemRxCpltCallback)
    HAL_I2C_MemTxCpltCallback                0x08002431   Thumb Code     2  stm32f4xx_hal_i2c.o(i.HAL_I2C_MemTxCpltCallback)
    HAL_I2C_MspInit                          0x08002435   Thumb Code   156  stm32f4xx_hal_msp.o(i.HAL_I2C_MspInit)
    HAL_I2C_SlaveRxCpltCallback              0x080024dd   Thumb Code     2  stm32f4xx_hal_i2c.o(i.HAL_I2C_SlaveRxCpltCallback)
    HAL_I2C_SlaveTxCpltCallback              0x080024e1   Thumb Code    48  main.o(i.HAL_I2C_SlaveTxCpltCallback)
    HAL_I2C_Slave_Transmit_IT                0x08002521   Thumb Code   146  stm32f4xx_hal_i2c.o(i.HAL_I2C_Slave_Transmit_IT)
    HAL_IncTick                              0x080025b9   Thumb Code    16  stm32f4xx_hal.o(i.HAL_IncTick)
    HAL_Init                                 0x080025d1   Thumb Code    54  stm32f4xx_hal.o(i.HAL_Init)
    HAL_InitTick                             0x0800260d   Thumb Code    64  stm32f4xx_hal.o(i.HAL_InitTick)
    HAL_MspInit                              0x08002659   Thumb Code    84  stm32f4xx_hal_msp.o(i.HAL_MspInit)
    HAL_NVIC_DisableIRQ                      0x080026b1   Thumb Code    62  stm32f4xx_hal_cortex.o(i.HAL_NVIC_DisableIRQ)
    HAL_NVIC_EnableIRQ                       0x080026f5   Thumb Code    32  stm32f4xx_hal_cortex.o(i.HAL_NVIC_EnableIRQ)
    HAL_NVIC_SetPriority                     0x08002715   Thumb Code   124  stm32f4xx_hal_cortex.o(i.HAL_NVIC_SetPriority)
    HAL_NVIC_SetPriorityGrouping             0x08002791   Thumb Code    32  stm32f4xx_hal_cortex.o(i.HAL_NVIC_SetPriorityGrouping)
    HAL_PCDEx_LPM_Callback                   0x080027b9   Thumb Code     2  stm32f4xx_hal_pcd_ex.o(i.HAL_PCDEx_LPM_Callback)
    HAL_PCDEx_SetRxFiFo                      0x080027bb   Thumb Code    10  stm32f4xx_hal_pcd_ex.o(i.HAL_PCDEx_SetRxFiFo)
    HAL_PCDEx_SetTxFiFo                      0x080027c5   Thumb Code    78  stm32f4xx_hal_pcd_ex.o(i.HAL_PCDEx_SetTxFiFo)
    HAL_PCD_ConnectCallback                  0x08002813   Thumb Code    14  usbd_conf.o(i.HAL_PCD_ConnectCallback)
    HAL_PCD_DataInStageCallback              0x08002821   Thumb Code    32  usbd_conf.o(i.HAL_PCD_DataInStageCallback)
    HAL_PCD_DataOutStageCallback             0x08002841   Thumb Code    32  usbd_conf.o(i.HAL_PCD_DataOutStageCallback)
    HAL_PCD_DisconnectCallback               0x08002861   Thumb Code    14  usbd_conf.o(i.HAL_PCD_DisconnectCallback)
    HAL_PCD_EP_Close                         0x0800286f   Thumb Code   106  stm32f4xx_hal_pcd.o(i.HAL_PCD_EP_Close)
    HAL_PCD_EP_ClrStall                      0x080028d9   Thumb Code   124  stm32f4xx_hal_pcd.o(i.HAL_PCD_EP_ClrStall)
    HAL_PCD_EP_Flush                         0x08002955   Thumb Code    68  stm32f4xx_hal_pcd.o(i.HAL_PCD_EP_Flush)
    HAL_PCD_EP_GetRxCount                    0x08002999   Thumb Code    22  stm32f4xx_hal_pcd.o(i.HAL_PCD_EP_GetRxCount)
    HAL_PCD_EP_Open                          0x080029af   Thumb Code   140  stm32f4xx_hal_pcd.o(i.HAL_PCD_EP_Open)
    HAL_PCD_EP_Receive                       0x08002a3b   Thumb Code    88  stm32f4xx_hal_pcd.o(i.HAL_PCD_EP_Receive)
    HAL_PCD_EP_SetStall                      0x08002a93   Thumb Code   138  stm32f4xx_hal_pcd.o(i.HAL_PCD_EP_SetStall)
    HAL_PCD_EP_Transmit                      0x08002b1d   Thumb Code    90  stm32f4xx_hal_pcd.o(i.HAL_PCD_EP_Transmit)
    HAL_PCD_IRQHandler                       0x08002b77   Thumb Code  1372  stm32f4xx_hal_pcd.o(i.HAL_PCD_IRQHandler)
    HAL_PCD_ISOINIncompleteCallback          0x080030d3   Thumb Code    18  usbd_conf.o(i.HAL_PCD_ISOINIncompleteCallback)
    HAL_PCD_ISOOUTIncompleteCallback         0x080030e5   Thumb Code    18  usbd_conf.o(i.HAL_PCD_ISOOUTIncompleteCallback)
    HAL_PCD_Init                             0x080030f7   Thumb Code   358  stm32f4xx_hal_pcd.o(i.HAL_PCD_Init)
    HAL_PCD_MspInit                          0x0800325d   Thumb Code   116  usbd_conf.o(i.HAL_PCD_MspInit)
    HAL_PCD_ResetCallback                    0x080032d9   Thumb Code    50  usbd_conf.o(i.HAL_PCD_ResetCallback)
    HAL_PCD_ResumeCallback                   0x0800330b   Thumb Code    14  usbd_conf.o(i.HAL_PCD_ResumeCallback)
    HAL_PCD_SOFCallback                      0x08003319   Thumb Code    14  usbd_conf.o(i.HAL_PCD_SOFCallback)
    HAL_PCD_SetAddress                       0x08003327   Thumb Code    54  stm32f4xx_hal_pcd.o(i.HAL_PCD_SetAddress)
    HAL_PCD_SetupStageCallback               0x0800335d   Thumb Code    18  usbd_conf.o(i.HAL_PCD_SetupStageCallback)
    HAL_PCD_Start                            0x0800336f   Thumb Code    74  stm32f4xx_hal_pcd.o(i.HAL_PCD_Start)
    HAL_PCD_SuspendCallback                  0x080033b9   Thumb Code    46  usbd_conf.o(i.HAL_PCD_SuspendCallback)
    HAL_RCC_ClockConfig                      0x080033ed   Thumb Code   368  stm32f4xx_hal_rcc.o(i.HAL_RCC_ClockConfig)
    HAL_RCC_GetHCLKFreq                      0x08003571   Thumb Code     6  stm32f4xx_hal_rcc.o(i.HAL_RCC_GetHCLKFreq)
    HAL_RCC_GetPCLK1Freq                     0x0800357d   Thumb Code    22  stm32f4xx_hal_rcc.o(i.HAL_RCC_GetPCLK1Freq)
    HAL_RCC_GetPCLK2Freq                     0x0800359d   Thumb Code    22  stm32f4xx_hal_rcc.o(i.HAL_RCC_GetPCLK2Freq)
    HAL_RCC_GetSysClockFreq                  0x080035bd   Thumb Code   162  stm32f4xx_hal_rcc.o(i.HAL_RCC_GetSysClockFreq)
    HAL_RCC_OscConfig                        0x0800366d   Thumb Code  1152  stm32f4xx_hal_rcc.o(i.HAL_RCC_OscConfig)
    HAL_SPI_DMAResume                        0x08003af5   Thumb Code    50  stm32f4xx_hal_spi.o(i.HAL_SPI_DMAResume)
    HAL_SPI_DMAStop                          0x08003b27   Thumb Code    72  stm32f4xx_hal_spi.o(i.HAL_SPI_DMAStop)
    HAL_SPI_ErrorCallback                    0x08003b6f   Thumb Code     2  stm32f4xx_hal_spi.o(i.HAL_SPI_ErrorCallback)
    HAL_SPI_IRQHandler                       0x08003b71   Thumb Code   342  stm32f4xx_hal_spi.o(i.HAL_SPI_IRQHandler)
    HAL_SPI_Init                             0x08003ccd   Thumb Code   140  stm32f4xx_hal_spi.o(i.HAL_SPI_Init)
    HAL_SPI_MspInit                          0x08003d59   Thumb Code   376  stm32f4xx_hal_msp.o(i.HAL_SPI_MspInit)
    HAL_SPI_Receive_DMA                      0x08003ef5   Thumb Code   258  stm32f4xx_hal_spi.o(i.HAL_SPI_Receive_DMA)
    HAL_SPI_RxCpltCallback                   0x08004005   Thumb Code    96  main.o(i.HAL_SPI_RxCpltCallback)
    HAL_SPI_RxHalfCpltCallback               0x0800407d   Thumb Code     2  stm32f4xx_hal_spi.o(i.HAL_SPI_RxHalfCpltCallback)
    HAL_SPI_TransmitReceive_DMA              0x08004081   Thumb Code   342  stm32f4xx_hal_spi.o(i.HAL_SPI_TransmitReceive_DMA)
    HAL_SPI_Transmit_DMA                     0x080041ed   Thumb Code   228  stm32f4xx_hal_spi.o(i.HAL_SPI_Transmit_DMA)
    HAL_SPI_TxCpltCallback                   0x080042dd   Thumb Code     8  main.o(i.HAL_SPI_TxCpltCallback)
    HAL_SPI_TxHalfCpltCallback               0x080042e9   Thumb Code     2  stm32f4xx_hal_spi.o(i.HAL_SPI_TxHalfCpltCallback)
    HAL_SPI_TxRxCpltCallback                 0x080042eb   Thumb Code     2  stm32f4xx_hal_spi.o(i.HAL_SPI_TxRxCpltCallback)
    HAL_SPI_TxRxHalfCpltCallback             0x080042ed   Thumb Code     2  stm32f4xx_hal_spi.o(i.HAL_SPI_TxRxHalfCpltCallback)
    HAL_SYSTICK_Config                       0x080042ef   Thumb Code    52  stm32f4xx_hal_cortex.o(i.HAL_SYSTICK_Config)
    HAL_TIMEx_BreakCallback                  0x08004323   Thumb Code     2  stm32f4xx_hal_tim_ex.o(i.HAL_TIMEx_BreakCallback)
    HAL_TIMEx_CommutCallback                 0x08004325   Thumb Code     2  stm32f4xx_hal_tim_ex.o(i.HAL_TIMEx_CommutCallback)
    HAL_TIMEx_MasterConfigSynchronization    0x08004329   Thumb Code   134  stm32f4xx_hal_tim_ex.o(i.HAL_TIMEx_MasterConfigSynchronization)
    HAL_TIM_Base_Init                        0x080043c5   Thumb Code    52  stm32f4xx_hal_tim.o(i.HAL_TIM_Base_Init)
    HAL_TIM_Base_MspInit                     0x080043f9   Thumb Code   102  stm32f4xx_hal_msp.o(i.HAL_TIM_Base_MspInit)
    HAL_TIM_Base_Start                       0x08004469   Thumb Code    42  stm32f4xx_hal_tim.o(i.HAL_TIM_Base_Start)
    HAL_TIM_Base_Start_IT                    0x08004493   Thumb Code    42  stm32f4xx_hal_tim.o(i.HAL_TIM_Base_Start_IT)
    HAL_TIM_ConfigClockSource                0x080044bd   Thumb Code   264  stm32f4xx_hal_tim.o(i.HAL_TIM_ConfigClockSource)
    HAL_TIM_IC_CaptureCallback               0x080045c5   Thumb Code     2  stm32f4xx_hal_tim.o(i.HAL_TIM_IC_CaptureCallback)
    HAL_TIM_IRQHandler                       0x080045c7   Thumb Code   406  stm32f4xx_hal_tim.o(i.HAL_TIM_IRQHandler)
    HAL_TIM_OC_DelayElapsedCallback          0x0800475d   Thumb Code     2  stm32f4xx_hal_tim.o(i.HAL_TIM_OC_DelayElapsedCallback)
    HAL_TIM_PWM_PulseFinishedCallback        0x0800475f   Thumb Code     2  stm32f4xx_hal_tim.o(i.HAL_TIM_PWM_PulseFinishedCallback)
    HAL_TIM_PeriodElapsedCallback            0x08004761   Thumb Code     2  stm32f4xx_hal_tim.o(i.HAL_TIM_PeriodElapsedCallback)
    HAL_TIM_TriggerCallback                  0x08004763   Thumb Code     2  stm32f4xx_hal_tim.o(i.HAL_TIM_TriggerCallback)
    HAL_UART_DMAStop                         0x08004765   Thumb Code   102  stm32f4xx_hal_uart.o(i.HAL_UART_DMAStop)
    HAL_UART_ErrorCallback                   0x080047cb   Thumb Code     2  stm32f4xx_hal_uart.o(i.HAL_UART_ErrorCallback)
    HAL_UART_IRQHandler                      0x080047cd   Thumb Code   336  stm32f4xx_hal_uart.o(i.HAL_UART_IRQHandler)
    HAL_UART_Init                            0x08004921   Thumb Code   114  stm32f4xx_hal_uart.o(i.HAL_UART_Init)
    HAL_UART_MspInit                         0x08004995   Thumb Code   448  stm32f4xx_hal_msp.o(i.HAL_UART_MspInit)
    HAL_UART_Receive_DMA                     0x08004b75   Thumb Code   182  stm32f4xx_hal_uart.o(i.HAL_UART_Receive_DMA)
    HAL_UART_RxCpltCallback                  0x08004c39   Thumb Code     2  stm32f4xx_hal_uart.o(i.HAL_UART_RxCpltCallback)
    HAL_UART_RxHalfCpltCallback              0x08004c3b   Thumb Code     2  stm32f4xx_hal_uart.o(i.HAL_UART_RxHalfCpltCallback)
    HAL_UART_Transmit_DMA                    0x08004c3d   Thumb Code   142  stm32f4xx_hal_uart.o(i.HAL_UART_Transmit_DMA)
    HAL_UART_TxCpltCallback                  0x08004cd9   Thumb Code     2  stm32f4xx_hal_uart.o(i.HAL_UART_TxCpltCallback)
    HAL_UART_TxHalfCpltCallback              0x08004cdb   Thumb Code     2  stm32f4xx_hal_uart.o(i.HAL_UART_TxHalfCpltCallback)
    HardFault_Handler                        0x08004cdd   Thumb Code     4  stm32f4xx_it.o(i.HardFault_Handler)
    I2C1_ER_IRQHandler                       0x08004ce1   Thumb Code    10  stm32f4xx_it.o(i.I2C1_ER_IRQHandler)
    I2C1_EV_IRQHandler                       0x08004cf1   Thumb Code    16  stm32f4xx_it.o(i.I2C1_EV_IRQHandler)
    I2C_reset                                0x080059c5   Thumb Code   128  main.o(i.I2C_reset)
    MX_SPI1_Init                             0x08005c91   Thumb Code    54  main.o(i.MX_SPI1_Init)
    MX_SPI2_Init                             0x08005cd1   Thumb Code    58  main.o(i.MX_SPI2_Init)
    MX_USB_DEVICE_Init                       0x08005e45   Thumb Code    44  usb_device.o(i.MX_USB_DEVICE_Init)
    MemManage_Handler                        0x08005e81   Thumb Code     4  stm32f4xx_it.o(i.MemManage_Handler)
    NMI_Handler                              0x08005e85   Thumb Code     2  stm32f4xx_it.o(i.NMI_Handler)
    OTG_FS_IRQHandler                        0x08005e89   Thumb Code    10  stm32f4xx_it.o(i.OTG_FS_IRQHandler)
    PendSV_Handler                           0x0800612f   Thumb Code     2  stm32f4xx_it.o(i.PendSV_Handler)
    RCC_IRQHandler                           0x08006131   Thumb Code     2  stm32f4xx_it.o(i.RCC_IRQHandler)
    SPI1_IRQHandler                          0x08006135   Thumb Code    10  stm32f4xx_it.o(i.SPI1_IRQHandler)
    SPI2_IRQHandler                          0x08006145   Thumb Code    10  stm32f4xx_it.o(i.SPI2_IRQHandler)
    SVC_Handler                              0x080064c9   Thumb Code     2  stm32f4xx_it.o(i.SVC_Handler)
    SendToPi_task                            0x080064dd   Thumb Code    78  spi_task.o(i.SendToPi_task)
    SetI2CAsSlave                            0x0800653d   Thumb Code    32  main.o(i.SetI2CAsSlave)
    SysTick_Handler                          0x08006569   Thumb Code     8  stm32f4xx_it.o(i.SysTick_Handler)
    SystemClock_Config                       0x08006571   Thumb Code   168  main.o(i.SystemClock_Config)
    SystemInit                               0x08006621   Thumb Code    24  system_stm32f4xx.o(i.SystemInit)
    TIM3_IRQHandler                          0x0800663d   Thumb Code   222  stm32f4xx_it.o(i.TIM3_IRQHandler)
    TIM_Base_SetConfig                       0x08006751   Thumb Code   134  stm32f4xx_hal_tim.o(i.TIM_Base_SetConfig)
    TIM_ETR_SetConfig                        0x080067f5   Thumb Code    22  stm32f4xx_hal_tim.o(i.TIM_ETR_SetConfig)
    TemperatureToRGB                         0x0800686b   Thumb Code    58  uvc_task.o(i.TemperatureToRGB)
    USART1_IRQHandler                        0x08006eed   Thumb Code   194  stm32f4xx_it.o(i.USART1_IRQHandler)
    USART2_IRQHandler                        0x08006fcd   Thumb Code    10  stm32f4xx_it.o(i.USART2_IRQHandler)
    USBD_ClrClassConfig                      0x08006fdd   Thumb Code    28  usbd_core.o(i.USBD_ClrClassConfig)
    USBD_CtlContinueRx                       0x08007037   Thumb Code    24  usbd_ioreq.o(i.USBD_CtlContinueRx)
    USBD_CtlContinueSendData                 0x0800704f   Thumb Code    24  usbd_ioreq.o(i.USBD_CtlContinueSendData)
    USBD_CtlError                            0x08007067   Thumb Code    24  usbd_ctlreq.o(i.USBD_CtlError)
    USBD_CtlPrepareRx                        0x0800707f   Thumb Code    40  usbd_ioreq.o(i.USBD_CtlPrepareRx)
    USBD_CtlReceiveStatus                    0x080070a7   Thumb Code    26  usbd_ioreq.o(i.USBD_CtlReceiveStatus)
    USBD_CtlSendData                         0x080070c1   Thumb Code    34  usbd_ioreq.o(i.USBD_CtlSendData)
    USBD_CtlSendStatus                       0x080070e3   Thumb Code    26  usbd_ioreq.o(i.USBD_CtlSendStatus)
    USBD_FS_ConfigStrDescriptor              0x080070fd   Thumb Code    34  usbd_desc.o(i.USBD_FS_ConfigStrDescriptor)
    USBD_FS_DeviceDescriptor                 0x08007145   Thumb Code    10  usbd_desc.o(i.USBD_FS_DeviceDescriptor)
    USBD_FS_InterfaceStrDescriptor           0x08007155   Thumb Code    34  usbd_desc.o(i.USBD_FS_InterfaceStrDescriptor)
    USBD_FS_LangIDStrDescriptor              0x08007199   Thumb Code    10  usbd_desc.o(i.USBD_FS_LangIDStrDescriptor)
    USBD_FS_ManufacturerStrDescriptor        0x080071a9   Thumb Code    20  usbd_desc.o(i.USBD_FS_ManufacturerStrDescriptor)
    USBD_FS_ProductStrDescriptor             0x080071cd   Thumb Code    40  usbd_desc.o(i.USBD_FS_ProductStrDescriptor)
    USBD_FS_SerialStrDescriptor              0x08007219   Thumb Code    78  usbd_desc.o(i.USBD_FS_SerialStrDescriptor)
    USBD_GetString                           0x0800755b   Thumb Code    84  usbd_ctlreq.o(i.USBD_GetString)
    USBD_Init                                0x080075af   Thumb Code    68  usbd_core.o(i.USBD_Init)
    USBD_LL_ClearStallEP                     0x080075f3   Thumb Code    20  usbd_conf.o(i.USBD_LL_ClearStallEP)
    USBD_LL_CloseEP                          0x08007607   Thumb Code    20  usbd_conf.o(i.USBD_LL_CloseEP)
    USBD_LL_DataInStage                      0x0800761b   Thumb Code   230  usbd_core.o(i.USBD_LL_DataInStage)
    USBD_LL_DataOutStage                     0x08007701   Thumb Code   146  usbd_core.o(i.USBD_LL_DataOutStage)
    USBD_LL_DevConnected                     0x08007793   Thumb Code     6  usbd_core.o(i.USBD_LL_DevConnected)
    USBD_LL_DevDisconnected                  0x08007799   Thumb Code    32  usbd_core.o(i.USBD_LL_DevDisconnected)
    USBD_LL_FlushEP                          0x080077b9   Thumb Code    20  usbd_conf.o(i.USBD_LL_FlushEP)
    USBD_LL_GetRxDataSize                    0x080077cd   Thumb Code    18  usbd_conf.o(i.USBD_LL_GetRxDataSize)
    USBD_LL_Init                             0x080077e1   Thumb Code   102  usbd_conf.o(i.USBD_LL_Init)
    USBD_LL_IsStallEP                        0x0800784d   Thumb Code    56  usbd_conf.o(i.USBD_LL_IsStallEP)
    USBD_LL_IsoINIncomplete                  0x08007885   Thumb Code     6  usbd_core.o(i.USBD_LL_IsoINIncomplete)
    USBD_LL_IsoOUTIncomplete                 0x0800788b   Thumb Code     6  usbd_core.o(i.USBD_LL_IsoOUTIncomplete)
    USBD_LL_OpenEP                           0x08007891   Thumb Code    32  usbd_conf.o(i.USBD_LL_OpenEP)
    USBD_LL_PrepareReceive                   0x080078b1   Thumb Code    32  usbd_conf.o(i.USBD_LL_PrepareReceive)
    USBD_LL_Reset                            0x080078d1   Thumb Code    90  usbd_core.o(i.USBD_LL_Reset)
    USBD_LL_Resume                           0x0800792b   Thumb Code    22  usbd_core.o(i.USBD_LL_Resume)
    USBD_LL_SOF                              0x08007941   Thumb Code    34  usbd_core.o(i.USBD_LL_SOF)
    USBD_LL_SetSpeed                         0x08007963   Thumb Code     8  usbd_core.o(i.USBD_LL_SetSpeed)
    USBD_LL_SetUSBAddress                    0x0800796b   Thumb Code    20  usbd_conf.o(i.USBD_LL_SetUSBAddress)
    USBD_LL_SetupStage                       0x0800797f   Thumb Code   118  usbd_core.o(i.USBD_LL_SetupStage)
    USBD_LL_StallEP                          0x080079f5   Thumb Code    20  usbd_conf.o(i.USBD_LL_StallEP)
    USBD_LL_Start                            0x08007a09   Thumb Code    16  usbd_conf.o(i.USBD_LL_Start)
    USBD_LL_Suspend                          0x08007a19   Thumb Code    20  usbd_core.o(i.USBD_LL_Suspend)
    USBD_LL_Transmit                         0x08007a2d   Thumb Code    32  usbd_conf.o(i.USBD_LL_Transmit)
    USBD_ParseSetupRequest                   0x08007a4d   Thumb Code    54  usbd_ctlreq.o(i.USBD_ParseSetupRequest)
    USBD_RegisterClass                       0x08007a83   Thumb Code    38  usbd_core.o(i.USBD_RegisterClass)
    USBD_RunTestMode                         0x08007aa9   Thumb Code     6  usbd_core.o(i.USBD_RunTestMode)
    USBD_SetClassConfig                      0x08007b09   Thumb Code    32  usbd_core.o(i.USBD_SetClassConfig)
    USBD_Start                               0x08007c3d   Thumb Code    12  usbd_core.o(i.USBD_Start)
    USBD_StdDevReq                           0x08007c49   Thumb Code   166  usbd_ctlreq.o(i.USBD_StdDevReq)
    USBD_StdEPReq                            0x08007cef   Thumb Code   554  usbd_ctlreq.o(i.USBD_StdEPReq)
    USBD_StdItfReq                           0x08007f19   Thumb Code   126  usbd_ctlreq.o(i.USBD_StdItfReq)
    USBD_UVC_GetDeviceQualifierDescriptor    0x08008099   Thumb Code    10  usbd_uvc.o(i.USBD_UVC_GetDeviceQualifierDescriptor)
    USBD_UVC_RegisterInterface               0x08008123   Thumb Code    14  usbd_uvc.o(i.USBD_UVC_RegisterInterface)
    USBD_UVC_SetRxBuffer                     0x08008137   Thumb Code    14  usbd_uvc.o(i.USBD_UVC_SetRxBuffer)
    USBD_UVC_SetTxBuffer                     0x08008145   Thumb Code    20  usbd_uvc.o(i.USBD_UVC_SetTxBuffer)
    USBD_UVC_TransmitPacket                  0x08008335   Thumb Code    54  usbd_uvc.o(i.USBD_UVC_TransmitPacket)
    USB_ActivateEndpoint                     0x0800836d   Thumb Code   202  stm32f4xx_ll_usb.o(i.USB_ActivateEndpoint)
    USB_ActivateSetup                        0x0800843d   Thumb Code    40  stm32f4xx_ll_usb.o(i.USB_ActivateSetup)
    USB_CoreInit                             0x08008465   Thumb Code   128  stm32f4xx_ll_usb.o(i.USB_CoreInit)
    USB_DeactivateEndpoint                   0x08008535   Thumb Code   318  stm32f4xx_ll_usb.o(i.USB_DeactivateEndpoint)
    USB_DevConnect                           0x08008681   Thumb Code    32  stm32f4xx_ll_usb.o(i.USB_DevConnect)
    USB_DevDisconnect                        0x080086a1   Thumb Code    32  stm32f4xx_ll_usb.o(i.USB_DevDisconnect)
    USB_DevInit                              0x080086c1   Thumb Code   472  stm32f4xx_ll_usb.o(i.USB_DevInit)
    USB_DisableGlobalInt                     0x080088a1   Thumb Code    14  stm32f4xx_ll_usb.o(i.USB_DisableGlobalInt)
    USB_EP0StartXfer                         0x080088b1   Thumb Code   468  stm32f4xx_ll_usb.o(i.USB_EP0StartXfer)
    USB_EP0_OutStart                         0x08008a89   Thumb Code   106  stm32f4xx_ll_usb.o(i.USB_EP0_OutStart)
    USB_EPClearStall                         0x08008af9   Thumb Code   142  stm32f4xx_ll_usb.o(i.USB_EPClearStall)
    USB_EPSetStall                           0x08008b87   Thumb Code   154  stm32f4xx_ll_usb.o(i.USB_EPSetStall)
    USB_EPStartXfer                          0x08008c21   Thumb Code   832  stm32f4xx_ll_usb.o(i.USB_EPStartXfer)
    USB_EnableGlobalInt                      0x08008f65   Thumb Code    14  stm32f4xx_ll_usb.o(i.USB_EnableGlobalInt)
    USB_FlushRxFifo                          0x08008f75   Thumb Code    38  stm32f4xx_ll_usb.o(i.USB_FlushRxFifo)
    USB_FlushTxFifo                          0x08008fa1   Thumb Code    44  stm32f4xx_ll_usb.o(i.USB_FlushTxFifo)
    USB_GetDevSpeed                          0x08008fd1   Thumb Code    38  stm32f4xx_ll_usb.o(i.USB_GetDevSpeed)
    USB_GetMode                              0x08008ff7   Thumb Code    10  stm32f4xx_ll_usb.o(i.USB_GetMode)
    USB_ReadDevAllInEpInterrupt              0x08009001   Thumb Code    20  stm32f4xx_ll_usb.o(i.USB_ReadDevAllInEpInterrupt)
    USB_ReadDevAllOutEpInterrupt             0x08009015   Thumb Code    20  stm32f4xx_ll_usb.o(i.USB_ReadDevAllOutEpInterrupt)
    USB_ReadDevInEPInterrupt                 0x08009029   Thumb Code    50  stm32f4xx_ll_usb.o(i.USB_ReadDevInEPInterrupt)
    USB_ReadDevOutEPInterrupt                0x0800905b   Thumb Code    26  stm32f4xx_ll_usb.o(i.USB_ReadDevOutEPInterrupt)
    USB_ReadInterrupts                       0x08009075   Thumb Code    10  stm32f4xx_ll_usb.o(i.USB_ReadInterrupts)
    USB_ReadPacket                           0x0800907f   Thumb Code    34  stm32f4xx_ll_usb.o(i.USB_ReadPacket)
    USB_SetCurrentMode                       0x080090a1   Thumb Code    54  stm32f4xx_ll_usb.o(i.USB_SetCurrentMode)
    USB_SetDevAddress                        0x080090d7   Thumb Code    42  stm32f4xx_ll_usb.o(i.USB_SetDevAddress)
    USB_SetDevSpeed                          0x08009101   Thumb Code    18  stm32f4xx_ll_usb.o(i.USB_SetDevSpeed)
    USB_SetTurnaroundTime                    0x08009115   Thumb Code   192  stm32f4xx_ll_usb.o(i.USB_SetTurnaroundTime)
    USB_WritePacket                          0x080091fd   Thumb Code    60  stm32f4xx_ll_usb.o(i.USB_WritePacket)
    UVC_Transmit_FS                          0x08009285   Thumb Code    46  usbd_uvc_if.o(i.UVC_Transmit_FS)
    UsageFault_Handler                       0x08009545   Thumb Code     4  stm32f4xx_it.o(i.UsageFault_Handler)
    VC_VIGIL_GetAttribute                    0x08009549   Thumb Code    96  usbd_uvc_lepton_xu.o(i.VC_VIGIL_GetAttribute)
    VC_VIGIL_GetAttributeLen                 0x080095a9   Thumb Code   124  usbd_uvc_lepton_xu.o(i.VC_VIGIL_GetAttributeLen)
    VC_VIGIL_GetMaxValue                     0x08009625   Thumb Code   126  usbd_uvc_lepton_xu.o(i.VC_VIGIL_GetMaxValue)
    VC_VIGIL_RunCommand                      0x080096a3   Thumb Code    92  usbd_uvc_lepton_xu.o(i.VC_VIGIL_RunCommand)
    VC_VIGIL_SetAttribute                    0x080096ff   Thumb Code   102  usbd_uvc_lepton_xu.o(i.VC_VIGIL_SetAttribute)
    __0snprintf$8                            0x08009765   Thumb Code    48  printf8.o(i.__0snprintf$8)
    __1snprintf$8                            0x08009765   Thumb Code     0  printf8.o(i.__0snprintf$8)
    __2snprintf                              0x08009765   Thumb Code     0  printf8.o(i.__0snprintf$8)
    __aeabi_errno_addr                       0x080097d1   Thumb Code     4  errno.o(i.__aeabi_errno_addr)
    __rt_errno_addr                          0x080097d1   Thumb Code     0  errno.o(i.__aeabi_errno_addr)
    __scatterload_copy                       0x080097d9   Thumb Code    14  handlers.o(i.__scatterload_copy)
    __scatterload_null                       0x080097e7   Thumb Code     2  handlers.o(i.__scatterload_null)
    __scatterload_zeroinit                   0x080097e9   Thumb Code    14  handlers.o(i.__scatterload_zeroinit)
    free                                     0x08009c65   Thumb Code    76  malloc.o(i.free)
    getAvailableNeighbor                     0x08009cb5   Thumb Code   116  detectbadframe.o(i.getAvailableNeighbor)
    getNeighborAvg                           0x08009d29   Thumb Code   122  detectbadframe.o(i.getNeighborAvg)
    main                                     0x08009da5   Thumb Code   544  main.o(i.main)
    malloc                                   0x0800a009   Thumb Code    92  malloc.o(i.malloc)
    uvc_task                                 0x0800a075   Thumb Code   596  uvc_task.o(i.uvc_task)
    Vref                                     0x0800ae18   Data           4  main.o(.constdata)
    AHBPrescTable                            0x0800ae24   Data          16  system_stm32f4xx.o(.constdata)
    APBPrescTable                            0x0800ae34   Data           8  system_stm32f4xx.o(.constdata)
    __ctype_table                            0x0800ae3c   Data         129  ctype_o.o(.constdata)
    Region$$Table$$Base                      0x0800aec4   Number         0  anon$$obj.o(Region$$Table)
    Region$$Table$$Limit                     0x0800aee4   Number         0  anon$$obj.o(Region$$Table)
    UserRxBufferFS                           0x20000000   Data           4  usbd_uvc_if.o(.data)
    UserTxBufferFS                           0x20000004   Data           4  usbd_uvc_if.o(.data)
    hUsbDevice_0                             0x20000008   Data           4  usbd_uvc_if.o(.data)
    videoCommitControl                       0x2000000c   Data          34  usbd_uvc_if.o(.data)
    videoProbeControl                        0x20000030   Data          34  usbd_uvc_if.o(.data)
    USBD_Interface_fops_FS                   0x20000054   Data          32  usbd_uvc_if.o(.data)
    pDataBufferTx                            0x20000074   Data           4  main.o(.data)
    gIndexCounter                            0x20000078   Data           1  main.o(.data)
    gSPITrigger                              0x20000079   Data           1  main.o(.data)
    gRGBBuf                                  0x2000007a   Data       19680  main.o(.data)
    gVigilUID1                               0x20004d5c   Data           4  main.o(.data)
    gVigilUID2                               0x20004d60   Data           4  main.o(.data)
    gVigilUID3                               0x20004d64   Data           4  main.o(.data)
    recv_end_flag_vigil                      0x20004d68   Data           1  main.o(.data)
    rx_len_vigil                             0x20004d69   Data           1  main.o(.data)
    i2c_buffer                               0x20004d6a   Data           5  main.o(.data)
    I2cCheckFlag                             0x20004d78   Data           1  main.o(.data)
    framebufptr                              0x20004d7c   Data           4  main.o(.data)
    g_BadLine                                0x20004d80   Data           1  main.o(.data)
    g_bCameraReset                           0x20004d81   Data           1  main.o(.data)
    spi_tx_pi_Cplt                           0x20004d82   Data           1  main.o(.data)
    g_bAbortFirstFrameAfterReboot            0x20004d83   Data           1  main.o(.data)
    b_ReveiveData                            0x20004d90   Data           1  main.o(.data)
    FS_Desc                                  0x20004da0   Data          28  usbd_desc.o(.data)
    USBD_FS_DeviceDesc                       0x20004dbc   Data          18  usbd_desc.o(.data)
    USBD_LangIDDesc                          0x20004dd0   Data           4  usbd_desc.o(.data)
    g_bCameraResetDone                       0x20004dd8   Data           1  stm32f4xx_it.o(.data)
    b_uvcSending                             0x20004df0   Data           1  uvc_task.o(.data)
    g_bStartDetectBadLine                    0x20004e10   Data           1  detectbadframe.o(.data)
    uwTick                                   0x20004e20   Data           4  stm32f4xx_hal.o(.data)
    uwTickPrio                               0x20004e24   Data           4  stm32f4xx_hal.o(.data)
    uwTickFreq                               0x20004e28   Data           1  stm32f4xx_hal.o(.data)
    SystemCoreClock                          0x20004e2c   Data           4  system_stm32f4xx.o(.data)
    g_uvc_stream_status                      0x20004e30   Data           1  usbd_uvc.o(.data)
    g_uvc_stream_packet_size                 0x20004e32   Data           2  usbd_uvc.o(.data)
    g_lepton_type_3                          0x20004e34   Data           1  usbd_uvc.o(.data)
    g_telemetry_num_lines                    0x20004e35   Data           1  usbd_uvc.o(.data)
    g_format_y16                             0x20004e36   Data           1  usbd_uvc.o(.data)
    USBD_UVC                                 0x20004e44   Data          56  usbd_uvc.o(.data)
    USBD_UVC_CfgFSDesc_L2                    0x20004e7c   Data         237  usbd_uvc.o(.data)
    USBD_UVC_CfgFSDesc_L3                    0x20004f6c   Data         237  usbd_uvc.o(.data)
    __microlib_freelist                      0x2000505c   Data           4  mvars.o(.data)
    __microlib_freelist_initialised          0x20005060   Data           4  mvars.o(.data)
    gDataBufferTx                            0x20005068   Data       12862  main.o(.bss)
    gDataBufferRx                            0x200082a6   Data       12862  main.o(.bss)
    gDataBufferBadLineDeted                  0x2000b4e4   Data       12862  main.o(.bss)
    gDataBufferComplete                      0x2000e722   Data       12862  main.o(.bss)
    rx_buffer_vigil                          0x20011960   Data         128  main.o(.bss)
    adc_value                                0x200119e0   Data          20  main.o(.bss)
    hspi1                                    0x200119f4   Data          88  main.o(.bss)
    hspi2                                    0x20011a4c   Data          88  main.o(.bss)
    hdma_spi1_tx                             0x20011aa4   Data          96  main.o(.bss)
    hdma_spi2_rx                             0x20011b04   Data          96  main.o(.bss)
    huart1                                   0x20011b64   Data          64  main.o(.bss)
    huart2                                   0x20011ba4   Data          64  main.o(.bss)
    hdma_usart1_rx                           0x20011be4   Data          96  main.o(.bss)
    hdma_usart1_tx                           0x20011c44   Data          96  main.o(.bss)
    hi2c1                                    0x20011ca4   Data          84  main.o(.bss)
    hadc1                                    0x20011cf8   Data          72  main.o(.bss)
    hdma_adc1                                0x20011d40   Data          96  main.o(.bss)
    htim2                                    0x20011da0   Data          64  main.o(.bss)
    htim3                                    0x20011de0   Data          64  main.o(.bss)
    hUsbDeviceFS                             0x20011e20   Data         720  usb_device.o(.bss)
    hpcd_USB_OTG_FS                          0x200120f0   Data        1032  usbd_conf.o(.bss)
    USBD_StrDesc                             0x200124f8   Data         512  usbd_desc.o(.bss)
    m_pFrameStraightLineMap                  0x20012af8   Data        6428  detectbadframe.o(.bss)
    m_pFrameHorizontalLineMap                0x20014414   Data        6428  detectbadframe.o(.bss)
    m_pFrameLineMapL                         0x20015d30   Data        6428  detectbadframe.o(.bss)
    m_pFrameLineMapR                         0x2001764c   Data        6428  detectbadframe.o(.bss)
    m_pFrameLast                             0x20018f68   Data       12856  detectbadframe.o(.bss)
    m_pFrameDiffMap                          0x2001c1a0   Data        6428  detectbadframe.o(.bss)
    lineMapWhite                             0x2001dabc   Data          80  detectbadframe.o(.bss)
    lineMapBlack                             0x2001db0c   Data          80  detectbadframe.o(.bss)
    __heap_base                              0x2001db60   Data           0  startup_stm32f411xe.o(HEAP)
    __heap_limit                             0x2001e160   Data           0  startup_stm32f411xe.o(HEAP)
    __initial_sp                             0x2001e760   Data           0  startup_stm32f411xe.o(STACK)



==============================================================================

Memory Map of the image

  Image Entry point : 0x08000199

  Load Region LR_IROM1 (Base: 0x08000000, Size: 0x0000ff4c, Max: 0x00080000, ABSOLUTE, COMPRESSED[0x0000b0e8])

    Execution Region ER_IROM1 (Exec base: 0x08000000, Load base: 0x08000000, Size: 0x0000aee4, Max: 0x00080000, ABSOLUTE)

    Exec Addr    Load Addr    Size         Type   Attr      Idx    E Section Name        Object

    0x08000000   0x08000000   0x00000198   Data   RO            3    RESET               startup_stm32f411xe.o
    0x08000198   0x08000198   0x00000000   Code   RO         6001  * .ARM.Collect$$$$00000000  mc_w.l(entry.o)
    0x08000198   0x08000198   0x00000004   Code   RO         6317    .ARM.Collect$$$$00000001  mc_w.l(entry2.o)
    0x0800019c   0x0800019c   0x00000004   Code   RO         6320    .ARM.Collect$$$$00000004  mc_w.l(entry5.o)
    0x080001a0   0x080001a0   0x00000000   Code   RO         6322    .ARM.Collect$$$$00000008  mc_w.l(entry7b.o)
    0x080001a0   0x080001a0   0x00000000   Code   RO         6324    .ARM.Collect$$$$0000000A  mc_w.l(entry8b.o)
    0x080001a0   0x080001a0   0x00000008   Code   RO         6325    .ARM.Collect$$$$0000000B  mc_w.l(entry9a.o)
    0x080001a8   0x080001a8   0x00000004   Code   RO         6332    .ARM.Collect$$$$0000000E  mc_w.l(entry12b.o)
    0x080001ac   0x080001ac   0x00000000   Code   RO         6327    .ARM.Collect$$$$0000000F  mc_w.l(entry10a.o)
    0x080001ac   0x080001ac   0x00000000   Code   RO         6329    .ARM.Collect$$$$00000011  mc_w.l(entry11a.o)
    0x080001ac   0x080001ac   0x00000004   Code   RO         6318    .ARM.Collect$$$$00002712  mc_w.l(entry2.o)
    0x080001b0   0x080001b0   0x00000024   Code   RO            4    .text               startup_stm32f411xe.o
    0x080001d4   0x080001d4   0x00000062   Code   RO         6004    .text               mc_w.l(uldiv.o)
    0x08000236   0x08000236   0x00000024   Code   RO         6006    .text               mc_w.l(memcpya.o)
    0x0800025a   0x0800025a   0x00000024   Code   RO         6008    .text               mc_w.l(memseta.o)
    0x0800027e   0x0800027e   0x0000001a   Code   RO         6301    .text               mc_w.l(atoi.o)
    0x08000298   0x08000298   0x0000014e   Code   RO         6303    .text               mf_w.l(dadd.o)
    0x080003e6   0x080003e6   0x00000022   Code   RO         6305    .text               mf_w.l(dflti.o)
    0x08000408   0x08000408   0x0000001a   Code   RO         6307    .text               mf_w.l(dfltui.o)
    0x08000422   0x08000422   0x0000003e   Code   RO         6309    .text               mf_w.l(dfixi.o)
    0x08000460   0x08000460   0x00000032   Code   RO         6311    .text               mf_w.l(dfixui.o)
    0x08000492   0x08000492   0x00000026   Code   RO         6313    .text               mf_w.l(f2d.o)
    0x080004b8   0x080004b8   0x00000030   Code   RO         6315    .text               mf_w.l(cdrcmple.o)
    0x080004e8   0x080004e8   0x0000001e   Code   RO         6338    .text               mc_w.l(llshl.o)
    0x08000506   0x08000506   0x00000020   Code   RO         6340    .text               mc_w.l(llushr.o)
    0x08000526   0x08000526   0x00000024   Code   RO         6342    .text               mc_w.l(llsshr.o)
    0x0800054a   0x0800054a   0x00000070   Code   RO         6353    .text               mc_w.l(strtol.o)
    0x080005ba   0x080005ba   0x00000000   Code   RO         6355    .text               mc_w.l(iusefp.o)
    0x080005ba   0x080005ba   0x000000ba   Code   RO         6356    .text               mf_w.l(depilogue.o)
    0x08000674   0x08000674   0x00000024   Code   RO         6364    .text               mc_w.l(init.o)
    0x08000698   0x08000698   0x00000008   Code   RO         6367    .text               mc_w.l(ctype_o.o)
    0x080006a0   0x080006a0   0x0000009e   Code   RO         6395    .text               mc_w.l(_strtoul.o)
    0x0800073e   0x0800073e   0x0000001c   Code   RO         6398    .text               mc_w.l(_chval.o)
    0x0800075a   0x0800075a   0x00000056   Code   RO         6408    .text               mc_w.l(__dczerorl2.o)
    0x080007b0   0x080007b0   0x0000007e   Code   RO         4768    i.ADC_DMAConvCplt   stm32f4xx_hal_adc.o
    0x0800082e   0x0800082e   0x0000001a   Code   RO         4769    i.ADC_DMAError      stm32f4xx_hal_adc.o
    0x08000848   0x08000848   0x0000000e   Code   RO         4770    i.ADC_DMAHalfConvCplt  stm32f4xx_hal_adc.o
    0x08000856   0x08000856   0x00000002   PAD
    0x08000858   0x08000858   0x00000160   Code   RO         4771    i.ADC_Init          stm32f4xx_hal_adc.o
    0x080009b8   0x080009b8   0x00000020   Code   RO          312    i.ADC_Start         main.o
    0x080009d8   0x080009d8   0x00000004   Code   RO          819    i.BusFault_Handler  stm32f4xx_it.o
    0x080009dc   0x080009dc   0x00000024   Code   RO          313    i.CaculateCRC       main.o
    0x08000a00   0x08000a00   0x0000001c   Code   RO          314    i.CheckThermalReady  main.o
    0x08000a1c   0x08000a1c   0x00000010   Code   RO          820    i.DMA1_Stream3_IRQHandler  stm32f4xx_it.o
    0x08000a2c   0x08000a2c   0x00000010   Code   RO          821    i.DMA2_Stream2_IRQHandler  stm32f4xx_it.o
    0x08000a3c   0x08000a3c   0x00000010   Code   RO          822    i.DMA2_Stream4_IRQHandler  stm32f4xx_it.o
    0x08000a4c   0x08000a4c   0x00000010   Code   RO          823    i.DMA2_Stream5_IRQHandler  stm32f4xx_it.o
    0x08000a5c   0x08000a5c   0x00000010   Code   RO          824    i.DMA2_Stream7_IRQHandler  stm32f4xx_it.o
    0x08000a6c   0x08000a6c   0x00000034   Code   RO         2474    i.DMA_CalcBaseAndBitshift  stm32f4xx_hal_dma.o
    0x08000aa0   0x08000aa0   0x000000aa   Code   RO         2475    i.DMA_CheckFifoParam  stm32f4xx_hal_dma.o
    0x08000b4a   0x08000b4a   0x0000002c   Code   RO         2476    i.DMA_SetConfig     stm32f4xx_hal_dma.o
    0x08000b76   0x08000b76   0x00000002   Code   RO          825    i.DebugMon_Handler  stm32f4xx_it.o
    0x08000b78   0x08000b78   0x0000001c   Code   RO          315    i.DetectBadFrameInit  main.o
    0x08000b94   0x08000b94   0x00000414   Code   RO         1151    i.DetectBadLine     detectbadframe.o
    0x08000fa8   0x08000fa8   0x00000084   Code   RO         1152    i.DetectBadLine_task  detectbadframe.o
    0x0800102c   0x0800102c   0x00000190   Code   RO         1153    i.DetectBadPixel    detectbadframe.o
    0x080011bc   0x080011bc   0x0000008c   Code   RO          826    i.EXTI9_5_IRQHandler  stm32f4xx_it.o
    0x08001248   0x08001248   0x00000002   Code   RO          316    i.Error_Handler     main.o
    0x0800124a   0x0800124a   0x00000120   Code   RO         1154    i.FixBadLine        detectbadframe.o
    0x0800136a   0x0800136a   0x00000002   PAD
    0x0800136c   0x0800136c   0x00000040   Code   RO         1155    i.FixBadPixel       detectbadframe.o
    0x080013ac   0x080013ac   0x000001a4   Code   RO         4773    i.HAL_ADC_ConfigChannel  stm32f4xx_hal_adc.o
    0x08001550   0x08001550   0x000000e4   Code   RO          317    i.HAL_ADC_ConvCpltCallback  main.o
    0x08001634   0x08001634   0x00000002   Code   RO         4775    i.HAL_ADC_ConvHalfCpltCallback  stm32f4xx_hal_adc.o
    0x08001636   0x08001636   0x00000002   Code   RO         4777    i.HAL_ADC_ErrorCallback  stm32f4xx_hal_adc.o
    0x08001638   0x08001638   0x00000068   Code   RO         4782    i.HAL_ADC_Init      stm32f4xx_hal_adc.o
    0x080016a0   0x080016a0   0x000000c4   Code   RO          990    i.HAL_ADC_MspInit   stm32f4xx_hal_msp.o
    0x08001764   0x08001764   0x0000014c   Code   RO         4789    i.HAL_ADC_Start_DMA  stm32f4xx_hal_adc.o
    0x080018b0   0x080018b0   0x000000aa   Code   RO         2477    i.HAL_DMA_Abort     stm32f4xx_hal_dma.o
    0x0800195a   0x0800195a   0x00000028   Code   RO         2478    i.HAL_DMA_Abort_IT  stm32f4xx_hal_dma.o
    0x08001982   0x08001982   0x00000008   Code   RO         2481    i.HAL_DMA_GetState  stm32f4xx_hal_dma.o
    0x0800198a   0x0800198a   0x00000002   PAD
    0x0800198c   0x0800198c   0x00000240   Code   RO         2482    i.HAL_DMA_IRQHandler  stm32f4xx_hal_dma.o
    0x08001bcc   0x08001bcc   0x000000ec   Code   RO         2483    i.HAL_DMA_Init      stm32f4xx_hal_dma.o
    0x08001cb8   0x08001cb8   0x00000092   Code   RO         2487    i.HAL_DMA_Start_IT  stm32f4xx_hal_dma.o
    0x08001d4a   0x08001d4a   0x00000002   PAD
    0x08001d4c   0x08001d4c   0x00000028   Code   RO         2925    i.HAL_Delay         stm32f4xx_hal.o
    0x08001d74   0x08001d74   0x0000002c   Code   RO          318    i.HAL_GPIO_EXTI_Callback  main.o
    0x08001da0   0x08001da0   0x0000001c   Code   RO         2369    i.HAL_GPIO_EXTI_IRQHandler  stm32f4xx_hal_gpio.o
    0x08001dbc   0x08001dbc   0x000001d4   Code   RO         2370    i.HAL_GPIO_Init     stm32f4xx_hal_gpio.o
    0x08001f90   0x08001f90   0x00000010   Code   RO         2372    i.HAL_GPIO_ReadPin  stm32f4xx_hal_gpio.o
    0x08001fa0   0x08001fa0   0x0000000c   Code   RO         2374    i.HAL_GPIO_WritePin  stm32f4xx_hal_gpio.o
    0x08001fac   0x08001fac   0x0000000c   Code   RO         2931    i.HAL_GetTick       stm32f4xx_hal.o
    0x08001fb8   0x08001fb8   0x00000002   Code   RO         5043    i.HAL_I2C_AbortCpltCallback  stm32f4xx_hal_i2c.o
    0x08001fba   0x08001fba   0x00000002   Code   RO         5044    i.HAL_I2C_AddrCallback  stm32f4xx_hal_i2c.o
    0x08001fbc   0x08001fbc   0x000000d4   Code   RO         5047    i.HAL_I2C_ER_IRQHandler  stm32f4xx_hal_i2c.o
    0x08002090   0x08002090   0x000001c4   Code   RO         5048    i.HAL_I2C_EV_IRQHandler  stm32f4xx_hal_i2c.o
    0x08002254   0x08002254   0x00000002   Code   RO         5050    i.HAL_I2C_ErrorCallback  stm32f4xx_hal_i2c.o
    0x08002256   0x08002256   0x00000002   PAD
    0x08002258   0x08002258   0x000001d0   Code   RO         5054    i.HAL_I2C_Init      stm32f4xx_hal_i2c.o
    0x08002428   0x08002428   0x00000002   Code   RO         5056    i.HAL_I2C_ListenCpltCallback  stm32f4xx_hal_i2c.o
    0x0800242a   0x0800242a   0x00000002   Code   RO         5057    i.HAL_I2C_MasterRxCpltCallback  stm32f4xx_hal_i2c.o
    0x0800242c   0x0800242c   0x00000002   Code   RO         5058    i.HAL_I2C_MasterTxCpltCallback  stm32f4xx_hal_i2c.o
    0x0800242e   0x0800242e   0x00000002   Code   RO         5070    i.HAL_I2C_MemRxCpltCallback  stm32f4xx_hal_i2c.o
    0x08002430   0x08002430   0x00000002   Code   RO         5071    i.HAL_I2C_MemTxCpltCallback  stm32f4xx_hal_i2c.o
    0x08002432   0x08002432   0x00000002   PAD
    0x08002434   0x08002434   0x000000a8   Code   RO          992    i.HAL_I2C_MspInit   stm32f4xx_hal_msp.o
    0x080024dc   0x080024dc   0x00000002   Code   RO         5080    i.HAL_I2C_SlaveRxCpltCallback  stm32f4xx_hal_i2c.o
    0x080024de   0x080024de   0x00000002   PAD
    0x080024e0   0x080024e0   0x00000040   Code   RO          319    i.HAL_I2C_SlaveTxCpltCallback  main.o
    0x08002520   0x08002520   0x00000098   Code   RO         5091    i.HAL_I2C_Slave_Transmit_IT  stm32f4xx_hal_i2c.o
    0x080025b8   0x080025b8   0x00000018   Code   RO         2937    i.HAL_IncTick       stm32f4xx_hal.o
    0x080025d0   0x080025d0   0x0000003c   Code   RO         2938    i.HAL_Init          stm32f4xx_hal.o
    0x0800260c   0x0800260c   0x0000004c   Code   RO         2939    i.HAL_InitTick      stm32f4xx_hal.o
    0x08002658   0x08002658   0x00000058   Code   RO          993    i.HAL_MspInit       stm32f4xx_hal_msp.o
    0x080026b0   0x080026b0   0x00000044   Code   RO         2782    i.HAL_NVIC_DisableIRQ  stm32f4xx_hal_cortex.o
    0x080026f4   0x080026f4   0x00000020   Code   RO         2783    i.HAL_NVIC_EnableIRQ  stm32f4xx_hal_cortex.o
    0x08002714   0x08002714   0x0000007c   Code   RO         2789    i.HAL_NVIC_SetPriority  stm32f4xx_hal_cortex.o
    0x08002790   0x08002790   0x00000028   Code   RO         2790    i.HAL_NVIC_SetPriorityGrouping  stm32f4xx_hal_cortex.o
    0x080027b8   0x080027b8   0x00000002   Code   RO         1559    i.HAL_PCDEx_LPM_Callback  stm32f4xx_hal_pcd_ex.o
    0x080027ba   0x080027ba   0x0000000a   Code   RO         1560    i.HAL_PCDEx_SetRxFiFo  stm32f4xx_hal_pcd_ex.o
    0x080027c4   0x080027c4   0x0000004e   Code   RO         1561    i.HAL_PCDEx_SetTxFiFo  stm32f4xx_hal_pcd_ex.o
    0x08002812   0x08002812   0x0000000e   Code   RO          550    i.HAL_PCD_ConnectCallback  usbd_conf.o
    0x08002820   0x08002820   0x00000020   Code   RO          551    i.HAL_PCD_DataInStageCallback  usbd_conf.o
    0x08002840   0x08002840   0x00000020   Code   RO          552    i.HAL_PCD_DataOutStageCallback  usbd_conf.o
    0x08002860   0x08002860   0x0000000e   Code   RO          553    i.HAL_PCD_DisconnectCallback  usbd_conf.o
    0x0800286e   0x0800286e   0x0000006a   Code   RO         1231    i.HAL_PCD_EP_Close  stm32f4xx_hal_pcd.o
    0x080028d8   0x080028d8   0x0000007c   Code   RO         1232    i.HAL_PCD_EP_ClrStall  stm32f4xx_hal_pcd.o
    0x08002954   0x08002954   0x00000044   Code   RO         1233    i.HAL_PCD_EP_Flush  stm32f4xx_hal_pcd.o
    0x08002998   0x08002998   0x00000016   Code   RO         1234    i.HAL_PCD_EP_GetRxCount  stm32f4xx_hal_pcd.o
    0x080029ae   0x080029ae   0x0000008c   Code   RO         1235    i.HAL_PCD_EP_Open   stm32f4xx_hal_pcd.o
    0x08002a3a   0x08002a3a   0x00000058   Code   RO         1236    i.HAL_PCD_EP_Receive  stm32f4xx_hal_pcd.o
    0x08002a92   0x08002a92   0x0000008a   Code   RO         1237    i.HAL_PCD_EP_SetStall  stm32f4xx_hal_pcd.o
    0x08002b1c   0x08002b1c   0x0000005a   Code   RO         1238    i.HAL_PCD_EP_Transmit  stm32f4xx_hal_pcd.o
    0x08002b76   0x08002b76   0x0000055c   Code   RO         1240    i.HAL_PCD_IRQHandler  stm32f4xx_hal_pcd.o
    0x080030d2   0x080030d2   0x00000012   Code   RO          554    i.HAL_PCD_ISOINIncompleteCallback  usbd_conf.o
    0x080030e4   0x080030e4   0x00000012   Code   RO          555    i.HAL_PCD_ISOOUTIncompleteCallback  usbd_conf.o
    0x080030f6   0x080030f6   0x00000166   Code   RO         1243    i.HAL_PCD_Init      stm32f4xx_hal_pcd.o
    0x0800325c   0x0800325c   0x0000007c   Code   RO          557    i.HAL_PCD_MspInit   usbd_conf.o
    0x080032d8   0x080032d8   0x00000032   Code   RO          558    i.HAL_PCD_ResetCallback  usbd_conf.o
    0x0800330a   0x0800330a   0x0000000e   Code   RO          559    i.HAL_PCD_ResumeCallback  usbd_conf.o
    0x08003318   0x08003318   0x0000000e   Code   RO          560    i.HAL_PCD_SOFCallback  usbd_conf.o
    0x08003326   0x08003326   0x00000036   Code   RO         1249    i.HAL_PCD_SetAddress  stm32f4xx_hal_pcd.o
    0x0800335c   0x0800335c   0x00000012   Code   RO          561    i.HAL_PCD_SetupStageCallback  usbd_conf.o
    0x0800336e   0x0800336e   0x0000004a   Code   RO         1251    i.HAL_PCD_Start     stm32f4xx_hal_pcd.o
    0x080033b8   0x080033b8   0x00000034   Code   RO          562    i.HAL_PCD_SuspendCallback  usbd_conf.o
    0x080033ec   0x080033ec   0x00000184   Code   RO         1907    i.HAL_RCC_ClockConfig  stm32f4xx_hal_rcc.o
    0x08003570   0x08003570   0x0000000c   Code   RO         1912    i.HAL_RCC_GetHCLKFreq  stm32f4xx_hal_rcc.o
    0x0800357c   0x0800357c   0x00000020   Code   RO         1914    i.HAL_RCC_GetPCLK1Freq  stm32f4xx_hal_rcc.o
    0x0800359c   0x0800359c   0x00000020   Code   RO         1915    i.HAL_RCC_GetPCLK2Freq  stm32f4xx_hal_rcc.o
    0x080035bc   0x080035bc   0x000000b0   Code   RO         1916    i.HAL_RCC_GetSysClockFreq  stm32f4xx_hal_rcc.o
    0x0800366c   0x0800366c   0x00000488   Code   RO         1919    i.HAL_RCC_OscConfig  stm32f4xx_hal_rcc.o
    0x08003af4   0x08003af4   0x00000032   Code   RO         3180    i.HAL_SPI_DMAResume  stm32f4xx_hal_spi.o
    0x08003b26   0x08003b26   0x00000048   Code   RO         3181    i.HAL_SPI_DMAStop   stm32f4xx_hal_spi.o
    0x08003b6e   0x08003b6e   0x00000002   Code   RO         3183    i.HAL_SPI_ErrorCallback  stm32f4xx_hal_spi.o
    0x08003b70   0x08003b70   0x0000015c   Code   RO         3186    i.HAL_SPI_IRQHandler  stm32f4xx_hal_spi.o
    0x08003ccc   0x08003ccc   0x0000008c   Code   RO         3187    i.HAL_SPI_Init      stm32f4xx_hal_spi.o
    0x08003d58   0x08003d58   0x0000019c   Code   RO          995    i.HAL_SPI_MspInit   stm32f4xx_hal_msp.o
    0x08003ef4   0x08003ef4   0x00000110   Code   RO         3191    i.HAL_SPI_Receive_DMA  stm32f4xx_hal_spi.o
    0x08004004   0x08004004   0x00000078   Code   RO          320    i.HAL_SPI_RxCpltCallback  main.o
    0x0800407c   0x0800407c   0x00000002   Code   RO         3194    i.HAL_SPI_RxHalfCpltCallback  stm32f4xx_hal_spi.o
    0x0800407e   0x0800407e   0x00000002   PAD
    0x08004080   0x08004080   0x0000016c   Code   RO         3197    i.HAL_SPI_TransmitReceive_DMA  stm32f4xx_hal_spi.o
    0x080041ec   0x080041ec   0x000000f0   Code   RO         3199    i.HAL_SPI_Transmit_DMA  stm32f4xx_hal_spi.o
    0x080042dc   0x080042dc   0x0000000c   Code   RO          321    i.HAL_SPI_TxCpltCallback  main.o
    0x080042e8   0x080042e8   0x00000002   Code   RO         3202    i.HAL_SPI_TxHalfCpltCallback  stm32f4xx_hal_spi.o
    0x080042ea   0x080042ea   0x00000002   Code   RO         3203    i.HAL_SPI_TxRxCpltCallback  stm32f4xx_hal_spi.o
    0x080042ec   0x080042ec   0x00000002   Code   RO         3204    i.HAL_SPI_TxRxHalfCpltCallback  stm32f4xx_hal_spi.o
    0x080042ee   0x080042ee   0x00000034   Code   RO         2794    i.HAL_SYSTICK_Config  stm32f4xx_hal_cortex.o
    0x08004322   0x08004322   0x00000002   Code   RO         4186    i.HAL_TIMEx_BreakCallback  stm32f4xx_hal_tim_ex.o
    0x08004324   0x08004324   0x00000002   Code   RO         4187    i.HAL_TIMEx_CommutCallback  stm32f4xx_hal_tim_ex.o
    0x08004326   0x08004326   0x00000002   PAD
    0x08004328   0x08004328   0x0000009c   Code   RO         4204    i.HAL_TIMEx_MasterConfigSynchronization  stm32f4xx_hal_tim_ex.o
    0x080043c4   0x080043c4   0x00000034   Code   RO         3500    i.HAL_TIM_Base_Init  stm32f4xx_hal_tim.o
    0x080043f8   0x080043f8   0x00000070   Code   RO          997    i.HAL_TIM_Base_MspInit  stm32f4xx_hal_msp.o
    0x08004468   0x08004468   0x0000002a   Code   RO         3503    i.HAL_TIM_Base_Start  stm32f4xx_hal_tim.o
    0x08004492   0x08004492   0x0000002a   Code   RO         3505    i.HAL_TIM_Base_Start_IT  stm32f4xx_hal_tim.o
    0x080044bc   0x080044bc   0x00000108   Code   RO         3509    i.HAL_TIM_ConfigClockSource  stm32f4xx_hal_tim.o
    0x080045c4   0x080045c4   0x00000002   Code   RO         3529    i.HAL_TIM_IC_CaptureCallback  stm32f4xx_hal_tim.o
    0x080045c6   0x080045c6   0x00000196   Code   RO         3543    i.HAL_TIM_IRQHandler  stm32f4xx_hal_tim.o
    0x0800475c   0x0800475c   0x00000002   Code   RO         3546    i.HAL_TIM_OC_DelayElapsedCallback  stm32f4xx_hal_tim.o
    0x0800475e   0x0800475e   0x00000002   Code   RO         3573    i.HAL_TIM_PWM_PulseFinishedCallback  stm32f4xx_hal_tim.o
    0x08004760   0x08004760   0x00000002   Code   RO         3581    i.HAL_TIM_PeriodElapsedCallback  stm32f4xx_hal_tim.o
    0x08004762   0x08004762   0x00000002   Code   RO         3586    i.HAL_TIM_TriggerCallback  stm32f4xx_hal_tim.o
    0x08004764   0x08004764   0x00000066   Code   RO         4456    i.HAL_UART_DMAStop  stm32f4xx_hal_uart.o
    0x080047ca   0x080047ca   0x00000002   Code   RO         4458    i.HAL_UART_ErrorCallback  stm32f4xx_hal_uart.o
    0x080047cc   0x080047cc   0x00000154   Code   RO         4461    i.HAL_UART_IRQHandler  stm32f4xx_hal_uart.o
    0x08004920   0x08004920   0x00000072   Code   RO         4462    i.HAL_UART_Init     stm32f4xx_hal_uart.o
    0x08004992   0x08004992   0x00000002   PAD
    0x08004994   0x08004994   0x000001e0   Code   RO          999    i.HAL_UART_MspInit  stm32f4xx_hal_msp.o
    0x08004b74   0x08004b74   0x000000c4   Code   RO         4466    i.HAL_UART_Receive_DMA  stm32f4xx_hal_uart.o
    0x08004c38   0x08004c38   0x00000002   Code   RO         4468    i.HAL_UART_RxCpltCallback  stm32f4xx_hal_uart.o
    0x08004c3a   0x08004c3a   0x00000002   Code   RO         4469    i.HAL_UART_RxHalfCpltCallback  stm32f4xx_hal_uart.o
    0x08004c3c   0x08004c3c   0x0000009c   Code   RO         4471    i.HAL_UART_Transmit_DMA  stm32f4xx_hal_uart.o
    0x08004cd8   0x08004cd8   0x00000002   Code   RO         4473    i.HAL_UART_TxCpltCallback  stm32f4xx_hal_uart.o
    0x08004cda   0x08004cda   0x00000002   Code   RO         4474    i.HAL_UART_TxHalfCpltCallback  stm32f4xx_hal_uart.o
    0x08004cdc   0x08004cdc   0x00000004   Code   RO          827    i.HardFault_Handler  stm32f4xx_it.o
    0x08004ce0   0x08004ce0   0x00000010   Code   RO          828    i.I2C1_ER_IRQHandler  stm32f4xx_it.o
    0x08004cf0   0x08004cf0   0x00000018   Code   RO          829    i.I2C1_EV_IRQHandler  stm32f4xx_it.o
    0x08004d08   0x08004d08   0x0000001c   Code   RO         5092    i.I2C_ConvertOtherXferOptions  stm32f4xx_hal_i2c.o
    0x08004d24   0x08004d24   0x000000ac   Code   RO         5093    i.I2C_DMAAbort      stm32f4xx_hal_i2c.o
    0x08004dd0   0x08004dd0   0x000001a4   Code   RO         5096    i.I2C_ITError       stm32f4xx_hal_i2c.o
    0x08004f74   0x08004f74   0x00000126   Code   RO         5098    i.I2C_MasterReceive_BTF  stm32f4xx_hal_i2c.o
    0x0800509a   0x0800509a   0x000000a4   Code   RO         5099    i.I2C_MasterReceive_RXNE  stm32f4xx_hal_i2c.o
    0x0800513e   0x0800513e   0x000000b0   Code   RO         5102    i.I2C_MasterTransmit_BTF  stm32f4xx_hal_i2c.o
    0x080051ee   0x080051ee   0x000000d8   Code   RO         5103    i.I2C_MasterTransmit_TXE  stm32f4xx_hal_i2c.o
    0x080052c6   0x080052c6   0x0000002a   Code   RO         5104    i.I2C_Master_ADD10  stm32f4xx_hal_i2c.o
    0x080052f0   0x080052f0   0x00000268   Code   RO         5105    i.I2C_Master_ADDR   stm32f4xx_hal_i2c.o
    0x08005558   0x08005558   0x0000009e   Code   RO         5106    i.I2C_Master_SB     stm32f4xx_hal_i2c.o
    0x080055f6   0x080055f6   0x0000007c   Code   RO         5107    i.I2C_MemoryTransmit_TXE_BTF  stm32f4xx_hal_i2c.o
    0x08005672   0x08005672   0x0000001a   Code   RO         5110    i.I2C_SlaveReceive_BTF  stm32f4xx_hal_i2c.o
    0x0800568c   0x0800568c   0x00000046   Code   RO         5111    i.I2C_SlaveReceive_RXNE  stm32f4xx_hal_i2c.o
    0x080056d2   0x080056d2   0x0000001a   Code   RO         5112    i.I2C_SlaveTransmit_BTF  stm32f4xx_hal_i2c.o
    0x080056ec   0x080056ec   0x00000046   Code   RO         5113    i.I2C_SlaveTransmit_TXE  stm32f4xx_hal_i2c.o
    0x08005732   0x08005732   0x00000066   Code   RO         5114    i.I2C_Slave_ADDR    stm32f4xx_hal_i2c.o
    0x08005798   0x08005798   0x000000a0   Code   RO         5115    i.I2C_Slave_AF      stm32f4xx_hal_i2c.o
    0x08005838   0x08005838   0x0000018c   Code   RO         5116    i.I2C_Slave_STOPF   stm32f4xx_hal_i2c.o
    0x080059c4   0x080059c4   0x00000088   Code   RO          322    i.I2C_reset         main.o
    0x08005a4c   0x08005a4c   0x0000006c   Code   RO          323    i.MX_ADC1_Init      main.o
    0x08005ab8   0x08005ab8   0x00000098   Code   RO          324    i.MX_DMA_Init       main.o
    0x08005b50   0x08005b50   0x00000100   Code   RO          325    i.MX_GPIO_Init      main.o
    0x08005c50   0x08005c50   0x00000040   Code   RO          326    i.MX_I2C1_Init      main.o
    0x08005c90   0x08005c90   0x00000040   Code   RO          327    i.MX_SPI1_Init      main.o
    0x08005cd0   0x08005cd0   0x00000044   Code   RO          328    i.MX_SPI2_Init      main.o
    0x08005d14   0x08005d14   0x0000006c   Code   RO          329    i.MX_TIM2_Init      main.o
    0x08005d80   0x08005d80   0x00000070   Code   RO          330    i.MX_TIM3_Init      main.o
    0x08005df0   0x08005df0   0x00000054   Code   RO          331    i.MX_USART1_UART_Init  main.o
    0x08005e44   0x08005e44   0x0000003c   Code   RO          518    i.MX_USB_DEVICE_Init  usb_device.o
    0x08005e80   0x08005e80   0x00000004   Code   RO          830    i.MemManage_Handler  stm32f4xx_it.o
    0x08005e84   0x08005e84   0x00000002   Code   RO          831    i.NMI_Handler       stm32f4xx_it.o
    0x08005e86   0x08005e86   0x00000002   PAD
    0x08005e88   0x08005e88   0x00000010   Code   RO          832    i.OTG_FS_IRQHandler  stm32f4xx_it.o
    0x08005e98   0x08005e98   0x00000064   Code   RO         1254    i.PCD_EP_OutSetupPacket_int  stm32f4xx_hal_pcd.o
    0x08005efc   0x08005efc   0x0000017c   Code   RO         1255    i.PCD_EP_OutXfrComplete_int  stm32f4xx_hal_pcd.o
    0x08006078   0x08006078   0x000000b6   Code   RO         1256    i.PCD_WriteEmptyTxFifo  stm32f4xx_hal_pcd.o
    0x0800612e   0x0800612e   0x00000002   Code   RO          833    i.PendSV_Handler    stm32f4xx_it.o
    0x08006130   0x08006130   0x00000002   Code   RO          834    i.RCC_IRQHandler    stm32f4xx_it.o
    0x08006132   0x08006132   0x00000002   PAD
    0x08006134   0x08006134   0x00000010   Code   RO          835    i.SPI1_IRQHandler   stm32f4xx_it.o
    0x08006144   0x08006144   0x00000010   Code   RO          836    i.SPI2_IRQHandler   stm32f4xx_it.o
    0x08006154   0x08006154   0x00000014   Code   RO         3214    i.SPI_DMAAbortOnError  stm32f4xx_hal_spi.o
    0x08006168   0x08006168   0x00000028   Code   RO         3215    i.SPI_DMAError      stm32f4xx_hal_spi.o
    0x08006190   0x08006190   0x0000000e   Code   RO         3216    i.SPI_DMAHalfReceiveCplt  stm32f4xx_hal_spi.o
    0x0800619e   0x0800619e   0x0000000e   Code   RO         3217    i.SPI_DMAHalfTransmitCplt  stm32f4xx_hal_spi.o
    0x080061ac   0x080061ac   0x0000000e   Code   RO         3218    i.SPI_DMAHalfTransmitReceiveCplt  stm32f4xx_hal_spi.o
    0x080061ba   0x080061ba   0x0000007c   Code   RO         3219    i.SPI_DMAReceiveCplt  stm32f4xx_hal_spi.o
    0x08006236   0x08006236   0x00000080   Code   RO         3221    i.SPI_DMATransmitCplt  stm32f4xx_hal_spi.o
    0x080062b6   0x080062b6   0x00000068   Code   RO         3222    i.SPI_DMATransmitReceiveCplt  stm32f4xx_hal_spi.o
    0x0800631e   0x0800631e   0x00000094   Code   RO         3224    i.SPI_EndRxTransaction  stm32f4xx_hal_spi.o
    0x080063b2   0x080063b2   0x00000002   PAD
    0x080063b4   0x080063b4   0x0000006c   Code   RO         3225    i.SPI_EndRxTxTransaction  stm32f4xx_hal_spi.o
    0x08006420   0x08006420   0x000000a8   Code   RO         3230    i.SPI_WaitFlagStateUntilTimeout  stm32f4xx_hal_spi.o
    0x080064c8   0x080064c8   0x00000002   Code   RO          837    i.SVC_Handler       stm32f4xx_it.o
    0x080064ca   0x080064ca   0x00000012   Code   RO         5829    i.SWAPBYTE          usbd_ctlreq.o
    0x080064dc   0x080064dc   0x00000060   Code   RO         1076    i.SendToPi_task     spi_task.o
    0x0800653c   0x0800653c   0x0000002c   Code   RO          333    i.SetI2CAsSlave     main.o
    0x08006568   0x08006568   0x00000008   Code   RO          838    i.SysTick_Handler   stm32f4xx_it.o
    0x08006570   0x08006570   0x000000b0   Code   RO          334    i.SystemClock_Config  main.o
    0x08006620   0x08006620   0x0000001c   Code   RO         5541    i.SystemInit        system_stm32f4xx.o
    0x0800663c   0x0800663c   0x00000114   Code   RO          839    i.TIM3_IRQHandler   stm32f4xx_it.o
    0x08006750   0x08006750   0x000000a4   Code   RO         3588    i.TIM_Base_SetConfig  stm32f4xx_hal_tim.o
    0x080067f4   0x080067f4   0x00000016   Code   RO         3599    i.TIM_ETR_SetConfig  stm32f4xx_hal_tim.o
    0x0800680a   0x0800680a   0x00000012   Code   RO         3600    i.TIM_ITRx_SetConfig  stm32f4xx_hal_tim.o
    0x0800681c   0x0800681c   0x00000026   Code   RO         3606    i.TIM_TI1_ConfigInputStage  stm32f4xx_hal_tim.o
    0x08006842   0x08006842   0x00000028   Code   RO         3608    i.TIM_TI2_ConfigInputStage  stm32f4xx_hal_tim.o
    0x0800686a   0x0800686a   0x0000003a   Code   RO         1111    i.TemperatureToRGB  uvc_task.o
    0x080068a4   0x080068a4   0x00000014   Code   RO         4475    i.UART_DMAAbortOnError  stm32f4xx_hal_uart.o
    0x080068b8   0x080068b8   0x00000050   Code   RO         4476    i.UART_DMAError     stm32f4xx_hal_uart.o
    0x08006908   0x08006908   0x00000046   Code   RO         4477    i.UART_DMAReceiveCplt  stm32f4xx_hal_uart.o
    0x0800694e   0x0800694e   0x0000000e   Code   RO         4479    i.UART_DMARxHalfCplt  stm32f4xx_hal_uart.o
    0x0800695c   0x0800695c   0x00000036   Code   RO         4481    i.UART_DMATransmitCplt  stm32f4xx_hal_uart.o
    0x08006992   0x08006992   0x0000000e   Code   RO         4483    i.UART_DMATxHalfCplt  stm32f4xx_hal_uart.o
    0x080069a0   0x080069a0   0x00000020   Code   RO         4485    i.UART_EndRxTransfer  stm32f4xx_hal_uart.o
    0x080069c0   0x080069c0   0x00000020   Code   RO         4486    i.UART_EndTransmit_IT  stm32f4xx_hal_uart.o
    0x080069e0   0x080069e0   0x00000014   Code   RO         4487    i.UART_EndTxTransfer  stm32f4xx_hal_uart.o
    0x080069f4   0x080069f4   0x000000a6   Code   RO         4488    i.UART_Receive_IT   stm32f4xx_hal_uart.o
    0x08006a9a   0x08006a9a   0x00000002   PAD
    0x08006a9c   0x08006a9c   0x000003e8   Code   RO         4489    i.UART_SetConfig    stm32f4xx_hal_uart.o
    0x08006e84   0x08006e84   0x00000068   Code   RO         4490    i.UART_Transmit_IT  stm32f4xx_hal_uart.o
    0x08006eec   0x08006eec   0x000000e0   Code   RO          840    i.USART1_IRQHandler  stm32f4xx_it.o
    0x08006fcc   0x08006fcc   0x00000010   Code   RO          841    i.USART2_IRQHandler  stm32f4xx_it.o
    0x08006fdc   0x08006fdc   0x0000001c   Code   RO         5685    i.USBD_ClrClassConfig  usbd_core.o
    0x08006ff8   0x08006ff8   0x0000003e   Code   RO         5830    i.USBD_ClrFeature   usbd_ctlreq.o
    0x08007036   0x08007036   0x00000018   Code   RO         5938    i.USBD_CtlContinueRx  usbd_ioreq.o
    0x0800704e   0x0800704e   0x00000018   Code   RO         5939    i.USBD_CtlContinueSendData  usbd_ioreq.o
    0x08007066   0x08007066   0x00000018   Code   RO         5831    i.USBD_CtlError     usbd_ctlreq.o
    0x0800707e   0x0800707e   0x00000028   Code   RO         5940    i.USBD_CtlPrepareRx  usbd_ioreq.o
    0x080070a6   0x080070a6   0x0000001a   Code   RO         5941    i.USBD_CtlReceiveStatus  usbd_ioreq.o
    0x080070c0   0x080070c0   0x00000022   Code   RO         5942    i.USBD_CtlSendData  usbd_ioreq.o
    0x080070e2   0x080070e2   0x0000001a   Code   RO         5943    i.USBD_CtlSendStatus  usbd_ioreq.o
    0x080070fc   0x080070fc   0x00000048   Code   RO          744    i.USBD_FS_ConfigStrDescriptor  usbd_desc.o
    0x08007144   0x08007144   0x00000010   Code   RO          745    i.USBD_FS_DeviceDescriptor  usbd_desc.o
    0x08007154   0x08007154   0x00000044   Code   RO          746    i.USBD_FS_InterfaceStrDescriptor  usbd_desc.o
    0x08007198   0x08007198   0x00000010   Code   RO          747    i.USBD_FS_LangIDStrDescriptor  usbd_desc.o
    0x080071a8   0x080071a8   0x00000024   Code   RO          748    i.USBD_FS_ManufacturerStrDescriptor  usbd_desc.o
    0x080071cc   0x080071cc   0x0000004c   Code   RO          749    i.USBD_FS_ProductStrDescriptor  usbd_desc.o
    0x08007218   0x08007218   0x00000080   Code   RO          750    i.USBD_FS_SerialStrDescriptor  usbd_desc.o
    0x08007298   0x08007298   0x00000056   Code   RO         5832    i.USBD_GetConfig    usbd_ctlreq.o
    0x080072ee   0x080072ee   0x000001fc   Code   RO         5833    i.USBD_GetDescriptor  usbd_ctlreq.o
    0x080074ea   0x080074ea   0x00000016   Code   RO         5834    i.USBD_GetLen       usbd_ctlreq.o
    0x08007500   0x08007500   0x0000005a   Code   RO         5835    i.USBD_GetStatus    usbd_ctlreq.o
    0x0800755a   0x0800755a   0x00000054   Code   RO         5836    i.USBD_GetString    usbd_ctlreq.o
    0x080075ae   0x080075ae   0x00000044   Code   RO         5687    i.USBD_Init         usbd_core.o
    0x080075f2   0x080075f2   0x00000014   Code   RO          563    i.USBD_LL_ClearStallEP  usbd_conf.o
    0x08007606   0x08007606   0x00000014   Code   RO          564    i.USBD_LL_CloseEP   usbd_conf.o
    0x0800761a   0x0800761a   0x000000e6   Code   RO         5688    i.USBD_LL_DataInStage  usbd_core.o
    0x08007700   0x08007700   0x00000092   Code   RO         5689    i.USBD_LL_DataOutStage  usbd_core.o
    0x08007792   0x08007792   0x00000006   Code   RO         5690    i.USBD_LL_DevConnected  usbd_core.o
    0x08007798   0x08007798   0x00000020   Code   RO         5691    i.USBD_LL_DevDisconnected  usbd_core.o
    0x080077b8   0x080077b8   0x00000014   Code   RO          567    i.USBD_LL_FlushEP   usbd_conf.o
    0x080077cc   0x080077cc   0x00000012   Code   RO          568    i.USBD_LL_GetRxDataSize  usbd_conf.o
    0x080077de   0x080077de   0x00000002   PAD
    0x080077e0   0x080077e0   0x0000006c   Code   RO          569    i.USBD_LL_Init      usbd_conf.o
    0x0800784c   0x0800784c   0x00000038   Code   RO          570    i.USBD_LL_IsStallEP  usbd_conf.o
    0x08007884   0x08007884   0x00000006   Code   RO         5692    i.USBD_LL_IsoINIncomplete  usbd_core.o
    0x0800788a   0x0800788a   0x00000006   Code   RO         5693    i.USBD_LL_IsoOUTIncomplete  usbd_core.o
    0x08007890   0x08007890   0x00000020   Code   RO          571    i.USBD_LL_OpenEP    usbd_conf.o
    0x080078b0   0x080078b0   0x00000020   Code   RO          572    i.USBD_LL_PrepareReceive  usbd_conf.o
    0x080078d0   0x080078d0   0x0000005a   Code   RO         5694    i.USBD_LL_Reset     usbd_core.o
    0x0800792a   0x0800792a   0x00000016   Code   RO         5695    i.USBD_LL_Resume    usbd_core.o
    0x08007940   0x08007940   0x00000022   Code   RO         5696    i.USBD_LL_SOF       usbd_core.o
    0x08007962   0x08007962   0x00000008   Code   RO         5697    i.USBD_LL_SetSpeed  usbd_core.o
    0x0800796a   0x0800796a   0x00000014   Code   RO          573    i.USBD_LL_SetUSBAddress  usbd_conf.o
    0x0800797e   0x0800797e   0x00000076   Code   RO         5698    i.USBD_LL_SetupStage  usbd_core.o
    0x080079f4   0x080079f4   0x00000014   Code   RO          574    i.USBD_LL_StallEP   usbd_conf.o
    0x08007a08   0x08007a08   0x00000010   Code   RO          575    i.USBD_LL_Start     usbd_conf.o
    0x08007a18   0x08007a18   0x00000014   Code   RO         5699    i.USBD_LL_Suspend   usbd_core.o
    0x08007a2c   0x08007a2c   0x00000020   Code   RO          577    i.USBD_LL_Transmit  usbd_conf.o
    0x08007a4c   0x08007a4c   0x00000036   Code   RO         5837    i.USBD_ParseSetupRequest  usbd_ctlreq.o
    0x08007a82   0x08007a82   0x00000026   Code   RO         5700    i.USBD_RegisterClass  usbd_core.o
    0x08007aa8   0x08007aa8   0x00000006   Code   RO         5701    i.USBD_RunTestMode  usbd_core.o
    0x08007aae   0x08007aae   0x0000005a   Code   RO         5838    i.USBD_SetAddress   usbd_ctlreq.o
    0x08007b08   0x08007b08   0x00000020   Code   RO         5702    i.USBD_SetClassConfig  usbd_core.o
    0x08007b28   0x08007b28   0x000000fc   Code   RO         5839    i.USBD_SetConfig    usbd_ctlreq.o
    0x08007c24   0x08007c24   0x00000018   Code   RO         5840    i.USBD_SetFeature   usbd_ctlreq.o
    0x08007c3c   0x08007c3c   0x0000000c   Code   RO         5703    i.USBD_Start        usbd_core.o
    0x08007c48   0x08007c48   0x000000a6   Code   RO         5841    i.USBD_StdDevReq    usbd_ctlreq.o
    0x08007cee   0x08007cee   0x0000022a   Code   RO         5842    i.USBD_StdEPReq     usbd_ctlreq.o
    0x08007f18   0x08007f18   0x0000007e   Code   RO         5843    i.USBD_StdItfReq    usbd_ctlreq.o
    0x08007f96   0x08007f96   0x0000001a   Code   RO         5577    i.USBD_UVC_DataIn   usbd_uvc.o
    0x08007fb0   0x08007fb0   0x00000034   Code   RO         5578    i.USBD_UVC_DataOut  usbd_uvc.o
    0x08007fe4   0x08007fe4   0x00000038   Code   RO         5579    i.USBD_UVC_DeInit   usbd_uvc.o
    0x0800801c   0x0800801c   0x0000007c   Code   RO         5580    i.USBD_UVC_EP0_RxReady  usbd_uvc.o
    0x08008098   0x08008098   0x00000010   Code   RO         5581    i.USBD_UVC_GetDeviceQualifierDescriptor  usbd_uvc.o
    0x080080a8   0x080080a8   0x00000024   Code   RO         5582    i.USBD_UVC_GetFSCfgDesc  usbd_uvc.o
    0x080080cc   0x080080cc   0x00000056   Code   RO         5583    i.USBD_UVC_Init     usbd_uvc.o
    0x08008122   0x08008122   0x0000000e   Code   RO         5585    i.USBD_UVC_RegisterInterface  usbd_uvc.o
    0x08008130   0x08008130   0x00000006   Code   RO         5586    i.USBD_UVC_SOF      usbd_uvc.o
    0x08008136   0x08008136   0x0000000e   Code   RO         5587    i.USBD_UVC_SetRxBuffer  usbd_uvc.o
    0x08008144   0x08008144   0x00000014   Code   RO         5588    i.USBD_UVC_SetTxBuffer  usbd_uvc.o
    0x08008158   0x08008158   0x000001dc   Code   RO         5589    i.USBD_UVC_Setup    usbd_uvc.o
    0x08008334   0x08008334   0x00000036   Code   RO         5590    i.USBD_UVC_TransmitPacket  usbd_uvc.o
    0x0800836a   0x0800836a   0x00000002   PAD
    0x0800836c   0x0800836c   0x000000d0   Code   RO         1601    i.USB_ActivateEndpoint  stm32f4xx_ll_usb.o
    0x0800843c   0x0800843c   0x00000028   Code   RO         1603    i.USB_ActivateSetup  stm32f4xx_ll_usb.o
    0x08008464   0x08008464   0x00000084   Code   RO         1605    i.USB_CoreInit      stm32f4xx_ll_usb.o
    0x080084e8   0x080084e8   0x0000004c   Code   RO         1606    i.USB_CoreReset     stm32f4xx_ll_usb.o
    0x08008534   0x08008534   0x0000014c   Code   RO         1609    i.USB_DeactivateEndpoint  stm32f4xx_ll_usb.o
    0x08008680   0x08008680   0x00000020   Code   RO         1610    i.USB_DevConnect    stm32f4xx_ll_usb.o
    0x080086a0   0x080086a0   0x00000020   Code   RO         1611    i.USB_DevDisconnect  stm32f4xx_ll_usb.o
    0x080086c0   0x080086c0   0x000001e0   Code   RO         1612    i.USB_DevInit       stm32f4xx_ll_usb.o
    0x080088a0   0x080088a0   0x0000000e   Code   RO         1613    i.USB_DisableGlobalInt  stm32f4xx_ll_usb.o
    0x080088ae   0x080088ae   0x00000002   PAD
    0x080088b0   0x080088b0   0x000001d8   Code   RO         1616    i.USB_EP0StartXfer  stm32f4xx_ll_usb.o
    0x08008a88   0x08008a88   0x00000070   Code   RO         1617    i.USB_EP0_OutStart  stm32f4xx_ll_usb.o
    0x08008af8   0x08008af8   0x0000008e   Code   RO         1618    i.USB_EPClearStall  stm32f4xx_ll_usb.o
    0x08008b86   0x08008b86   0x0000009a   Code   RO         1619    i.USB_EPSetStall    stm32f4xx_ll_usb.o
    0x08008c20   0x08008c20   0x00000344   Code   RO         1620    i.USB_EPStartXfer   stm32f4xx_ll_usb.o
    0x08008f64   0x08008f64   0x0000000e   Code   RO         1621    i.USB_EnableGlobalInt  stm32f4xx_ll_usb.o
    0x08008f72   0x08008f72   0x00000002   PAD
    0x08008f74   0x08008f74   0x0000002c   Code   RO         1622    i.USB_FlushRxFifo   stm32f4xx_ll_usb.o
    0x08008fa0   0x08008fa0   0x00000030   Code   RO         1623    i.USB_FlushTxFifo   stm32f4xx_ll_usb.o
    0x08008fd0   0x08008fd0   0x00000026   Code   RO         1625    i.USB_GetDevSpeed   stm32f4xx_ll_usb.o
    0x08008ff6   0x08008ff6   0x0000000a   Code   RO         1627    i.USB_GetMode       stm32f4xx_ll_usb.o
    0x08009000   0x08009000   0x00000014   Code   RO         1634    i.USB_ReadDevAllInEpInterrupt  stm32f4xx_ll_usb.o
    0x08009014   0x08009014   0x00000014   Code   RO         1635    i.USB_ReadDevAllOutEpInterrupt  stm32f4xx_ll_usb.o
    0x08009028   0x08009028   0x00000032   Code   RO         1636    i.USB_ReadDevInEPInterrupt  stm32f4xx_ll_usb.o
    0x0800905a   0x0800905a   0x0000001a   Code   RO         1637    i.USB_ReadDevOutEPInterrupt  stm32f4xx_ll_usb.o
    0x08009074   0x08009074   0x0000000a   Code   RO         1638    i.USB_ReadInterrupts  stm32f4xx_ll_usb.o
    0x0800907e   0x0800907e   0x00000022   Code   RO         1639    i.USB_ReadPacket    stm32f4xx_ll_usb.o
    0x080090a0   0x080090a0   0x00000036   Code   RO         1641    i.USB_SetCurrentMode  stm32f4xx_ll_usb.o
    0x080090d6   0x080090d6   0x0000002a   Code   RO         1642    i.USB_SetDevAddress  stm32f4xx_ll_usb.o
    0x08009100   0x08009100   0x00000012   Code   RO         1643    i.USB_SetDevSpeed   stm32f4xx_ll_usb.o
    0x08009112   0x08009112   0x00000002   PAD
    0x08009114   0x08009114   0x000000e8   Code   RO         1644    i.USB_SetTurnaroundTime  stm32f4xx_ll_usb.o
    0x080091fc   0x080091fc   0x0000003c   Code   RO         1647    i.USB_WritePacket   stm32f4xx_ll_usb.o
    0x08009238   0x08009238   0x0000000a   Code   RO           13    i.UVC_Control       usbd_uvc_if.o
    0x08009242   0x08009242   0x00000004   Code   RO           14    i.UVC_DeInit_FS     usbd_uvc_if.o
    0x08009246   0x08009246   0x00000002   PAD
    0x08009248   0x08009248   0x00000034   Code   RO           15    i.UVC_Init_FS       usbd_uvc_if.o
    0x0800927c   0x0800927c   0x00000006   Code   RO           16    i.UVC_Receive_FS    usbd_uvc_if.o
    0x08009282   0x08009282   0x00000002   PAD
    0x08009284   0x08009284   0x00000034   Code   RO           17    i.UVC_Transmit_FS   usbd_uvc_if.o
    0x080092b8   0x080092b8   0x000000ca   Code   RO           18    i.UVC_VC_ControlGet  usbd_uvc_if.o
    0x08009382   0x08009382   0x00000052   Code   RO           19    i.UVC_VC_ControlSet  usbd_uvc_if.o
    0x080093d4   0x080093d4   0x000000f4   Code   RO           20    i.UVC_VS_ControlGet  usbd_uvc_if.o
    0x080094c8   0x080094c8   0x0000007c   Code   RO           21    i.UVC_VS_ControlSet  usbd_uvc_if.o
    0x08009544   0x08009544   0x00000004   Code   RO          842    i.UsageFault_Handler  stm32f4xx_it.o
    0x08009548   0x08009548   0x00000060   Code   RO          255    i.VC_VIGIL_GetAttribute  usbd_uvc_lepton_xu.o
    0x080095a8   0x080095a8   0x0000007c   Code   RO          256    i.VC_VIGIL_GetAttributeLen  usbd_uvc_lepton_xu.o
    0x08009624   0x08009624   0x0000007e   Code   RO          257    i.VC_VIGIL_GetMaxValue  usbd_uvc_lepton_xu.o
    0x080096a2   0x080096a2   0x0000005c   Code   RO          258    i.VC_VIGIL_RunCommand  usbd_uvc_lepton_xu.o
    0x080096fe   0x080096fe   0x00000066   Code   RO          259    i.VC_VIGIL_SetAttribute  usbd_uvc_lepton_xu.o
    0x08009764   0x08009764   0x00000034   Code   RO         6220    i.__0snprintf$8     mc_w.l(printf8.o)
    0x08009798   0x08009798   0x00000010   Code   RO         2796    i.__NVIC_GetPriorityGrouping  stm32f4xx_hal_cortex.o
    0x080097a8   0x080097a8   0x00000028   Code   RO         2797    i.__NVIC_SetPriority  stm32f4xx_hal_cortex.o
    0x080097d0   0x080097d0   0x00000008   Code   RO         6346    i.__aeabi_errno_addr  mc_w.l(errno.o)
    0x080097d8   0x080097d8   0x0000000e   Code   RO         6402    i.__scatterload_copy  mc_w.l(handlers.o)
    0x080097e6   0x080097e6   0x00000002   Code   RO         6403    i.__scatterload_null  mc_w.l(handlers.o)
    0x080097e8   0x080097e8   0x0000000e   Code   RO         6404    i.__scatterload_zeroinit  mc_w.l(handlers.o)
    0x080097f6   0x080097f6   0x00000002   PAD
    0x080097f8   0x080097f8   0x00000404   Code   RO         6226    i._printf_core      mc_w.l(printf8.o)
    0x08009bfc   0x08009bfc   0x00000024   Code   RO         6227    i._printf_post_padding  mc_w.l(printf8.o)
    0x08009c20   0x08009c20   0x0000002e   Code   RO         6228    i._printf_pre_padding  mc_w.l(printf8.o)
    0x08009c4e   0x08009c4e   0x00000016   Code   RO         6229    i._snputc           mc_w.l(printf8.o)
    0x08009c64   0x08009c64   0x00000050   Code   RO         6273    i.free              mc_w.l(malloc.o)
    0x08009cb4   0x08009cb4   0x00000074   Code   RO         1156    i.getAvailableNeighbor  detectbadframe.o
    0x08009d28   0x08009d28   0x0000007a   Code   RO         1157    i.getNeighborAvg    detectbadframe.o
    0x08009da2   0x08009da2   0x00000002   PAD
    0x08009da4   0x08009da4   0x00000264   Code   RO          336    i.main              main.o
    0x0800a008   0x0800a008   0x0000006c   Code   RO         6274    i.malloc            mc_w.l(malloc.o)
    0x0800a074   0x0800a074   0x00000294   Code   RO         1112    i.uvc_task          uvc_task.o
    0x0800a308   0x0800a308   0x00000108   Data   RO           22    .constdata          usbd_uvc_if.o
    0x0800a410   0x0800a410   0x00000a0c   Data   RO          338    .constdata          main.o
    0x0800ae1c   0x0800ae1c   0x00000008   Data   RO         2489    .constdata          stm32f4xx_hal_dma.o
    0x0800ae24   0x0800ae24   0x00000018   Data   RO         5542    .constdata          system_stm32f4xx.o
    0x0800ae3c   0x0800ae3c   0x00000081   Data   RO         6368    .constdata          mc_w.l(ctype_o.o)
    0x0800aebd   0x0800aebd   0x00000003   PAD
    0x0800aec0   0x0800aec0   0x00000004   Data   RO         6369    .constdata          mc_w.l(ctype_o.o)
    0x0800aec4   0x0800aec4   0x00000020   Data   RO         6400    Region$$Table       anon$$obj.o


    Execution Region RW_IRAM1 (Exec base: 0x20000000, Load base: 0x0800aee4, Size: 0x0001e760, Max: 0x00020000, ABSOLUTE, COMPRESSED[0x00000204])

    Exec Addr    Load Addr    Size         Type   Attr      Idx    E Section Name        Object

    0x20000000   COMPRESSED   0x00000074   Data   RW           23    .data               usbd_uvc_if.o
    0x20000074   COMPRESSED   0x00004d2c   Data   RW          339    .data               main.o
    0x20004da0   COMPRESSED   0x00000034   Data   RW          753    .data               usbd_desc.o
    0x20004dd4   COMPRESSED   0x0000001a   Data   RW          844    .data               stm32f4xx_it.o
    0x20004dee   COMPRESSED   0x00000002   PAD
    0x20004df0   COMPRESSED   0x00000020   Data   RW         1115    .data               uvc_task.o
    0x20004e10   COMPRESSED   0x0000000d   Data   RW         1159    .data               detectbadframe.o
    0x20004e1d   COMPRESSED   0x00000003   PAD
    0x20004e20   COMPRESSED   0x00000009   Data   RW         2945    .data               stm32f4xx_hal.o
    0x20004e29   COMPRESSED   0x00000003   PAD
    0x20004e2c   COMPRESSED   0x00000004   Data   RW         5543    .data               system_stm32f4xx.o
    0x20004e30   COMPRESSED   0x0000022a   Data   RW         5592    .data               usbd_uvc.o
    0x2000505a   COMPRESSED   0x00000001   Data   RW         5845    .data               usbd_ctlreq.o
    0x2000505b   COMPRESSED   0x00000001   PAD
    0x2000505c   COMPRESSED   0x00000004   Data   RW         6344    .data               mc_w.l(mvars.o)
    0x20005060   COMPRESSED   0x00000004   Data   RW         6345    .data               mc_w.l(mvars.o)
    0x20005064   COMPRESSED   0x00000004   Data   RW         6349    .data               mc_w.l(errno.o)
    0x20005068        -       0x0000cdb8   Zero   RW          337    .bss                main.o
    0x20011e20        -       0x000002d0   Zero   RW          519    .bss                usb_device.o
    0x200120f0        -       0x00000408   Zero   RW          578    .bss                usbd_conf.o
    0x200124f8        -       0x00000200   Zero   RW          751    .bss                usbd_desc.o
    0x200126f8        -       0x000003ff   Zero   RW         1113    .bss                uvc_task.o
    0x20012af7   COMPRESSED   0x00000001   PAD
    0x20012af8        -       0x0000b064   Zero   RW         1158    .bss                detectbadframe.o
    0x2001db5c   COMPRESSED   0x00000004   PAD
    0x2001db60        -       0x00000600   Zero   RW            2    HEAP                startup_stm32f411xe.o
    0x2001e160        -       0x00000600   Zero   RW            1    STACK               startup_stm32f411xe.o


==============================================================================

Image component sizes


      Code (inc. data)   RO Data    RW Data    ZI Data      Debug   Object Name

      2166        108          0         13      45156       8817   detectbadframe.o
      2578        306       2572      19756      52664      18678   main.o
        96         18          0          0          0       1417   spi_task.o
        36          8        408          0       3072        852   startup_stm32f411xe.o
       212         36          0          9          0       9485   stm32f4xx_hal.o
      1378         60          0          0          0       7026   stm32f4xx_hal_adc.o
       372         28          0          0          0      35313   stm32f4xx_hal_cortex.o
      1442         16          8          0          0       7893   stm32f4xx_hal_dma.o
       524         36          0          0          0       3794   stm32f4xx_hal_gpio.o
      4558         48          0          0          0      24511   stm32f4xx_hal_i2c.o
      1456        116          0          0          0       5378   stm32f4xx_hal_msp.o
      3296         14          0          0          0     460440   stm32f4xx_hal_pcd.o
        90          0          0          0          0       2613   stm32f4xx_hal_pcd_ex.o
      1800         84          0          0          0       5836   stm32f4xx_hal_rcc.o
      2378         62          0          0          0      17665   stm32f4xx_hal_spi.o
      1098         30          0          0          0      11068   stm32f4xx_hal_tim.o
       160         22          0          0          0       2665   stm32f4xx_hal_tim_ex.o
      2524         40          0          0          0      15645   stm32f4xx_hal_uart.o
       858        180          0         26          0      14189   stm32f4xx_it.o
      3782        102          0          0          0      23222   stm32f4xx_ll_usb.o
        28          4         24          4          0       1295   system_stm32f4xx.o
        60         16          0          0        720        792   usb_device.o
       794         20          0          0       1032      15580   usbd_conf.o
       902          0          0          0          0      13537   usbd_core.o
      2160         28          0          1          0      17240   usbd_ctlreq.o
       412        186          0         52        512       5855   usbd_desc.o
       174          0          0          0          0       4904   usbd_ioreq.o
       980         44          0        554          0      19748   usbd_uvc.o
       776         78        264        116          0     486697   usbd_uvc_if.o
       540         50          0          0          0       4424   usbd_uvc_lepton_xu.o
       718         64          0         32       1023       3162   uvc_task.o

    ----------------------------------------------------------------------
     38392       1804       3308      20572     104184    1249741   Object Totals
         0          0         32          0          0          0   (incl. Generated)
        44          0          0          9          5          0   (incl. Padding)

    ----------------------------------------------------------------------

      Code (inc. data)   RO Data    RW Data    ZI Data      Debug   Library Member Name

        86          0          0          0          0          0   __dczerorl2.o
        28          0          0          0          0         68   _chval.o
       158          0          0          0          0         92   _strtoul.o
        26          0          0          0          0         80   atoi.o
         8          4        133          0          0         68   ctype_o.o
         0          0          0          0          0          0   entry.o
         0          0          0          0          0          0   entry10a.o
         0          0          0          0          0          0   entry11a.o
         4          0          0          0          0          0   entry12b.o
         8          4          0          0          0          0   entry2.o
         4          0          0          0          0          0   entry5.o
         0          0          0          0          0          0   entry7b.o
         0          0          0          0          0          0   entry8b.o
         8          4          0          0          0          0   entry9a.o
         8          4          0          4          0         68   errno.o
        30          0          0          0          0          0   handlers.o
        36          8          0          0          0         68   init.o
         0          0          0          0          0          0   iusefp.o
        30          0          0          0          0         68   llshl.o
        36          0          0          0          0         68   llsshr.o
        32          0          0          0          0         68   llushr.o
       188         20          0          0          0        160   malloc.o
        36          0          0          0          0         68   memcpya.o
        36          0          0          0          0        108   memseta.o
         0          0          0          8          0          0   mvars.o
      1184         48          0          0          0        424   printf8.o
       112          0          0          0          0         88   strtol.o
        98          0          0          0          0         92   uldiv.o
        48          0          0          0          0         68   cdrcmple.o
       334          0          0          0          0        148   dadd.o
       186          0          0          0          0        176   depilogue.o
        62          0          0          0          0         80   dfixi.o
        50          0          0          0          0         76   dfixui.o
        34          0          0          0          0         76   dflti.o
        26          0          0          0          0         76   dfltui.o
        38          0          0          0          0         68   f2d.o

    ----------------------------------------------------------------------
      2936         92        136         12          0       2356   Library Totals
         2          0          3          0          0          0   (incl. Padding)

    ----------------------------------------------------------------------

      Code (inc. data)   RO Data    RW Data    ZI Data      Debug   Library Name

      2156         92        133         12          0       1588   mc_w.l
       778          0          0          0          0        768   mf_w.l

    ----------------------------------------------------------------------
      2936         92        136         12          0       2356   Library Totals

    ----------------------------------------------------------------------

==============================================================================


      Code (inc. data)   RO Data    RW Data    ZI Data      Debug   

     41328       1896       3444      20584     104184    1217333   Grand Totals
     41328       1896       3444        516     104184    1217333   ELF Image Totals (compressed)
     41328       1896       3444        516          0          0   ROM Totals

==============================================================================

    Total RO  Size (Code + RO Data)                44772 (  43.72kB)
    Total RW  Size (RW Data + ZI Data)            124768 ( 121.84kB)
    Total ROM Size (Code + RO Data + RW Data)      45288 (  44.23kB)

==============================================================================

