<html>
<body>
<pre>
<h1>µVision Build Log</h1>
<h2>Tool Versions:</h2>
IDE-Version: £gVision V5.33.0.0
Copyright (C) 2020 ARM Ltd and ARM Germany GmbH. All rights reserved.
License Information: Ethan Zhao, ADE, LIC=X1E4T-RD6ND-8YFVV-PCTT7-V9YMH-LPG8L
 
Tool Versions:
Toolchain:       MDK-ARM Professional  Version: 5.33.0.0
Toolchain Path:  C:\Keil_v5\ARM\ARMCC\Bin
C Compiler:      Armcc.exe V5.06 update 7 (build 960)
Assembler:       Armasm.exe V5.06 update 7 (build 960)
Linker/Locator:  ArmLink.exe V5.06 update 7 (build 960)
Library Manager: ArmAr.exe V5.06 update 7 (build 960)
Hex Converter:   FromElf.exe V5.06 update 7 (build 960)
CPU DLL:         SARMCM3.DLL V5.33.0.0
Dialog DLL:      DCM.DLL V1.17.3.0
Target DLL:      STLink\ST-LINKIII-KEIL_SWO.dll V3.0.8.0
Dialog DLL:      TCM.DLL V1.48.0.0
 
<h2>Project:</h2>
C:\Users\ADE\Desktop\adlr064uvcf411_psp_footer\MDK-ARM\ADL064UVCF411.uvprojx
Project File Date:  06/09/2021

<h2>Output:</h2>
*** Using Compiler 'V5.06 update 7 (build 960)', folder: 'C:\Keil_v5\ARM\ARMCC\Bin'
Build target 'ADL064UVCF411'
compiling main.c...
../Src/main.c(145): warning:  #1295-D: Deprecated declaration I2C_reset - give arg types
  void I2C_reset();
../Src/main.c(146): warning:  #1295-D: Deprecated declaration ADC_Start - give arg types
  void ADC_Start();
../Src/main.c(147): warning:  #1295-D: Deprecated declaration SetI2CAsSlave - give arg types
  void SetI2CAsSlave();
../Src/main.c(148): warning:  #1295-D: Deprecated declaration DetectBadFrameInit - give arg types
  void DetectBadFrameInit();
../Src/main.c(149): warning:  #1295-D: Deprecated declaration CheckThermalReady - give arg types
  void CheckThermalReady();
../Src/main.c(224): warning:  #177-D: variable "i"  was declared but never referenced
  	uint16_t i;
../Src/main.c(237): warning:  #177-D: variable "temp"  was declared but never referenced
  	uint16_t temp;
../Src/main.c(253): warning:  #177-D: variable "iDX"  was declared but never referenced
  	int iDX = 0;
../Src/main.c(877): warning:  #1035-D: single-precision operand implicitly converted to double-precision
  	ADC_Step = value_f+0.5;
../Src/main.c(867): warning:  #177-D: variable "ADC_Value"  was declared but never referenced
  	static float ADC_Value;
../Src/main.c(870): warning:  #177-D: variable "temp"  was declared but never referenced
  	int temp,number,ADC_Step;
../Src/main.c(870): warning:  #177-D: variable "number"  was declared but never referenced
  	int temp,number,ADC_Step;
../Src/main.c(924): warning:  #550-D: variable "status"  was set but never used
  		HAL_StatusTypeDef status;
../Src/main.c(920): warning:  #177-D: variable "cnt"  was declared but never referenced
  	static int cnt = 0;
../Src/main.c(500): warning:  #177-D: function "MX_USART2_UART_Init"  was declared but never referenced
  static void MX_USART2_UART_Init(void)
../Src/main.c: 15 warnings, 0 errors
linking...
Program Size: Code=41328 RO-data=3444 RW-data=20584 ZI-data=104184  
FromELF: creating hex file...
"ADL064UVCF411\ADL064UVCF411.axf" - 0 Error(s), 15 Warning(s).

<h2>Software Packages used:</h2>

Package Vendor: ARM
                http://www.keil.com/pack/ARM.CMSIS.5.7.0.pack
                ARM.CMSIS.5.7.0
                CMSIS (Cortex Microcontroller Software Interface Standard)
   * Component: CORE Version: 5.4.0

Package Vendor: Keil
                http://www.keil.com/pack/Keil.STM32F4xx_DFP.2.15.0.pack
                Keil.STM32F4xx_DFP.2.15.0
                STMicroelectronics STM32F4 Series Device Support, Drivers and Examples

<h2>Collection of Component include folders:</h2>
  .\RTE\_ADL064UVCF411
  C:\Users\ADE\AppData\Local\Arm\Packs\ARM\CMSIS\5.7.0\CMSIS\Core\Include
  C:\Users\ADE\AppData\Local\Arm\Packs\Keil\STM32F4xx_DFP\2.15.0\Drivers\CMSIS\Device\ST\STM32F4xx\Include

<h2>Collection of Component Files used:</h2>

   * Component: ARM::CMSIS:CORE:5.4.0
Build Time Elapsed:  00:00:03
</pre>
</body>
</html>
